2025-08-23 18:37:46 - bovada - INFO - Logger initialized for bovada scraper
2025-08-23 18:37:46 - bovada - INFO - Log file: scraper_logs/bovada.log
2025-08-23 18:37:46 - bovada - INFO - [INIT] | Initializing Bovada scraper
2025-08-23 18:37:47 - bovada - INFO - [INIT_COMPLETE] | Loaded 259 odds mappings, 293 countries
2025-08-23 18:37:47 - bovada - INFO - [START] | Starting Bovada navigation scraping
2025-08-23 18:37:51 - bovada - INFO - [NAVIGATION_PARSED] | Found 27 sport categories
2025-08-23 18:37:51 - bovada - INFO - [SPORTS_FILTERED] | Processing 14 valid sports out of 27
2025-08-23 18:37:52 - bovada - INFO - [SUBCATEGORY_PARSED] | Found 9 subcategories for Snooker
2025-08-23 18:37:53 - bovada - INFO - [SUBCATEGORY_PARSED] | Found 9 subcategories for Snooker
2025-08-23 18:37:53 - bovada - INFO - [SUBCATEGORY_PARSED] | Found 10 subcategories for Snooker
2025-08-23 18:37:53 - bovada - INFO - [SUBCATEGORY_PARSED] | Found 16 subcategories for Snooker
2025-08-23 18:37:53 - bovada - INFO - [SUBCATEGORY_PARSED] | Found 6 subcategories for Snooker
2025-08-23 18:37:53 - bovada - INFO - [SUBCATEGORY_PARSED] | Found 21 subcategories for Snooker
2025-08-23 18:37:54 - bovada - INFO - [SUBCATEGORY_PARSED] | Found 5 subcategories for Snooker
2025-08-23 18:37:54 - bovada - INFO - [SUBCATEGORY_PARSED] | Found 3 subcategories for Snooker
2025-08-23 18:37:54 - bovada - INFO - [SUBCATEGORY_PARSED] | Found 7 subcategories for Snooker
2025-08-23 18:37:54 - bovada - INFO - [SUBCATEGORY_PARSED] | Found 2 subcategories for Snooker
2025-08-23 18:37:55 - bovada - INFO - [MATCH_DATA_EXTRACTED] | Processing 3 matches from league
2025-08-23 18:37:55 - bovada - INFO - [MATCH_DATA_EXTRACTED] | Processing 1 matches from league
2025-08-23 18:37:56 - bovada - INFO - [MATCH_DATA_EXTRACTED] | Processing 13 matches from league
2025-08-23 18:37:56 - bovada - INFO - [MATCH_DATA_EXTRACTED] | Processing 2 matches from league
2025-08-23 18:37:56 - bovada - INFO - [MATCH_DATA_EXTRACTED] | Processing 3 matches from league
2025-08-23 18:37:56 - bovada - INFO - [MATCH_DATA_EXTRACTED] | Processing 3 matches from league
2025-08-23 18:37:56 - bovada - INFO - [MATCH_DATA_EXTRACTED] | Processing 1 matches from league
2025-08-23 18:37:56 - bovada - INFO - [MATCH_DATA_EXTRACTED] | Processing 9 matches from league
2025-08-23 18:37:56 - bovada - INFO - [MATCH_DATA_EXTRACTED] | Processing 1 matches from league
2025-08-23 18:37:56 - bovada - INFO - [MATCH_DATA_EXTRACTED] | Processing 1 matches from league
2025-08-23 18:37:56 - bovada - INFO - [MATCH_DATA_EXTRACTED] | Processing 1 matches from league
2025-08-23 18:37:57 - bovada - INFO - [MATCH_DATA_EXTRACTED] | Processing 2 matches from league
2025-08-23 18:37:58 - bovada - INFO - [MATCH_DATA_EXTRACTED] | Processing 1 matches from league
2025-08-23 18:37:58 - bovada - INFO - [MATCH_DATA_EXTRACTED] | Processing 1 matches from league
2025-08-23 18:37:58 - bovada - INFO - [MATCH_DATA_EXTRACTED] | Processing 1 matches from league
2025-08-23 18:37:58 - bovada - INFO - [MATCH_DATA_EXTRACTED] | Processing 7 matches from league
2025-08-23 18:37:59 - bovada - INFO - [MATCH_DATA_EXTRACTED] | Processing 1 matches from league
2025-08-23 18:38:05 - bovada - INFO - [MATCH_DATA_EXTRACTED] | Processing 4 matches from league
2025-08-23 18:38:05 - bovada - INFO - [MATCH_DATA_EXTRACTED] | Processing 3 matches from league
2025-08-23 18:38:06 - bovada - INFO - [MATCH_DATA_EXTRACTED] | Processing 4 matches from league
2025-08-23 18:38:06 - bovada - INFO - [MATCH_DATA_EXTRACTED] | Processing 4 matches from league
2025-08-23 18:38:06 - bovada - INFO - [PROGRESS_UPDATE] | Processed 50 matches, Success: 50, Failed: 0
2025-08-23 18:38:06 - bovada - INFO - [MATCH_DATA_EXTRACTED] | Processing 1 matches from league
2025-08-23 18:38:06 - bovada - INFO - [MATCH_DATA_EXTRACTED] | Processing 1 matches from league
2025-08-23 18:38:06 - bovada - INFO - [MATCH_DATA_EXTRACTED] | Processing 10 matches from league
2025-08-23 18:38:06 - bovada - INFO - [MATCH_DATA_EXTRACTED] | Processing 2 matches from league
2025-08-23 18:38:06 - bovada - INFO - [MATCH_DATA_EXTRACTED] | Processing 3 matches from league
2025-08-23 18:38:06 - bovada - INFO - [MATCH_DATA_EXTRACTED] | Processing 1 matches from league
2025-08-23 18:38:07 - bovada - INFO - [MATCH_DATA_EXTRACTED] | Processing 1 matches from league
2025-08-23 18:38:07 - bovada - INFO - [MATCH_DATA_EXTRACTED] | Processing 1 matches from league
2025-08-23 18:38:07 - bovada - INFO - [MATCH_DATA_EXTRACTED] | Processing 10 matches from league
2025-08-23 18:38:07 - bovada - INFO - [MATCH_DATA_EXTRACTED] | Processing 1 matches from league
2025-08-23 18:38:08 - bovada - INFO - [MATCH_DATA_EXTRACTED] | Processing 2 matches from league
2025-08-23 18:38:08 - bovada - INFO - [MATCH_DATA_EXTRACTED] | Processing 2 matches from league
2025-08-23 18:38:08 - bovada - INFO - [MATCH_DATA_EXTRACTED] | Processing 1 matches from league
2025-08-23 18:38:08 - bovada - INFO - [MATCH_DATA_EXTRACTED] | Processing 1 matches from league
2025-08-23 18:38:08 - bovada - INFO - [MATCH_DATA_EXTRACTED] | Processing 1 matches from league
2025-08-23 18:38:08 - bovada - INFO - [MATCH_DATA_EXTRACTED] | Processing 1 matches from league
2025-08-23 18:38:08 - bovada - INFO - [MATCH_DATA_EXTRACTED] | Processing 2 matches from league
2025-08-23 18:38:09 - bovada - INFO - [MATCH_DATA_EXTRACTED] | Processing 1 matches from league
2025-08-23 18:38:09 - bovada - INFO - [MATCH_DATA_EXTRACTED] | Processing 1 matches from league
2025-08-23 18:38:09 - bovada - INFO - [MATCH_DATA_EXTRACTED] | Processing 1 matches from league
2025-08-23 18:38:09 - bovada - INFO - [MATCH_DATA_EXTRACTED] | Processing 2 matches from league
2025-08-23 18:38:09 - bovada - INFO - [MATCH_DATA_EXTRACTED] | Processing 7 matches from league
2025-08-23 18:38:09 - bovada - INFO - [MATCH_DATA_EXTRACTED] | Processing 1 matches from league
2025-08-23 18:38:09 - bovada - INFO - [MATCH_DATA_EXTRACTED] | Processing 1 matches from league
2025-08-23 18:38:09 - bovada - INFO - [MATCH_DATA_EXTRACTED] | Processing 1 matches from league
2025-08-23 18:38:10 - bovada - INFO - [MATCH_DATA_EXTRACTED] | Processing 1 matches from league
2025-08-23 18:38:10 - bovada - INFO - [MATCH_DATA_EXTRACTED] | Processing 1 matches from league
2025-08-23 18:38:10 - bovada - INFO - [MATCH_DATA_EXTRACTED] | Processing 28 matches from league
2025-08-23 18:38:10 - bovada - INFO - [PROGRESS_UPDATE] | Processed 100 matches, Success: 100, Failed: 0
2025-08-23 18:38:10 - bovada - INFO - [MATCH_DATA_EXTRACTED] | Processing 2 matches from league
2025-08-23 18:38:11 - bovada - INFO - [MATCH_DATA_EXTRACTED] | Processing 2 matches from league
2025-08-23 18:38:11 - bovada - INFO - [MATCH_DATA_EXTRACTED] | Processing 1 matches from league
2025-08-23 18:38:11 - bovada - INFO - [MATCH_DATA_EXTRACTED] | Processing 1 matches from league
2025-08-23 18:38:11 - bovada - INFO - [MATCH_DATA_EXTRACTED] | Processing 1 matches from league
2025-08-23 18:38:11 - bovada - INFO - [MATCH_DATA_EXTRACTED] | Processing 1 matches from league
2025-08-23 18:38:11 - bovada - INFO - [MATCH_DATA_EXTRACTED] | Processing 1 matches from league
2025-08-23 18:38:11 - bovada - INFO - [MATCH_DATA_EXTRACTED] | Processing 1 matches from league
2025-08-23 18:38:11 - bovada - INFO - [MATCH_DATA_EXTRACTED] | Processing 1 matches from league
2025-08-23 18:38:11 - bovada - INFO - [MATCH_DATA_EXTRACTED] | Processing 1 matches from league
2025-08-23 18:38:11 - bovada - INFO - [MATCH_DATA_EXTRACTED] | Processing 1 matches from league
2025-08-23 18:38:11 - bovada - INFO - [MATCH_DATA_EXTRACTED] | Processing 1 matches from league
2025-08-23 18:38:11 - bovada - INFO - [MATCH_DATA_EXTRACTED] | Processing 1 matches from league
2025-08-23 18:38:12 - bovada - INFO - [MATCH_DATA_EXTRACTED] | Processing 1 matches from league
2025-08-23 18:38:12 - bovada - INFO - [MATCH_DATA_EXTRACTED] | Processing 2 matches from league
2025-08-23 18:38:12 - bovada - INFO - [MATCH_DATA_EXTRACTED] | Processing 1 matches from league
2025-08-23 18:38:12 - bovada - INFO - [MATCH_DATA_EXTRACTED] | Processing 1 matches from league
2025-08-23 18:38:12 - bovada - INFO - [MATCH_DATA_EXTRACTED] | Processing 1 matches from league
2025-08-23 18:38:12 - bovada - INFO - [MATCH_DATA_EXTRACTED] | Processing 1 matches from league
2025-08-23 18:38:12 - bovada - INFO - [MATCH_DATA_EXTRACTED] | Processing 1 matches from league
2025-08-23 18:38:12 - bovada - INFO - [MATCH_DATA_EXTRACTED] | Processing 1 matches from league
2025-08-23 18:38:13 - bovada - INFO - [MATCH_DATA_EXTRACTED] | Processing 1 matches from league
2025-08-23 18:38:13 - bovada - INFO - [MATCH_DATA_EXTRACTED] | Processing 1 matches from league
2025-08-23 18:38:13 - bovada - INFO - [MATCH_DATA_EXTRACTED] | Processing 1 matches from league
2025-08-23 18:38:13 - bovada - INFO - [MATCH_DATA_EXTRACTED] | Processing 1 matches from league
2025-08-23 18:38:13 - bovada - INFO - [MATCH_DATA_EXTRACTED] | Processing 1 matches from league
2025-08-23 18:38:13 - bovada - INFO - [MATCH_DATA_EXTRACTED] | Processing 1 matches from league
2025-08-23 18:38:13 - bovada - INFO - [MATCH_DATA_EXTRACTED] | Processing 1 matches from league
2025-08-23 18:38:14 - bovada - INFO - [MATCH_DATA_EXTRACTED] | Processing 1 matches from league
2025-08-23 18:38:14 - bovada - INFO - [MATCH_DATA_EXTRACTED] | Processing 1 matches from league
2025-08-23 18:38:14 - bovada - INFO - [MATCH_DATA_EXTRACTED] | Processing 1 matches from league
2025-08-23 18:38:14 - bovada - INFO - [MATCH_DATA_EXTRACTED] | Processing 1 matches from league
2025-08-23 18:38:14 - bovada - INFO - [MATCH_DATA_EXTRACTED] | Processing 1 matches from league
2025-08-23 18:38:14 - bovada - INFO - [MATCH_DATA_EXTRACTED] | Processing 1 matches from league
2025-08-23 18:38:14 - bovada - INFO - [MATCH_DATA_EXTRACTED] | Processing 1 matches from league
2025-08-23 18:38:14 - bovada - INFO - [MATCH_DATA_EXTRACTED] | Processing 1 matches from league
2025-08-23 18:38:14 - bovada - INFO - [MATCH_DATA_EXTRACTED] | Processing 1 matches from league
2025-08-23 18:38:14 - bovada - INFO - [MATCH_DATA_EXTRACTED] | Processing 1 matches from league
2025-08-23 18:38:15 - bovada - INFO - [MATCH_DATA_EXTRACTED] | Processing 1 matches from league
2025-08-23 18:38:15 - bovada - INFO - [MATCH_DATA_EXTRACTED] | Processing 1 matches from league
2025-08-23 18:38:15 - bovada - INFO - [MATCH_DATA_EXTRACTED] | Processing 1 matches from league
2025-08-23 18:38:15 - bovada - INFO - [MATCH_DATA_EXTRACTED] | Processing 1 matches from league
2025-08-23 18:38:15 - bovada - INFO - [MATCH_DATA_EXTRACTED] | Processing 1 matches from league
2025-08-23 18:38:15 - bovada - INFO - [MATCH_DATA_EXTRACTED] | Processing 1 matches from league
2025-08-23 18:38:15 - bovada - INFO - [MATCH_DATA_EXTRACTED] | Processing 1 matches from league
2025-08-23 18:38:16 - bovada - INFO - [MATCH_DATA_EXTRACTED] | Processing 1 matches from league
2025-08-23 18:38:16 - bovada - INFO - [MATCH_DATA_EXTRACTED] | Processing 1 matches from league
2025-08-23 18:38:16 - bovada - INFO - [MATCH_DATA_EXTRACTED] | Processing 1 matches from league
2025-08-23 18:38:16 - bovada - INFO - [MATCH_DATA_EXTRACTED] | Processing 1 matches from league
2025-08-23 18:38:16 - bovada - INFO - [MATCH_DATA_EXTRACTED] | Processing 1 matches from league
2025-08-23 18:38:16 - bovada - INFO - [MATCH_DATA_EXTRACTED] | Processing 1 matches from league
2025-08-23 18:38:16 - bovada - INFO - [MATCH_DATA_EXTRACTED] | Processing 1 matches from league
2025-08-23 18:38:16 - bovada - INFO - [MATCH_DATA_EXTRACTED] | Processing 1 matches from league
2025-08-23 18:38:16 - bovada - INFO - [MATCH_DATA_EXTRACTED] | Processing 1 matches from league
2025-08-23 18:38:16 - bovada - INFO - [MATCH_DATA_EXTRACTED] | Processing 1 matches from league
2025-08-23 18:38:16 - bovada - INFO - [MATCH_DATA_EXTRACTED] | Processing 1 matches from league
2025-08-23 18:38:16 - bovada - INFO - [MATCH_DATA_EXTRACTED] | Processing 1 matches from league
2025-08-23 18:38:17 - bovada - INFO - [MATCH_DATA_EXTRACTED] | Processing 1 matches from league
2025-08-23 18:38:17 - bovada - INFO - [MATCH_DATA_EXTRACTED] | Processing 1 matches from league
2025-08-23 18:38:17 - bovada - INFO - [MATCH_DATA_EXTRACTED] | Processing 1 matches from league
2025-08-23 18:38:17 - bovada - INFO - [MATCH_DATA_EXTRACTED] | Processing 1 matches from league
2025-08-23 18:38:17 - bovada - INFO - [MATCH_DATA_EXTRACTED] | Processing 1 matches from league
2025-08-23 18:38:17 - bovada - INFO - [MATCH_DATA_EXTRACTED] | Processing 1 matches from league
2025-08-23 18:38:17 - bovada - INFO - [MATCH_DATA_EXTRACTED] | Processing 1 matches from league
2025-08-23 18:38:17 - bovada - INFO - [MATCH_DATA_EXTRACTED] | Processing 1 matches from league
2025-08-23 18:38:18 - bovada - INFO - [MATCH_DATA_EXTRACTED] | Processing 1 matches from league
2025-08-23 18:38:18 - bovada - INFO - [MATCH_DATA_EXTRACTED] | Processing 1 matches from league
2025-08-23 18:38:18 - bovada - INFO - [MATCH_DATA_EXTRACTED] | Processing 1 matches from league
2025-08-23 18:38:18 - bovada - INFO - [MATCH_DATA_EXTRACTED] | Processing 1 matches from league
2025-08-23 18:38:18 - bovada - INFO - [MATCH_DATA_EXTRACTED] | Processing 1 matches from league
2025-08-23 18:38:18 - bovada - INFO - [MATCH_DATA_EXTRACTED] | Processing 1 matches from league
2025-08-23 18:38:18 - bovada - INFO - [MATCH_DATA_EXTRACTED] | Processing 1 matches from league
2025-08-23 18:38:18 - bovada - INFO - [MATCH_DATA_EXTRACTED] | Processing 1 matches from league
2025-08-23 18:38:18 - bovada - INFO - [MATCH_DATA_EXTRACTED] | Processing 1 matches from league
2025-08-23 18:38:18 - bovada - INFO - [MATCH_DATA_EXTRACTED] | Processing 1 matches from league
2025-08-23 18:38:18 - bovada - INFO - [MATCH_DATA_EXTRACTED] | Processing 1 matches from league
2025-08-23 18:38:18 - bovada - INFO - [MATCH_DATA_EXTRACTED] | Processing 1 matches from league
2025-08-23 18:38:19 - bovada - INFO - [MATCH_DATA_EXTRACTED] | Processing 1 matches from league
2025-08-23 18:38:19 - bovada - INFO - [MATCH_DATA_EXTRACTED] | Processing 1 matches from league
2025-08-23 18:38:19 - bovada - INFO - [MATCH_DATA_EXTRACTED] | Processing 2 matches from league
2025-08-23 18:38:19 - bovada - INFO - [MATCH_DATA_EXTRACTED] | Processing 1 matches from league
2025-08-23 18:38:19 - bovada - INFO - [MATCH_DATA_EXTRACTED] | Processing 1 matches from league
2025-08-23 18:38:19 - bovada - INFO - [MATCH_DATA_EXTRACTED] | Processing 1 matches from league
2025-08-23 18:38:20 - bovada - INFO - [MATCH_DATA_EXTRACTED] | Processing 1 matches from league
2025-08-23 18:38:20 - bovada - INFO - [MATCH_DATA_EXTRACTED] | Processing 3 matches from league
2025-08-23 18:38:20 - bovada - INFO - [MATCH_DATA_EXTRACTED] | Processing 2 matches from league
2025-08-23 18:38:20 - bovada - INFO - [MATCH_DATA_EXTRACTED] | Processing 1 matches from league
2025-08-23 18:38:20 - bovada - INFO - [MATCH_DATA_EXTRACTED] | Processing 1 matches from league
2025-08-23 18:38:20 - bovada - INFO - [MATCH_DATA_EXTRACTED] | Processing 2 matches from league
2025-08-23 18:38:20 - bovada - INFO - [MATCH_DATA_EXTRACTED] | Processing 2 matches from league
2025-08-23 18:38:20 - bovada - INFO - [MATCH_DATA_EXTRACTED] | Processing 1 matches from league
2025-08-23 18:38:21 - bovada - INFO - [NO_MATCH_DATA] | No match data found in response
2025-08-23 18:38:21 - bovada - INFO - [MATCH_DATA_EXTRACTED] | Processing 1 matches from league
2025-08-23 18:38:21 - bovada - INFO - [MATCH_DATA_EXTRACTED] | Processing 1 matches from league
2025-08-23 18:38:21 - bovada - INFO - [MATCH_DATA_EXTRACTED] | Processing 1 matches from league
2025-08-23 18:38:21 - bovada - INFO - [MATCH_DATA_EXTRACTED] | Processing 1 matches from league
2025-08-23 18:38:21 - bovada - INFO - [MATCH_DATA_EXTRACTED] | Processing 1 matches from league
2025-08-23 18:38:21 - bovada - INFO - [MATCH_DATA_EXTRACTED] | Processing 2 matches from league
2025-08-23 18:38:21 - bovada - INFO - [MATCH_DATA_EXTRACTED] | Processing 1 matches from league
2025-08-23 18:38:21 - bovada - INFO - [MATCH_DATA_EXTRACTED] | Processing 1 matches from league
2025-08-23 18:38:21 - bovada - INFO - [MATCH_DATA_EXTRACTED] | Processing 1 matches from league
2025-08-23 18:38:22 - bovada - INFO - [MATCH_DATA_EXTRACTED] | Processing 1 matches from league
2025-08-23 18:38:22 - bovada - INFO - [MATCH_DATA_EXTRACTED] | Processing 1 matches from league
2025-08-23 18:38:22 - bovada - INFO - [MATCH_DATA_EXTRACTED] | Processing 2 matches from league
2025-08-23 18:38:22 - bovada - INFO - [MATCH_DATA_EXTRACTED] | Processing 1 matches from league
2025-08-23 18:38:22 - bovada - INFO - [MATCH_DATA_EXTRACTED] | Processing 2 matches from league
2025-08-23 18:38:22 - bovada - INFO - [MATCH_DATA_EXTRACTED] | Processing 1 matches from league
2025-08-23 18:38:22 - bovada - INFO - [MATCH_DATA_EXTRACTED] | Processing 1 matches from league
2025-08-23 18:38:22 - bovada - INFO - [MATCH_DATA_EXTRACTED] | Processing 1 matches from league
2025-08-23 18:38:23 - bovada - INFO - [MATCH_DATA_EXTRACTED] | Processing 1 matches from league
2025-08-23 18:38:23 - bovada - INFO - [MATCH_DATA_EXTRACTED] | Processing 1 matches from league
2025-08-23 18:38:23 - bovada - INFO - [MATCH_DATA_EXTRACTED] | Processing 1 matches from league
2025-08-23 18:38:23 - bovada - INFO - [MATCH_DATA_EXTRACTED] | Processing 1 matches from league
2025-08-23 18:38:23 - bovada - INFO - [MATCH_DATA_EXTRACTED] | Processing 1 matches from league
2025-08-23 18:38:23 - bovada - INFO - [MATCH_DATA_EXTRACTED] | Processing 1 matches from league
2025-08-23 18:38:23 - bovada - INFO - [MATCH_DATA_EXTRACTED] | Processing 1 matches from league
2025-08-23 18:38:24 - bovada - INFO - [MATCH_DATA_EXTRACTED] | Processing 1 matches from league
2025-08-23 18:38:25 - bovada - INFO - [MATCH_DATA_EXTRACTED] | Processing 1 matches from league
2025-08-23 18:38:25 - bovada - INFO - [MATCH_DATA_EXTRACTED] | Processing 2 matches from league
2025-08-23 18:38:25 - bovada - INFO - [MATCH_DATA_EXTRACTED] | Processing 1 matches from league
2025-08-23 18:38:25 - bovada - INFO - [MATCH_DATA_EXTRACTED] | Processing 1 matches from league
2025-08-23 18:38:25 - bovada - INFO - [MATCH_DATA_EXTRACTED] | Processing 1 matches from league
2025-08-23 18:38:26 - bovada - INFO - [MATCH_DATA_EXTRACTED] | Processing 1 matches from league
2025-08-23 18:38:26 - bovada - INFO - [MATCH_DATA_EXTRACTED] | Processing 1 matches from league
2025-08-23 18:38:26 - bovada - INFO - [MATCH_DATA_EXTRACTED] | Processing 1 matches from league
2025-08-23 18:38:26 - bovada - INFO - [MATCH_DATA_EXTRACTED] | Processing 1 matches from league
2025-08-23 18:38:27 - bovada - INFO - [MATCH_DATA_EXTRACTED] | Processing 2 matches from league
2025-08-23 18:38:27 - bovada - INFO - [MATCH_DATA_EXTRACTED] | Processing 1 matches from league
2025-08-23 18:38:27 - bovada - INFO - [MATCH_DATA_EXTRACTED] | Processing 1 matches from league
2025-08-23 18:38:27 - bovada - INFO - [MATCH_DATA_EXTRACTED] | Processing 1 matches from league
2025-08-23 18:38:28 - bovada - INFO - [MATCH_DATA_EXTRACTED] | Processing 3 matches from league
2025-08-23 18:38:28 - bovada - INFO - [MATCH_DATA_EXTRACTED] | Processing 1 matches from league
2025-08-23 18:38:30 - bovada - INFO - [MATCH_DATA_EXTRACTED] | Processing 1 matches from league
2025-08-23 18:38:32 - bovada - INFO - [MATCH_DATA_EXTRACTED] | Processing 1 matches from league
2025-08-23 18:38:32 - bovada - INFO - [MATCH_DATA_EXTRACTED] | Processing 2 matches from league
2025-08-23 18:38:32 - bovada - INFO - [MATCH_DATA_EXTRACTED] | Processing 3 matches from league
2025-08-23 18:38:33 - bovada - INFO - [MATCH_DATA_EXTRACTED] | Processing 2 matches from league
2025-08-23 18:38:33 - bovada - INFO - [NO_MATCH_DATA] | No match data found in response
2025-08-23 18:38:34 - bovada - INFO - [MATCH_DATA_EXTRACTED] | Processing 1 matches from league
2025-08-23 18:38:36 - bovada - INFO - [MATCH_DATA_EXTRACTED] | Processing 1 matches from league
2025-08-23 18:38:37 - bovada - INFO - [MATCH_DATA_EXTRACTED] | Processing 1 matches from league
2025-08-23 18:38:37 - bovada - INFO - [MATCH_DATA_EXTRACTED] | Processing 1 matches from league
2025-08-23 18:38:38 - bovada - INFO - [MATCH_DATA_EXTRACTED] | Processing 1 matches from league
2025-08-23 18:38:39 - bovada - INFO - [MATCH_DATA_EXTRACTED] | Processing 9 matches from league
2025-08-23 18:38:40 - bovada - INFO - [MATCH_DATA_EXTRACTED] | Processing 1 matches from league
2025-08-23 18:38:40 - bovada - INFO - [MATCH_DATA_EXTRACTED] | Processing 1 matches from league
2025-08-23 18:38:41 - bovada - INFO - [MATCH_DATA_EXTRACTED] | Processing 1 matches from league
2025-08-23 18:38:41 - bovada - INFO - [MATCH_DATA_EXTRACTED] | Processing 49 matches from league
2025-08-23 18:38:41 - bovada - INFO - [PROGRESS_UPDATE] | Processed 150 matches, Success: 150, Failed: 0
2025-08-23 18:38:42 - bovada - INFO - [MATCH_DATA_EXTRACTED] | Processing 1 matches from league
2025-08-23 18:38:42 - bovada - INFO - [MATCH_DATA_EXTRACTED] | Processing 1 matches from league
2025-08-23 18:38:42 - bovada - INFO - [MATCH_DATA_EXTRACTED] | Processing 1 matches from league
2025-08-23 18:38:42 - bovada - INFO - [MATCH_DATA_EXTRACTED] | Processing 1 matches from league
2025-08-23 18:38:42 - bovada - INFO - [MATCH_DATA_EXTRACTED] | Processing 15 matches from league
2025-08-23 18:38:42 - bovada - INFO - [PROGRESS_UPDATE] | Processed 200 matches, Success: 200, Failed: 0
2025-08-23 18:38:42 - bovada - INFO - [MATCH_DATA_EXTRACTED] | Processing 1 matches from league
2025-08-23 18:38:42 - bovada - INFO - [MATCH_DATA_EXTRACTED] | Processing 1 matches from league
2025-08-23 18:38:42 - bovada - INFO - [MATCH_DATA_EXTRACTED] | Processing 1 matches from league
2025-08-23 18:38:43 - bovada - INFO - [MATCH_DATA_EXTRACTED] | Processing 1 matches from league
2025-08-23 18:38:48 - bovada - INFO - [MATCH_DATA_EXTRACTED] | Processing 39 matches from league
2025-08-23 18:39:00 - bovada - INFO - [MATCH_DATA_EXTRACTED] | Processing 66 matches from league
2025-08-23 18:39:00 - bovada - INFO - [PROGRESS_UPDATE] | Processed 250 matches, Success: 250, Failed: 0
2025-08-23 18:39:01 - bovada - INFO - [PROGRESS_UPDATE] | Processed 300 matches, Success: 300, Failed: 0
2025-08-23 18:39:02 - bovada - INFO - [MATCH_DATA_EXTRACTED] | Processing 62 matches from league
2025-08-23 18:39:03 - bovada - INFO - [PROGRESS_UPDATE] | Processed 350 matches, Success: 350, Failed: 0
2025-08-23 18:39:08 - bovada - INFO - [MATCH_DATA_EXTRACTED] | Processing 65 matches from league
2025-08-23 18:39:08 - bovada - INFO - [PROGRESS_UPDATE] | Processed 400 matches, Success: 400, Failed: 0
2025-08-23 18:40:51 - bovada - INFO - Logger initialized for bovada scraper
2025-08-23 18:40:51 - bovada - INFO - Log file: scraper_logs/bovada.log
2025-08-23 18:40:51 - bovada - INFO - [INIT] | Initializing Bovada scraper
2025-08-23 18:40:51 - bovada - INFO - [INIT_COMPLETE] | Loaded 259 odds mappings, 293 countries
2025-08-23 18:40:52 - bovada - INFO - [START] | Starting Bovada navigation scraping
2025-08-23 18:40:55 - bovada - INFO - [NAVIGATION_PARSED] | Found 27 sport categories
2025-08-23 18:40:55 - bovada - INFO - [SPORTS_FILTERED] | Processing 14 valid sports out of 27
2025-08-23 18:40:56 - bovada - INFO - [SUBCATEGORY_PARSED] | Found 3 subcategories for Snooker
2025-08-23 18:40:57 - bovada - INFO - [SUBCATEGORY_PARSED] | Found 10 subcategories for Snooker
2025-08-23 18:40:58 - bovada - INFO - [SUBCATEGORY_PARSED] | Found 9 subcategories for Snooker
2025-08-23 18:40:59 - bovada - INFO - [SUBCATEGORY_PARSED] | Found 21 subcategories for Snooker
2025-08-23 18:40:59 - bovada - INFO - [MATCH_DATA_EXTRACTED] | Processing 3 matches from league
2025-08-23 18:40:59 - bovada - INFO - [MATCH_DATA_EXTRACTED] | Processing 3 matches from league
2025-08-23 18:40:59 - bovada - INFO - [SUBCATEGORY_PARSED] | Found 6 subcategories for Snooker
2025-08-23 18:41:00 - bovada - INFO - [SUBCATEGORY_PARSED] | Found 7 subcategories for Snooker
2025-08-23 18:41:00 - bovada - INFO - [MATCH_DATA_EXTRACTED] | Processing 1 matches from league
2025-08-23 18:41:00 - bovada - INFO - [SUBCATEGORY_PARSED] | Found 2 subcategories for Snooker
2025-08-23 18:41:00 - bovada - INFO - [SUBCATEGORY_PARSED] | Found 10 subcategories for Snooker
2025-08-23 18:41:00 - bovada - INFO - [SUBCATEGORY_PARSED] | Found 18 subcategories for Snooker
2025-08-23 18:41:00 - bovada - INFO - [SUBCATEGORY_PARSED] | Found 1 subcategories for Snooker
2025-08-23 18:41:00 - bovada - INFO - [SUBCATEGORY_PARSED] | Found 5 subcategories for Snooker
2025-08-23 18:41:00 - bovada - INFO - [SUBCATEGORY_PARSED] | Found 16 subcategories for Snooker
2025-08-23 18:41:01 - bovada - INFO - [MATCH_DATA_EXTRACTED] | Processing 7 matches from league
2025-08-23 18:41:01 - bovada - INFO - [MATCH_DATA_EXTRACTED] | Processing 3 matches from league
2025-08-23 18:41:01 - bovada - INFO - [MATCH_DATA_EXTRACTED] | Processing 1 matches from league
2025-08-23 18:41:01 - bovada - INFO - [SUBCATEGORY_PARSED] | Found 2 subcategories for Snooker
2025-08-23 18:41:01 - bovada - INFO - [SUBCATEGORY_PARSED] | Found 9 subcategories for Snooker
2025-08-23 18:41:01 - bovada - INFO - [MATCH_DATA_EXTRACTED] | Processing 1 matches from league
2025-08-23 18:41:01 - bovada - INFO - [MATCH_DATA_EXTRACTED] | Processing 10 matches from league
2025-08-23 18:41:02 - bovada - INFO - [MATCH_DATA_EXTRACTED] | Processing 1 matches from league
2025-08-23 18:41:02 - bovada - INFO - [MATCH_DATA_EXTRACTED] | Processing 1 matches from league
2025-08-23 18:41:02 - bovada - INFO - [MATCH_DATA_EXTRACTED] | Processing 3 matches from league
2025-08-23 18:41:02 - bovada - INFO - [MATCH_DATA_EXTRACTED] | Processing 15 matches from league
2025-08-23 18:41:02 - bovada - INFO - [MATCH_DATA_EXTRACTED] | Processing 4 matches from league
2025-08-23 18:41:03 - bovada - INFO - [MATCH_DATA_EXTRACTED] | Processing 3 matches from league
2025-08-23 18:41:03 - bovada - INFO - [MATCH_DATA_EXTRACTED] | Processing 1 matches from league
2025-08-23 18:41:03 - bovada - INFO - [MATCH_DATA_EXTRACTED] | Processing 1 matches from league
2025-08-23 18:41:03 - bovada - INFO - [MATCH_DATA_EXTRACTED] | Processing 3 matches from league
2025-08-23 18:41:03 - bovada - INFO - [MATCH_DATA_EXTRACTED] | Processing 1 matches from league
2025-08-23 18:41:03 - bovada - INFO - [MATCH_DATA_EXTRACTED] | Processing 27 matches from league
2025-08-23 18:41:03 - bovada - INFO - [PROGRESS_UPDATE] | Processed 50 matches, Success: 50, Failed: 0
2025-08-23 18:41:03 - bovada - INFO - [MATCH_DATA_EXTRACTED] | Processing 1 matches from league
2025-08-23 18:41:03 - bovada - INFO - [MATCH_DATA_EXTRACTED] | Processing 9 matches from league
2025-08-23 18:41:03 - bovada - INFO - [MATCH_DATA_EXTRACTED] | Processing 1 matches from league
2025-08-23 18:41:03 - bovada - INFO - [MATCH_DATA_EXTRACTED] | Processing 1 matches from league
2025-08-23 18:43:55 - bovada - INFO - Logger initialized for bovada scraper
2025-08-23 18:43:55 - bovada - INFO - Log file: scraper_logs/bovada.log
2025-08-23 18:43:55 - bovada - INFO - [INIT] | Initializing Bovada scraper
2025-08-23 18:43:56 - bovada - INFO - [INIT_COMPLETE] | Loaded 259 odds mappings, 293 countries
2025-08-23 18:43:57 - bovada - INFO - [START] | Starting Bovada navigation scraping
2025-08-23 18:44:00 - bovada - INFO - [NAVIGATION_PARSED] | Found 27 sport categories
2025-08-23 18:44:00 - bovada - INFO - [SPORTS_FILTERED] | Processing 14 valid sports out of 27
2025-08-23 18:44:01 - bovada - INFO - [SUBCATEGORY_PARSED] | Found 18 subcategories for Snooker
2025-08-23 18:44:02 - bovada - INFO - [SUBCATEGORY_PARSED] | Found 9 subcategories for Snooker
2025-08-23 18:44:02 - bovada - INFO - [SUBCATEGORY_PARSED] | Found 16 subcategories for Snooker
2025-08-23 18:44:02 - bovada - INFO - [SUBCATEGORY_PARSED] | Found 5 subcategories for Snooker
2025-08-23 18:44:03 - bovada - INFO - [MATCH_DATA_EXTRACTED] | Processing 1 matches from league
2025-08-23 18:44:03 - bovada - INFO - [SUBCATEGORY_PARSED] | Found 6 subcategories for Snooker
2025-08-23 18:44:03 - bovada - INFO - [SUBCATEGORY_PARSED] | Found 1 subcategories for Snooker
2025-08-23 18:44:03 - bovada - INFO - [SUBCATEGORY_PARSED] | Found 2 subcategories for Snooker
2025-08-23 18:44:03 - bovada - INFO - [SUBCATEGORY_PARSED] | Found 2 subcategories for Snooker
2025-08-23 18:44:03 - bovada - INFO - [MATCH_DATA_EXTRACTED] | Processing 1 matches from league
2025-08-23 18:44:03 - bovada - INFO - [MATCH_DATA_EXTRACTED] | Processing 1 matches from league
2025-08-23 18:44:03 - bovada - INFO - [MATCH_DATA_EXTRACTED] | Processing 2 matches from league
2025-08-23 18:44:03 - bovada - INFO - [MATCH_DATA_EXTRACTED] | Processing 2 matches from league
2025-08-23 18:44:04 - bovada - INFO - [SUBCATEGORY_PARSED] | Found 10 subcategories for Snooker
2025-08-23 18:44:04 - bovada - INFO - [MATCH_DATA_EXTRACTED] | Processing 1 matches from league
2025-08-23 18:44:04 - bovada - INFO - [MATCH_DATA_EXTRACTED] | Processing 1 matches from league
2025-08-23 18:44:04 - bovada - INFO - [MATCH_DATA_EXTRACTED] | Processing 1 matches from league
2025-08-23 18:44:04 - bovada - INFO - [SUBCATEGORY_PARSED] | Found 3 subcategories for Snooker
2025-08-23 18:44:04 - bovada - INFO - [MATCH_DATA_EXTRACTED] | Processing 3 matches from league
2025-08-23 18:44:04 - bovada - INFO - [MATCH_DATA_EXTRACTED] | Processing 1 matches from league
2025-08-23 18:44:05 - bovada - INFO - [MATCH_DATA_EXTRACTED] | Processing 3 matches from league
2025-08-23 18:44:05 - bovada - INFO - [MATCH_DATA_EXTRACTED] | Processing 1 matches from league
2025-08-23 18:44:05 - bovada - INFO - [MATCH_DATA_EXTRACTED] | Processing 2 matches from league
2025-08-23 18:44:05 - bovada - INFO - [MATCH_DATA_EXTRACTED] | Processing 1 matches from league
2025-08-23 18:44:05 - bovada - INFO - [SUBCATEGORY_PARSED] | Found 21 subcategories for Snooker
2025-08-23 18:44:05 - bovada - INFO - [SUBCATEGORY_PARSED] | Found 9 subcategories for Snooker
2025-08-23 18:44:05 - bovada - INFO - [MATCH_DATA_EXTRACTED] | Processing 5 matches from league
2025-08-23 18:44:05 - bovada - INFO - [MATCH_DATA_EXTRACTED] | Processing 3 matches from league
2025-08-23 18:44:06 - bovada - INFO - [MATCH_DATA_EXTRACTED] | Processing 3 matches from league
2025-08-23 18:44:07 - bovada - INFO - [MATCH_DATA_EXTRACTED] | Processing 4 matches from league
2025-08-23 18:44:07 - bovada - INFO - [MATCH_DATA_EXTRACTED] | Processing 13 matches from league
2025-08-23 18:44:07 - bovada - INFO - [MATCH_DATA_EXTRACTED] | Processing 2 matches from league
2025-08-23 18:44:07 - bovada - INFO - [MATCH_DATA_EXTRACTED] | Processing 1 matches from league
2025-08-23 18:44:08 - bovada - INFO - [MATCH_DATA_EXTRACTED] | Processing 3 matches from league
2025-08-23 18:44:08 - bovada - INFO - [MATCH_DATA_EXTRACTED] | Processing 4 matches from league
2025-08-23 18:44:08 - bovada - INFO - [MATCH_DATA_EXTRACTED] | Processing 10 matches from league
2025-08-23 18:44:08 - bovada - INFO - [PROGRESS_UPDATE] | Processed 50 matches, Success: 50, Failed: 0
2025-08-23 18:44:09 - bovada - INFO - [MATCH_DATA_EXTRACTED] | Processing 2 matches from league
2025-08-23 18:44:09 - bovada - INFO - [MATCH_DATA_EXTRACTED] | Processing 1 matches from league
2025-08-23 18:44:09 - bovada - INFO - [MATCH_DATA_EXTRACTED] | Processing 4 matches from league
2025-08-23 18:44:09 - bovada - INFO - [MATCH_DATA_EXTRACTED] | Processing 9 matches from league
2025-08-23 18:44:09 - bovada - INFO - [MATCH_DATA_EXTRACTED] | Processing 1 matches from league
2025-08-23 18:44:09 - bovada - INFO - [MATCH_DATA_EXTRACTED] | Processing 1 matches from league
2025-08-23 18:44:09 - bovada - INFO - [MATCH_DATA_EXTRACTED] | Processing 1 matches from league
2025-08-23 18:44:09 - bovada - INFO - [MATCH_DATA_EXTRACTED] | Processing 1 matches from league
2025-08-23 18:44:10 - bovada - INFO - [MATCH_DATA_EXTRACTED] | Processing 1 matches from league
2025-08-23 18:44:10 - bovada - INFO - [MATCH_DATA_EXTRACTED] | Processing 1 matches from league
2025-08-23 18:44:10 - bovada - INFO - [MATCH_DATA_EXTRACTED] | Processing 1 matches from league
2025-08-23 18:44:10 - bovada - INFO - [MATCH_DATA_EXTRACTED] | Processing 1 matches from league
2025-08-23 18:44:10 - bovada - INFO - [MATCH_DATA_EXTRACTED] | Processing 3 matches from league
2025-08-23 18:44:11 - bovada - INFO - [MATCH_DATA_EXTRACTED] | Processing 3 matches from league
2025-08-23 18:44:11 - bovada - INFO - [MATCH_DATA_EXTRACTED] | Processing 1 matches from league
2025-08-23 18:44:11 - bovada - INFO - [MATCH_DATA_EXTRACTED] | Processing 1 matches from league
2025-08-23 18:44:11 - bovada - INFO - [MATCH_DATA_EXTRACTED] | Processing 2 matches from league
2025-08-23 18:44:11 - bovada - INFO - [MATCH_DATA_EXTRACTED] | Processing 1 matches from league
2025-08-23 18:44:11 - bovada - INFO - [MATCH_DATA_EXTRACTED] | Processing 1 matches from league
2025-08-23 18:44:12 - bovada - INFO - [MATCH_DATA_EXTRACTED] | Processing 1 matches from league
2025-08-23 18:44:12 - bovada - INFO - [MATCH_DATA_EXTRACTED] | Processing 1 matches from league
2025-08-23 18:44:12 - bovada - INFO - [MATCH_DATA_EXTRACTED] | Processing 1 matches from league
2025-08-23 18:44:12 - bovada - INFO - [MATCH_DATA_EXTRACTED] | Processing 2 matches from league
2025-08-23 18:44:12 - bovada - INFO - [MATCH_DATA_EXTRACTED] | Processing 1 matches from league
2025-08-23 18:44:12 - bovada - INFO - [MATCH_DATA_EXTRACTED] | Processing 3 matches from league
2025-08-23 18:44:12 - bovada - INFO - [MATCH_DATA_EXTRACTED] | Processing 1 matches from league
2025-08-23 18:44:13 - bovada - INFO - [MATCH_DATA_EXTRACTED] | Processing 1 matches from league
2025-08-23 18:44:13 - bovada - INFO - [MATCH_DATA_EXTRACTED] | Processing 3 matches from league
2025-08-23 18:44:13 - bovada - INFO - [MATCH_DATA_EXTRACTED] | Processing 1 matches from league
2025-08-23 18:44:13 - bovada - INFO - [MATCH_DATA_EXTRACTED] | Processing 1 matches from league
2025-08-23 18:44:13 - bovada - INFO - [MATCH_DATA_EXTRACTED] | Processing 1 matches from league
2025-08-23 18:44:13 - bovada - INFO - [MATCH_DATA_EXTRACTED] | Processing 1 matches from league
2025-08-23 18:44:14 - bovada - INFO - [MATCH_DATA_EXTRACTED] | Processing 1 matches from league
2025-08-23 18:44:14 - bovada - INFO - [MATCH_DATA_EXTRACTED] | Processing 1 matches from league
2025-08-23 18:44:14 - bovada - INFO - [NO_MATCH_DATA] | No match data found in response
2025-08-23 18:44:15 - bovada - INFO - [MATCH_DATA_EXTRACTED] | Processing 2 matches from league
2025-08-23 18:44:15 - bovada - INFO - [MATCH_DATA_EXTRACTED] | Processing 1 matches from league
2025-08-23 18:44:16 - bovada - INFO - [MATCH_DATA_EXTRACTED] | Processing 9 matches from league
2025-08-23 18:44:16 - bovada - INFO - [MATCH_DATA_EXTRACTED] | Processing 1 matches from league
2025-08-23 18:44:17 - bovada - INFO - [MATCH_DATA_EXTRACTED] | Processing 15 matches from league
2025-08-23 18:44:18 - bovada - INFO - [MATCH_DATA_EXTRACTED] | Processing 66 matches from league
2025-08-23 18:44:18 - bovada - INFO - [PROGRESS_UPDATE] | Processed 100 matches, Success: 100, Failed: 0
2025-08-23 18:44:18 - bovada - INFO - [PROGRESS_UPDATE] | Processed 150 matches, Success: 150, Failed: 0
2025-08-23 18:44:18 - bovada - INFO - [MATCH_DATA_EXTRACTED] | Processing 1 matches from league
2025-08-23 18:44:19 - bovada - INFO - [MATCH_DATA_EXTRACTED] | Processing 2 matches from league
2025-08-23 18:44:19 - bovada - INFO - [MATCH_DATA_EXTRACTED] | Processing 2 matches from league
2025-08-23 18:44:19 - bovada - INFO - [MATCH_DATA_EXTRACTED] | Processing 2 matches from league
2025-08-23 18:44:19 - bovada - INFO - [MATCH_DATA_EXTRACTED] | Processing 1 matches from league
2025-08-23 18:44:19 - bovada - INFO - [MATCH_DATA_EXTRACTED] | Processing 39 matches from league
2025-08-23 18:44:19 - bovada - INFO - [MATCH_DATA_EXTRACTED] | Processing 9 matches from league
2025-08-23 18:44:19 - bovada - INFO - [MATCH_DATA_EXTRACTED] | Processing 1 matches from league
2025-08-23 18:44:19 - bovada - INFO - [MATCH_DATA_EXTRACTED] | Processing 1 matches from league
2025-08-23 18:44:19 - bovada - INFO - [MATCH_DATA_EXTRACTED] | Processing 2 matches from league
2025-08-23 18:44:19 - bovada - INFO - [MATCH_DATA_EXTRACTED] | Processing 9 matches from league
2025-08-23 18:44:20 - bovada - INFO - [MATCH_DATA_EXTRACTED] | Processing 2 matches from league
2025-08-23 18:44:20 - bovada - INFO - [MATCH_DATA_EXTRACTED] | Processing 1 matches from league
2025-08-23 18:44:20 - bovada - INFO - [MATCH_DATA_EXTRACTED] | Processing 1 matches from league
2025-08-23 18:44:20 - bovada - INFO - [MATCH_DATA_EXTRACTED] | Processing 24 matches from league
2025-08-23 18:44:20 - bovada - INFO - [PROGRESS_UPDATE] | Processed 200 matches, Success: 200, Failed: 0
2025-08-23 18:44:21 - bovada - INFO - [MATCH_DATA_EXTRACTED] | Processing 4 matches from league
2025-08-23 18:44:21 - bovada - INFO - [MATCH_DATA_EXTRACTED] | Processing 2 matches from league
2025-08-23 18:44:21 - bovada - INFO - [MATCH_DATA_EXTRACTED] | Processing 1 matches from league
2025-08-23 18:44:21 - bovada - INFO - [MATCH_DATA_EXTRACTED] | Processing 1 matches from league
2025-08-23 18:44:21 - bovada - INFO - [MATCH_DATA_EXTRACTED] | Processing 1 matches from league
2025-08-23 18:44:21 - bovada - INFO - [MATCH_DATA_EXTRACTED] | Processing 2 matches from league
2025-08-23 18:44:21 - bovada - INFO - [MATCH_DATA_EXTRACTED] | Processing 27 matches from league
2025-08-23 18:44:22 - bovada - INFO - [MATCH_DATA_EXTRACTED] | Processing 4 matches from league
2025-08-23 18:44:22 - bovada - INFO - [MATCH_DATA_EXTRACTED] | Processing 1 matches from league
2025-08-23 18:44:22 - bovada - INFO - [MATCH_DATA_EXTRACTED] | Processing 1 matches from league
2025-08-23 18:44:22 - bovada - INFO - [MATCH_DATA_EXTRACTED] | Processing 1 matches from league
2025-08-23 18:44:22 - bovada - INFO - [MATCH_DATA_EXTRACTED] | Processing 1 matches from league
2025-08-23 18:44:22 - bovada - INFO - [MATCH_DATA_EXTRACTED] | Processing 4 matches from league
2025-08-23 18:44:22 - bovada - INFO - [MATCH_DATA_EXTRACTED] | Processing 4 matches from league
2025-08-23 18:44:22 - bovada - INFO - [MATCH_DATA_EXTRACTED] | Processing 4 matches from league
2025-08-23 18:44:22 - bovada - INFO - [MATCH_DATA_EXTRACTED] | Processing 4 matches from league
2025-08-23 18:44:23 - bovada - INFO - [MATCH_DATA_EXTRACTED] | Processing 28 matches from league
2025-08-23 18:44:23 - bovada - INFO - [PROGRESS_UPDATE] | Processed 250 matches, Success: 250, Failed: 0
2025-08-23 18:44:24 - bovada - INFO - [MATCH_DATA_EXTRACTED] | Processing 1 matches from league
2025-08-23 18:44:24 - bovada - INFO - [MATCH_DATA_EXTRACTED] | Processing 4 matches from league
2025-08-23 18:44:24 - bovada - INFO - [MATCH_DATA_EXTRACTED] | Processing 4 matches from league
2025-08-23 18:44:24 - bovada - INFO - [MATCH_DATA_EXTRACTED] | Processing 1 matches from league
2025-08-23 18:44:24 - bovada - INFO - [MATCH_DATA_EXTRACTED] | Processing 4 matches from league
2025-08-23 18:44:24 - bovada - INFO - [MATCH_DATA_EXTRACTED] | Processing 1 matches from league
2025-08-23 18:44:24 - bovada - INFO - [MATCH_DATA_EXTRACTED] | Processing 49 matches from league
2025-08-23 18:44:25 - bovada - INFO - [PROGRESS_UPDATE] | Processed 300 matches, Success: 300, Failed: 0
2025-08-23 18:44:26 - bovada - INFO - [MATCH_DATA_EXTRACTED] | Processing 9 matches from league
2025-08-23 18:44:27 - bovada - INFO - [MATCH_DATA_EXTRACTED] | Processing 1 matches from league
2025-08-23 18:44:27 - bovada - INFO - [MATCH_DATA_EXTRACTED] | Processing 1 matches from league
2025-08-23 18:44:27 - bovada - INFO - [MATCH_DATA_EXTRACTED] | Processing 1 matches from league
2025-08-23 18:44:27 - bovada - INFO - [MATCH_DATA_EXTRACTED] | Processing 1 matches from league
2025-08-23 18:44:27 - bovada - INFO - [MATCH_DATA_EXTRACTED] | Processing 1 matches from league
2025-08-23 18:44:27 - bovada - INFO - [MATCH_DATA_EXTRACTED] | Processing 1 matches from league
2025-08-23 18:44:27 - bovada - INFO - [MATCH_DATA_EXTRACTED] | Processing 1 matches from league
2025-08-23 18:44:27 - bovada - INFO - [MATCH_DATA_EXTRACTED] | Processing 3 matches from league
2025-08-23 18:44:27 - bovada - INFO - [MATCH_DATA_EXTRACTED] | Processing 3 matches from league
2025-08-23 18:44:27 - bovada - INFO - [MATCH_DATA_EXTRACTED] | Processing 3 matches from league
2025-08-23 18:44:27 - bovada - INFO - [MATCH_DATA_EXTRACTED] | Processing 3 matches from league
2025-08-23 18:44:27 - bovada - INFO - [MATCH_DATA_EXTRACTED] | Processing 3 matches from league
2025-08-23 18:44:27 - bovada - INFO - [MATCH_DATA_EXTRACTED] | Processing 1 matches from league
2025-08-23 18:44:27 - bovada - INFO - [MATCH_DATA_EXTRACTED] | Processing 3 matches from league
2025-08-23 18:44:27 - bovada - INFO - [MATCH_DATA_EXTRACTED] | Processing 3 matches from league
2025-08-23 18:44:28 - bovada - INFO - [MATCH_DATA_EXTRACTED] | Processing 3 matches from league
2025-08-23 18:44:28 - bovada - INFO - [MATCH_DATA_EXTRACTED] | Processing 1 matches from league
2025-08-23 18:44:28 - bovada - INFO - [MATCH_DATA_EXTRACTED] | Processing 1 matches from league
2025-08-23 18:44:28 - bovada - INFO - [MATCH_DATA_EXTRACTED] | Processing 1 matches from league
2025-08-23 18:44:28 - bovada - INFO - [MATCH_DATA_EXTRACTED] | Processing 2 matches from league
2025-08-23 18:44:28 - bovada - INFO - [MATCH_DATA_EXTRACTED] | Processing 1 matches from league
2025-08-23 18:44:28 - bovada - INFO - [MATCH_DATA_EXTRACTED] | Processing 10 matches from league
2025-08-23 18:44:28 - bovada - INFO - [MATCH_DATA_EXTRACTED] | Processing 1 matches from league
2025-08-23 18:44:28 - bovada - INFO - [MATCH_DATA_EXTRACTED] | Processing 1 matches from league
2025-08-23 18:44:28 - bovada - INFO - [MATCH_DATA_EXTRACTED] | Processing 1 matches from league
2025-08-23 18:44:28 - bovada - INFO - [MATCH_DATA_EXTRACTED] | Processing 1 matches from league
2025-08-23 18:44:28 - bovada - INFO - [MATCH_DATA_EXTRACTED] | Processing 1 matches from league
2025-08-23 18:44:29 - bovada - INFO - [MATCH_DATA_EXTRACTED] | Processing 1 matches from league
2025-08-23 18:44:29 - bovada - INFO - [MATCH_DATA_EXTRACTED] | Processing 2 matches from league
2025-08-23 18:44:29 - bovada - INFO - [MATCH_DATA_EXTRACTED] | Processing 10 matches from league
2025-08-23 18:44:29 - bovada - INFO - [MATCH_DATA_EXTRACTED] | Processing 1 matches from league
2025-08-23 18:44:29 - bovada - INFO - [MATCH_DATA_EXTRACTED] | Processing 1 matches from league
2025-08-23 18:44:29 - bovada - INFO - [MATCH_DATA_EXTRACTED] | Processing 2 matches from league
2025-08-23 18:44:29 - bovada - INFO - [MATCH_DATA_EXTRACTED] | Processing 1 matches from league
2025-08-23 18:44:29 - bovada - INFO - [MATCH_DATA_EXTRACTED] | Processing 1 matches from league
2025-08-23 18:44:29 - bovada - INFO - [MATCH_DATA_EXTRACTED] | Processing 1 matches from league
2025-08-23 18:44:30 - bovada - INFO - [MATCH_DATA_EXTRACTED] | Processing 1 matches from league
2025-08-23 18:44:30 - bovada - INFO - [MATCH_DATA_EXTRACTED] | Processing 1 matches from league
2025-08-23 18:44:30 - bovada - INFO - [MATCH_DATA_EXTRACTED] | Processing 1 matches from league
2025-08-23 18:44:30 - bovada - INFO - [MATCH_DATA_EXTRACTED] | Processing 1 matches from league
2025-08-23 18:44:30 - bovada - INFO - [MATCH_DATA_EXTRACTED] | Processing 1 matches from league
2025-08-23 18:44:30 - bovada - INFO - [MATCH_DATA_EXTRACTED] | Processing 1 matches from league
2025-08-23 18:44:30 - bovada - INFO - [MATCH_DATA_EXTRACTED] | Processing 1 matches from league
2025-08-23 18:44:30 - bovada - INFO - [MATCH_DATA_EXTRACTED] | Processing 1 matches from league
2025-08-23 18:44:30 - bovada - INFO - [MATCH_DATA_EXTRACTED] | Processing 1 matches from league
2025-08-23 18:44:30 - bovada - INFO - [MATCH_DATA_EXTRACTED] | Processing 1 matches from league
2025-08-23 18:44:30 - bovada - INFO - [MATCH_DATA_EXTRACTED] | Processing 1 matches from league
2025-08-23 18:44:31 - bovada - INFO - [MATCH_DATA_EXTRACTED] | Processing 24 matches from league
2025-08-23 18:44:31 - bovada - INFO - [PROGRESS_UPDATE] | Processed 350 matches, Success: 350, Failed: 0
2025-08-23 18:44:31 - bovada - INFO - [MATCH_DATA_EXTRACTED] | Processing 1 matches from league
2025-08-23 18:44:31 - bovada - INFO - [MATCH_DATA_EXTRACTED] | Processing 1 matches from league
2025-08-23 18:44:31 - bovada - INFO - [MATCH_DATA_EXTRACTED] | Processing 1 matches from league
2025-08-23 18:44:31 - bovada - INFO - [MATCH_DATA_EXTRACTED] | Processing 1 matches from league
2025-08-23 18:44:31 - bovada - INFO - [MATCH_DATA_EXTRACTED] | Processing 1 matches from league
2025-08-23 18:44:31 - bovada - INFO - [MATCH_DATA_EXTRACTED] | Processing 1 matches from league
2025-08-23 18:44:31 - bovada - INFO - [MATCH_DATA_EXTRACTED] | Processing 1 matches from league
2025-08-23 18:44:31 - bovada - INFO - [MATCH_DATA_EXTRACTED] | Processing 1 matches from league
2025-08-23 18:44:31 - bovada - INFO - [MATCH_DATA_EXTRACTED] | Processing 12 matches from league
2025-08-23 18:44:32 - bovada - INFO - [MATCH_DATA_EXTRACTED] | Processing 1 matches from league
2025-08-23 18:44:32 - bovada - INFO - [MATCH_DATA_EXTRACTED] | Processing 1 matches from league
2025-08-23 18:44:32 - bovada - INFO - [MATCH_DATA_EXTRACTED] | Processing 1 matches from league
2025-08-23 18:44:32 - bovada - INFO - [MATCH_DATA_EXTRACTED] | Processing 1 matches from league
2025-08-23 18:44:32 - bovada - INFO - [MATCH_DATA_EXTRACTED] | Processing 1 matches from league
2025-08-23 18:44:32 - bovada - INFO - [MATCH_DATA_EXTRACTED] | Processing 2 matches from league
2025-08-23 18:44:32 - bovada - INFO - [MATCH_DATA_EXTRACTED] | Processing 1 matches from league
2025-08-23 18:44:32 - bovada - INFO - [MATCH_DATA_EXTRACTED] | Processing 2 matches from league
2025-08-23 18:44:32 - bovada - INFO - [MATCH_DATA_EXTRACTED] | Processing 1 matches from league
2025-08-23 18:44:32 - bovada - INFO - [MATCH_DATA_EXTRACTED] | Processing 1 matches from league
2025-08-23 18:44:32 - bovada - INFO - [MATCH_DATA_EXTRACTED] | Processing 1 matches from league
2025-08-23 18:44:32 - bovada - INFO - [MATCH_DATA_EXTRACTED] | Processing 1 matches from league
2025-08-23 18:44:32 - bovada - INFO - [MATCH_DATA_EXTRACTED] | Processing 1 matches from league
2025-08-23 18:44:32 - bovada - INFO - [MATCH_DATA_EXTRACTED] | Processing 1 matches from league
2025-08-23 18:44:32 - bovada - INFO - [MATCH_DATA_EXTRACTED] | Processing 1 matches from league
2025-08-23 18:44:33 - bovada - INFO - [MATCH_DATA_EXTRACTED] | Processing 1 matches from league
2025-08-23 18:44:33 - bovada - INFO - [MATCH_DATA_EXTRACTED] | Processing 1 matches from league
2025-08-23 18:44:33 - bovada - INFO - [MATCH_DATA_EXTRACTED] | Processing 1 matches from league
2025-08-23 18:44:33 - bovada - INFO - [MATCH_DATA_EXTRACTED] | Processing 1 matches from league
2025-08-23 18:44:33 - bovada - INFO - [MATCH_DATA_EXTRACTED] | Processing 1 matches from league
2025-08-23 18:44:33 - bovada - INFO - [MATCH_DATA_EXTRACTED] | Processing 1 matches from league
2025-08-23 18:44:33 - bovada - INFO - [MATCH_DATA_EXTRACTED] | Processing 1 matches from league
2025-08-23 18:44:33 - bovada - INFO - [MATCH_DATA_EXTRACTED] | Processing 1 matches from league
2025-08-23 18:44:33 - bovada - INFO - [MATCH_DATA_EXTRACTED] | Processing 1 matches from league
2025-08-23 18:44:33 - bovada - INFO - [MATCH_DATA_EXTRACTED] | Processing 1 matches from league
2025-08-23 18:44:34 - bovada - INFO - [MATCH_DATA_EXTRACTED] | Processing 1 matches from league
2025-08-23 18:44:34 - bovada - INFO - [MATCH_DATA_EXTRACTED] | Processing 1 matches from league
2025-08-23 18:44:34 - bovada - INFO - [MATCH_DATA_EXTRACTED] | Processing 7 matches from league
2025-08-23 18:44:34 - bovada - INFO - [MATCH_DATA_EXTRACTED] | Processing 1 matches from league
2025-08-23 18:44:34 - bovada - INFO - [MATCH_DATA_EXTRACTED] | Processing 1 matches from league
2025-08-23 18:44:34 - bovada - INFO - [MATCH_DATA_EXTRACTED] | Processing 1 matches from league
2025-08-23 18:44:34 - bovada - INFO - [MATCH_DATA_EXTRACTED] | Processing 2 matches from league
2025-08-23 18:44:34 - bovada - INFO - [MATCH_DATA_EXTRACTED] | Processing 1 matches from league
2025-08-23 18:44:34 - bovada - INFO - [MATCH_DATA_EXTRACTED] | Processing 1 matches from league
2025-08-23 18:44:34 - bovada - INFO - [MATCH_DATA_EXTRACTED] | Processing 1 matches from league
2025-08-23 18:44:34 - bovada - INFO - [MATCH_DATA_EXTRACTED] | Processing 1 matches from league
2025-08-23 18:44:35 - bovada - INFO - [MATCH_DATA_EXTRACTED] | Processing 7 matches from league
2025-08-23 18:44:35 - bovada - INFO - [MATCH_DATA_EXTRACTED] | Processing 1 matches from league
2025-08-23 18:44:35 - bovada - INFO - [MATCH_DATA_EXTRACTED] | Processing 1 matches from league
2025-08-23 18:44:35 - bovada - INFO - [MATCH_DATA_EXTRACTED] | Processing 2 matches from league
2025-08-23 18:44:35 - bovada - INFO - [MATCH_DATA_EXTRACTED] | Processing 1 matches from league
2025-08-23 18:44:35 - bovada - INFO - [MATCH_DATA_EXTRACTED] | Processing 1 matches from league
2025-08-23 18:44:35 - bovada - INFO - [MATCH_DATA_EXTRACTED] | Processing 1 matches from league
2025-08-23 18:44:35 - bovada - INFO - [MATCH_DATA_EXTRACTED] | Processing 1 matches from league
2025-08-23 18:44:35 - bovada - INFO - [MATCH_DATA_EXTRACTED] | Processing 1 matches from league
2025-08-23 18:44:36 - bovada - INFO - [MATCH_DATA_EXTRACTED] | Processing 1 matches from league
2025-08-23 18:44:36 - bovada - INFO - [MATCH_DATA_EXTRACTED] | Processing 1 matches from league
2025-08-23 18:44:36 - bovada - INFO - [MATCH_DATA_EXTRACTED] | Processing 1 matches from league
2025-08-23 18:44:36 - bovada - INFO - [MATCH_DATA_EXTRACTED] | Processing 1 matches from league
2025-08-23 18:44:36 - bovada - INFO - [MATCH_DATA_EXTRACTED] | Processing 1 matches from league
2025-08-23 18:44:36 - bovada - INFO - [MATCH_DATA_EXTRACTED] | Processing 1 matches from league
2025-08-23 18:44:36 - bovada - INFO - [MATCH_DATA_EXTRACTED] | Processing 1 matches from league
2025-08-23 18:44:36 - bovada - INFO - [MATCH_DATA_EXTRACTED] | Processing 1 matches from league
2025-08-23 18:44:36 - bovada - INFO - [MATCH_DATA_EXTRACTED] | Processing 1 matches from league
2025-08-23 18:44:36 - bovada - INFO - [MATCH_DATA_EXTRACTED] | Processing 1 matches from league
2025-08-23 18:44:36 - bovada - INFO - [MATCH_DATA_EXTRACTED] | Processing 1 matches from league
2025-08-23 18:44:36 - bovada - INFO - [MATCH_DATA_EXTRACTED] | Processing 1 matches from league
2025-08-23 18:44:36 - bovada - INFO - [MATCH_DATA_EXTRACTED] | Processing 1 matches from league
2025-08-23 18:44:36 - bovada - INFO - [MATCH_DATA_EXTRACTED] | Processing 1 matches from league
2025-08-23 18:44:36 - bovada - INFO - [MATCH_DATA_EXTRACTED] | Processing 1 matches from league
2025-08-23 18:44:37 - bovada - INFO - [MATCH_DATA_EXTRACTED] | Processing 1 matches from league
2025-08-23 18:44:37 - bovada - INFO - [MATCH_DATA_EXTRACTED] | Processing 1 matches from league
2025-08-23 18:44:37 - bovada - INFO - [NO_MATCH_DATA] | No match data found in response
2025-08-23 18:44:37 - bovada - INFO - [MATCH_DATA_EXTRACTED] | Processing 1 matches from league
2025-08-23 18:44:37 - bovada - INFO - [MATCH_DATA_EXTRACTED] | Processing 1 matches from league
2025-08-23 18:44:37 - bovada - INFO - [MATCH_DATA_EXTRACTED] | Processing 1 matches from league
2025-08-23 18:44:37 - bovada - INFO - [MATCH_DATA_EXTRACTED] | Processing 1 matches from league
2025-08-23 18:44:37 - bovada - INFO - [MATCH_DATA_EXTRACTED] | Processing 2 matches from league
2025-08-23 18:44:37 - bovada - INFO - [MATCH_DATA_EXTRACTED] | Processing 1 matches from league
2025-08-23 18:44:37 - bovada - INFO - [PROGRESS_UPDATE] | Processed 400 matches, Success: 400, Failed: 0
2025-08-23 18:44:37 - bovada - INFO - [MATCH_DATA_EXTRACTED] | Processing 1 matches from league
2025-08-23 18:44:37 - bovada - INFO - [MATCH_DATA_EXTRACTED] | Processing 1 matches from league
2025-08-23 18:44:37 - bovada - INFO - [MATCH_DATA_EXTRACTED] | Processing 2 matches from league
2025-08-23 18:44:38 - bovada - INFO - [MATCH_DATA_EXTRACTED] | Processing 1 matches from league
2025-08-23 18:44:38 - bovada - INFO - [MATCH_DATA_EXTRACTED] | Processing 1 matches from league
2025-08-23 18:44:38 - bovada - INFO - [MATCH_DATA_EXTRACTED] | Processing 1 matches from league
2025-08-23 18:44:38 - bovada - INFO - [MATCH_DATA_EXTRACTED] | Processing 1 matches from league
2025-08-23 18:44:38 - bovada - INFO - [MATCH_DATA_EXTRACTED] | Processing 1 matches from league
2025-08-23 18:44:38 - bovada - INFO - [MATCH_DATA_EXTRACTED] | Processing 1 matches from league
2025-08-23 18:44:38 - bovada - INFO - [MATCH_DATA_EXTRACTED] | Processing 1 matches from league
2025-08-23 18:44:38 - bovada - INFO - [MATCH_DATA_EXTRACTED] | Processing 1 matches from league
2025-08-23 18:44:38 - bovada - INFO - [MATCH_DATA_EXTRACTED] | Processing 1 matches from league
2025-08-23 18:44:38 - bovada - INFO - [MATCH_DATA_EXTRACTED] | Processing 1 matches from league
2025-08-23 18:44:38 - bovada - INFO - [MATCH_DATA_EXTRACTED] | Processing 1 matches from league
2025-08-23 18:44:39 - bovada - INFO - [MATCH_DATA_EXTRACTED] | Processing 2 matches from league
2025-08-23 18:44:39 - bovada - INFO - [MATCH_DATA_EXTRACTED] | Processing 1 matches from league
2025-08-23 18:44:39 - bovada - INFO - [MATCH_DATA_EXTRACTED] | Processing 1 matches from league
2025-08-23 18:44:39 - bovada - INFO - [MATCH_DATA_EXTRACTED] | Processing 1 matches from league
2025-08-23 18:44:39 - bovada - INFO - [MATCH_DATA_EXTRACTED] | Processing 1 matches from league
2025-08-23 18:44:39 - bovada - INFO - [MATCH_DATA_EXTRACTED] | Processing 1 matches from league
2025-08-23 18:44:40 - bovada - INFO - [MATCH_DATA_EXTRACTED] | Processing 1 matches from league
2025-08-23 18:44:40 - bovada - INFO - [MATCH_DATA_EXTRACTED] | Processing 1 matches from league
2025-08-23 18:44:40 - bovada - INFO - [MATCH_DATA_EXTRACTED] | Processing 1 matches from league
2025-08-23 18:44:40 - bovada - INFO - [MATCH_DATA_EXTRACTED] | Processing 1 matches from league
2025-08-23 18:44:40 - bovada - INFO - [MATCH_DATA_EXTRACTED] | Processing 1 matches from league
2025-08-23 18:44:40 - bovada - INFO - [MATCH_DATA_EXTRACTED] | Processing 2 matches from league
2025-08-23 18:44:40 - bovada - INFO - [MATCH_DATA_EXTRACTED] | Processing 1 matches from league
2025-08-23 18:44:40 - bovada - INFO - [MATCH_DATA_EXTRACTED] | Processing 1 matches from league
2025-08-23 18:44:41 - bovada - INFO - [MATCH_DATA_EXTRACTED] | Processing 1 matches from league
2025-08-23 18:44:41 - bovada - INFO - [MATCH_DATA_EXTRACTED] | Processing 1 matches from league
2025-08-23 18:44:41 - bovada - INFO - [MATCH_DATA_EXTRACTED] | Processing 1 matches from league
2025-08-23 18:44:41 - bovada - INFO - [MATCH_DATA_EXTRACTED] | Processing 1 matches from league
2025-08-23 18:44:41 - bovada - INFO - [MATCH_DATA_EXTRACTED] | Processing 1 matches from league
2025-08-23 18:44:41 - bovada - INFO - [MATCH_DATA_EXTRACTED] | Processing 1 matches from league
2025-08-23 18:44:41 - bovada - INFO - [MATCH_DATA_EXTRACTED] | Processing 1 matches from league
2025-08-23 18:44:41 - bovada - INFO - [MATCH_DATA_EXTRACTED] | Processing 1 matches from league
2025-08-23 18:44:41 - bovada - INFO - [MATCH_DATA_EXTRACTED] | Processing 1 matches from league
2025-08-23 18:44:42 - bovada - INFO - [MATCH_DATA_EXTRACTED] | Processing 1 matches from league
2025-08-23 18:44:42 - bovada - INFO - [MATCH_DATA_EXTRACTED] | Processing 1 matches from league
2025-08-23 18:44:42 - bovada - INFO - [MATCH_DATA_EXTRACTED] | Processing 1 matches from league
2025-08-23 18:44:42 - bovada - INFO - [MATCH_DATA_EXTRACTED] | Processing 1 matches from league
2025-08-23 18:44:43 - bovada - INFO - [MATCH_DATA_EXTRACTED] | Processing 3 matches from league
2025-08-23 18:44:43 - bovada - INFO - [MATCH_DATA_EXTRACTED] | Processing 2 matches from league
2025-08-23 18:44:43 - bovada - INFO - [MATCH_DATA_EXTRACTED] | Processing 1 matches from league
2025-08-23 18:44:44 - bovada - INFO - [MATCH_DATA_EXTRACTED] | Processing 2 matches from league
2025-08-23 18:44:44 - bovada - INFO - [MATCH_DATA_EXTRACTED] | Processing 65 matches from league
2025-08-23 18:44:45 - bovada - INFO - [PROGRESS_UPDATE] | Processed 450 matches, Success: 450, Failed: 0
2025-08-23 18:44:46 - bovada - INFO - [MATCH_DATA_EXTRACTED] | Processing 1 matches from league
2025-08-23 18:44:46 - bovada - INFO - [MATCH_DATA_EXTRACTED] | Processing 1 matches from league
2025-08-23 18:44:46 - bovada - INFO - [MATCH_DATA_EXTRACTED] | Processing 2 matches from league
2025-08-23 18:44:46 - bovada - INFO - [MATCH_DATA_EXTRACTED] | Processing 2 matches from league
2025-08-23 18:44:47 - bovada - INFO - [MATCH_DATA_EXTRACTED] | Processing 1 matches from league
2025-08-23 18:44:47 - bovada - INFO - [MATCH_DATA_EXTRACTED] | Processing 1 matches from league
2025-08-23 18:44:47 - bovada - INFO - [MATCH_DATA_EXTRACTED] | Processing 1 matches from league
2025-08-23 18:44:47 - bovada - INFO - [MATCH_DATA_EXTRACTED] | Processing 1 matches from league
2025-08-23 18:44:48 - bovada - INFO - [MATCH_DATA_EXTRACTED] | Processing 1 matches from league
2025-08-23 18:44:48 - bovada - INFO - [MATCH_DATA_EXTRACTED] | Processing 2 matches from league
2025-08-23 18:44:48 - bovada - INFO - [MATCH_DATA_EXTRACTED] | Processing 6 matches from league
2025-08-23 18:44:52 - bovada - INFO - [MATCH_DATA_EXTRACTED] | Processing 16 matches from league
2025-08-23 18:44:55 - bovada - INFO - [MATCH_DATA_EXTRACTED] | Processing 62 matches from league
2025-08-23 18:44:56 - bovada - INFO - [PROGRESS_UPDATE] | Processed 500 matches, Success: 500, Failed: 0
2025-08-23 18:44:57 - bovada - INFO - [PROGRESS_UPDATE] | Processed 550 matches, Success: 550, Failed: 0
2025-08-23 18:51:25 - bovada - INFO - Logger initialized for bovada scraper
2025-08-23 18:51:25 - bovada - INFO - Log file: scraper_logs/bovada.log
2025-08-23 18:51:25 - bovada - INFO - [INIT] | Initializing Bovada scraper
2025-08-23 18:51:25 - bovada - INFO - [INIT_COMPLETE] | Loaded 259 odds mappings, 293 countries
2025-08-23 18:51:26 - bovada - INFO - [START] | Starting Bovada navigation scraping
2025-08-23 18:51:29 - bovada - INFO - [NAVIGATION_PARSED] | Found 27 sport categories
2025-08-23 18:51:29 - bovada - INFO - [SPORTS_FILTERED] | Processing 14 valid sports out of 27
2025-08-23 18:51:30 - bovada - INFO - [SUBCATEGORY_PARSED] | Found 10 subcategories for Snooker
2025-08-23 18:51:31 - bovada - INFO - [SUBCATEGORY_PARSED] | Found 11 subcategories for Snooker
2025-08-23 18:51:31 - bovada - INFO - [SUBCATEGORY_PARSED] | Found 6 subcategories for Snooker
2025-08-23 18:51:31 - bovada - INFO - [SUBCATEGORY_PARSED] | Found 7 subcategories for Snooker
2025-08-23 18:51:31 - bovada - INFO - [SUBCATEGORY_PARSED] | Found 21 subcategories for Snooker
2025-08-23 18:51:32 - bovada - INFO - [SUBCATEGORY_PARSED] | Found 1 subcategories for Snooker
2025-08-23 18:51:32 - bovada - INFO - [SUBCATEGORY_PARSED] | Found 9 subcategories for Snooker
2025-08-23 18:51:32 - bovada - INFO - [SUBCATEGORY_PARSED] | Found 16 subcategories for Snooker
2025-08-23 18:51:32 - bovada - INFO - [SUBCATEGORY_PARSED] | Found 2 subcategories for Snooker
2025-08-23 18:51:32 - bovada - INFO - [SUBCATEGORY_PARSED] | Found 9 subcategories for Snooker
2025-08-23 18:51:32 - bovada - INFO - [SUBCATEGORY_PARSED] | Found 5 subcategories for Snooker
2025-08-23 18:51:32 - bovada - INFO - [MATCH_DATA_EXTRACTED] | Processing 3 matches from league
2025-08-23 18:51:32 - bovada - INFO - [SUBCATEGORY_PARSED] | Found 2 subcategories for Snooker
2025-08-23 18:51:33 - bovada - INFO - [MATCH_DATA_EXTRACTED] | Processing 1 matches from league
2025-08-23 18:51:33 - bovada - INFO - [SUBCATEGORY_PARSED] | Found 18 subcategories for Snooker
2025-08-23 18:51:33 - bovada - INFO - [MATCH_DATA_EXTRACTED] | Processing 3 matches from league
2025-08-23 18:51:33 - bovada - INFO - [MATCH_DATA_EXTRACTED] | Processing 9 matches from league
2025-08-23 18:51:33 - bovada - INFO - [MATCH_DATA_EXTRACTED] | Processing 1 matches from league
2025-08-23 18:51:33 - bovada - INFO - [MATCH_DATA_EXTRACTED] | Processing 1 matches from league
2025-08-23 18:51:33 - bovada - INFO - [MATCH_DATA_EXTRACTED] | Processing 1 matches from league
2025-08-23 18:51:33 - bovada - INFO - [MATCH_DATA_EXTRACTED] | Processing 1 matches from league
2025-08-23 18:51:34 - bovada - INFO - [MATCH_DATA_EXTRACTED] | Processing 1 matches from league
2025-08-23 18:51:34 - bovada - INFO - [MATCH_DATA_EXTRACTED] | Processing 4 matches from league
2025-08-23 18:51:34 - bovada - INFO - [MATCH_DATA_EXTRACTED] | Processing 10 matches from league
2025-08-23 18:51:34 - bovada - INFO - [MATCH_DATA_EXTRACTED] | Processing 3 matches from league
2025-08-23 18:51:34 - bovada - INFO - [MATCH_DATA_EXTRACTED] | Processing 1 matches from league
2025-08-23 18:51:34 - bovada - INFO - [MATCH_DATA_EXTRACTED] | Processing 1 matches from league
2025-08-23 18:51:34 - bovada - INFO - [MATCH_DATA_EXTRACTED] | Processing 3 matches from league
2025-08-23 18:51:34 - bovada - INFO - [MATCH_DATA_EXTRACTED] | Processing 1 matches from league
2025-08-23 18:51:35 - bovada - INFO - [MATCH_DATA_EXTRACTED] | Processing 7 matches from league
2025-08-23 18:51:35 - bovada - INFO - [MATCH_DATA_EXTRACTED] | Processing 1 matches from league
2025-08-23 18:51:35 - bovada - INFO - [MATCH_DATA_EXTRACTED] | Processing 1 matches from league
2025-08-23 18:51:35 - bovada - INFO - [MATCH_DATA_EXTRACTED] | Processing 4 matches from league
2025-08-23 18:51:35 - bovada - INFO - [MATCH_DATA_EXTRACTED] | Processing 1 matches from league
2025-08-23 18:51:35 - bovada - INFO - [MATCH_DATA_EXTRACTED] | Processing 1 matches from league
2025-08-23 18:51:35 - bovada - INFO - [MATCH_DATA_EXTRACTED] | Processing 3 matches from league
2025-08-23 18:51:36 - bovada - INFO - [MATCH_DATA_EXTRACTED] | Processing 1 matches from league
2025-08-23 18:51:36 - bovada - INFO - [MATCH_DATA_EXTRACTED] | Processing 2 matches from league
2025-08-23 18:51:36 - bovada - INFO - [MATCH_DATA_EXTRACTED] | Processing 1 matches from league
2025-08-23 18:51:36 - bovada - INFO - [MATCH_DATA_EXTRACTED] | Processing 2 matches from league
2025-08-23 18:51:36 - bovada - INFO - [MATCH_DATA_EXTRACTED] | Processing 1 matches from league
2025-08-23 18:51:36 - bovada - INFO - [MATCH_DATA_EXTRACTED] | Processing 4 matches from league
2025-08-23 18:51:36 - bovada - INFO - [PROGRESS_UPDATE] | Processed 50 matches, Success: 50, Failed: 0
2025-08-23 18:51:36 - bovada - INFO - [MATCH_DATA_EXTRACTED] | Processing 1 matches from league
2025-08-23 18:51:36 - bovada - INFO - [MATCH_DATA_EXTRACTED] | Processing 2 matches from league
2025-08-23 18:51:36 - bovada - INFO - [MATCH_DATA_EXTRACTED] | Processing 1 matches from league
2025-08-23 18:51:37 - bovada - INFO - [MATCH_DATA_EXTRACTED] | Processing 3 matches from league
2025-08-23 18:51:37 - bovada - INFO - [MATCH_DATA_EXTRACTED] | Processing 1 matches from league
2025-08-23 18:51:37 - bovada - INFO - [MATCH_DATA_EXTRACTED] | Processing 1 matches from league
2025-08-23 18:51:37 - bovada - INFO - [MATCH_DATA_EXTRACTED] | Processing 1 matches from league
2025-08-23 18:51:37 - bovada - INFO - [MATCH_DATA_EXTRACTED] | Processing 1 matches from league
2025-08-23 18:51:37 - bovada - INFO - [MATCH_DATA_EXTRACTED] | Processing 1 matches from league
2025-08-23 18:51:37 - bovada - INFO - [MATCH_DATA_EXTRACTED] | Processing 2 matches from league
2025-08-23 18:51:37 - bovada - INFO - [MATCH_DATA_EXTRACTED] | Processing 1 matches from league
2025-08-23 18:51:37 - bovada - INFO - [MATCH_DATA_EXTRACTED] | Processing 1 matches from league
2025-08-23 18:51:38 - bovada - INFO - [MATCH_DATA_EXTRACTED] | Processing 1 matches from league
2025-08-23 18:51:38 - bovada - INFO - [MATCH_DATA_EXTRACTED] | Processing 1 matches from league
2025-08-23 18:51:39 - bovada - INFO - [MATCH_DATA_EXTRACTED] | Processing 6 matches from league
2025-08-23 18:51:39 - bovada - INFO - [MATCH_DATA_EXTRACTED] | Processing 10 matches from league
2025-08-23 18:51:39 - bovada - INFO - [MATCH_DATA_EXTRACTED] | Processing 1 matches from league
2025-08-23 18:51:39 - bovada - INFO - [MATCH_DATA_EXTRACTED] | Processing 1 matches from league
2025-08-23 18:51:39 - bovada - INFO - [MATCH_DATA_EXTRACTED] | Processing 3 matches from league
2025-08-23 18:51:40 - bovada - INFO - [MATCH_DATA_EXTRACTED] | Processing 1 matches from league
2025-08-23 18:51:40 - bovada - INFO - [MATCH_DATA_EXTRACTED] | Processing 1 matches from league
2025-08-23 18:51:40 - bovada - INFO - [MATCH_DATA_EXTRACTED] | Processing 1 matches from league
2025-08-23 18:51:40 - bovada - INFO - [MATCH_DATA_EXTRACTED] | Processing 2 matches from league
2025-08-23 18:51:42 - bovada - INFO - [MATCH_DATA_EXTRACTED] | Processing 16 matches from league
2025-08-23 18:51:46 - bovada - INFO - [MATCH_DATA_EXTRACTED] | Processing 1 matches from league
2025-08-23 18:51:47 - bovada - INFO - [MATCH_DATA_EXTRACTED] | Processing 1 matches from league
2025-08-23 18:51:48 - bovada - INFO - [MATCH_DATA_EXTRACTED] | Processing 1 matches from league
2025-08-23 18:51:48 - bovada - INFO - [MATCH_DATA_EXTRACTED] | Processing 1 matches from league
2025-08-23 18:51:48 - bovada - INFO - [MATCH_DATA_EXTRACTED] | Processing 1 matches from league
2025-08-23 18:51:48 - bovada - INFO - [MATCH_DATA_EXTRACTED] | Processing 1 matches from league
2025-08-23 18:51:48 - bovada - INFO - [MATCH_DATA_EXTRACTED] | Processing 15 matches from league
2025-08-23 18:51:49 - bovada - INFO - [MATCH_DATA_EXTRACTED] | Processing 1 matches from league
2025-08-23 18:51:49 - bovada - INFO - [MATCH_DATA_EXTRACTED] | Processing 1 matches from league
2025-08-23 18:51:49 - bovada - INFO - [MATCH_DATA_EXTRACTED] | Processing 1 matches from league
2025-08-23 18:54:33 - bovada - INFO - Logger initialized for bovada scraper
2025-08-23 18:54:33 - bovada - INFO - Log file: scraper_logs/bovada.log
2025-08-23 18:54:33 - bovada - INFO - [INIT] | Initializing Bovada scraper
2025-08-23 18:54:33 - bovada - INFO - [INIT_COMPLETE] | Loaded 259 odds mappings, 293 countries
2025-08-23 18:54:34 - bovada - INFO - [START] | Starting Bovada navigation scraping
2025-08-23 18:54:47 - bovada - INFO - Logger initialized for bovada scraper
2025-08-23 18:54:47 - bovada - INFO - Log file: scraper_logs/bovada.log
2025-08-23 18:54:47 - bovada - INFO - [INIT] | Initializing Bovada scraper
2025-08-23 18:54:47 - bovada - INFO - [INIT_COMPLETE] | Loaded 259 odds mappings, 293 countries
2025-08-23 18:54:48 - bovada - INFO - [START] | Starting Bovada navigation scraping
2025-08-23 18:54:50 - bovada - INFO - [NAVIGATION_PARSED] | Found 27 sport categories
2025-08-23 18:54:50 - bovada - INFO - [SPORTS_FILTERED] | Processing 14 valid sports out of 27
2025-08-23 18:54:51 - bovada - INFO - [SUBCATEGORY_PARSED] | Found 2 subcategories for Snooker
2025-08-23 18:54:51 - bovada - INFO - [SUBCATEGORY_PARSED] | Found 18 subcategories for Snooker
2025-08-23 18:54:52 - bovada - INFO - [SUBCATEGORY_PARSED] | Found 16 subcategories for Snooker
2025-08-23 18:54:52 - bovada - INFO - [SUBCATEGORY_PARSED] | Found 9 subcategories for Snooker
2025-08-23 18:54:52 - bovada - INFO - [SUBCATEGORY_PARSED] | Found 9 subcategories for Snooker
2025-08-23 18:54:53 - bovada - INFO - [SUBCATEGORY_PARSED] | Found 3 subcategories for Snooker
2025-08-23 18:54:53 - bovada - INFO - [SUBCATEGORY_PARSED] | Found 6 subcategories for Snooker
2025-08-23 18:54:53 - bovada - INFO - [SUBCATEGORY_PARSED] | Found 7 subcategories for Snooker
2025-08-23 18:54:53 - bovada - INFO - [SUBCATEGORY_PARSED] | Found 10 subcategories for Snooker
2025-08-23 18:54:53 - bovada - INFO - [SUBCATEGORY_PARSED] | Found 1 subcategories for Snooker
2025-08-23 18:54:53 - bovada - INFO - [SUBCATEGORY_PARSED] | Found 21 subcategories for Snooker
2025-08-23 18:54:53 - bovada - INFO - [MATCH_DATA_EXTRACTED] | Processing 4 matches from league
2025-08-23 18:54:53 - bovada - INFO - [MATCH_DATA_EXTRACTED] | Processing 1 matches from league
2025-08-23 18:54:53 - bovada - INFO - [MATCH_DATA_EXTRACTED] | Processing 1 matches from league
2025-08-23 18:54:53 - bovada - INFO - [MATCH_DATA_EXTRACTED] | Processing 4 matches from league
2025-08-23 18:54:53 - bovada - INFO - [MATCH_DATA_EXTRACTED] | Processing 2 matches from league
2025-08-23 18:54:54 - bovada - INFO - [MATCH_DATA_EXTRACTED] | Processing 1 matches from league
2025-08-23 18:54:54 - bovada - INFO - [MATCH_DATA_EXTRACTED] | Processing 1 matches from league
2025-08-23 18:54:54 - bovada - INFO - [MATCH_DATA_EXTRACTED] | Processing 1 matches from league
2025-08-23 18:54:54 - bovada - INFO - [MATCH_DATA_EXTRACTED] | Processing 2 matches from league
2025-08-23 18:54:54 - bovada - INFO - [MATCH_DATA_EXTRACTED] | Processing 1 matches from league
2025-08-23 18:54:55 - bovada - INFO - [MATCH_DATA_EXTRACTED] | Processing 3 matches from league
2025-08-23 18:54:55 - bovada - INFO - [MATCH_DATA_EXTRACTED] | Processing 3 matches from league
2025-08-23 18:54:55 - bovada - INFO - [MATCH_DATA_EXTRACTED] | Processing 2 matches from league
2025-08-23 18:54:55 - bovada - INFO - [MATCH_DATA_EXTRACTED] | Processing 1 matches from league
2025-08-23 18:54:55 - bovada - INFO - [MATCH_DATA_EXTRACTED] | Processing 1 matches from league
2025-08-23 18:54:55 - bovada - INFO - [MATCH_DATA_EXTRACTED] | Processing 2 matches from league
2025-08-23 18:54:56 - bovada - INFO - [MATCH_DATA_EXTRACTED] | Processing 4 matches from league
2025-08-23 18:54:56 - bovada - INFO - [MATCH_DATA_EXTRACTED] | Processing 1 matches from league
2025-08-23 18:54:56 - bovada - INFO - [MATCH_DATA_EXTRACTED] | Processing 1 matches from league
2025-08-23 18:54:56 - bovada - INFO - [MATCH_DATA_EXTRACTED] | Processing 4 matches from league
2025-08-23 18:54:57 - bovada - INFO - [MATCH_DATA_EXTRACTED] | Processing 5 matches from league
2025-08-23 18:54:58 - bovada - INFO - [MATCH_DATA_EXTRACTED] | Processing 1 matches from league
2025-08-23 18:54:58 - bovada - INFO - [MATCH_DATA_EXTRACTED] | Processing 2 matches from league
2025-08-23 18:54:58 - bovada - INFO - [MATCH_DATA_EXTRACTED] | Processing 3 matches from league
2025-08-23 18:54:59 - bovada - INFO - [MATCH_DATA_EXTRACTED] | Processing 4 matches from league
2025-08-23 18:54:59 - bovada - INFO - [MATCH_DATA_EXTRACTED] | Processing 3 matches from league
2025-08-23 18:54:59 - bovada - INFO - [MATCH_DATA_EXTRACTED] | Processing 3 matches from league
2025-08-23 18:54:59 - bovada - INFO - [MATCH_DATA_EXTRACTED] | Processing 1 matches from league
2025-08-23 18:55:00 - bovada - INFO - [MATCH_DATA_EXTRACTED] | Processing 3 matches from league
2025-08-23 18:55:00 - bovada - INFO - [MATCH_DATA_EXTRACTED] | Processing 13 matches from league
2025-08-23 18:55:00 - bovada - INFO - [PROGRESS_UPDATE] | Processed 50 matches, Success: 50, Failed: 0
2025-08-23 18:55:00 - bovada - INFO - [MATCH_DATA_EXTRACTED] | Processing 10 matches from league
2025-08-23 18:55:00 - bovada - INFO - [MATCH_DATA_EXTRACTED] | Processing 1 matches from league
2025-08-23 18:55:01 - bovada - INFO - [MATCH_DATA_EXTRACTED] | Processing 1 matches from league
2025-08-23 18:55:01 - bovada - INFO - [MATCH_DATA_EXTRACTED] | Processing 1 matches from league
2025-08-23 18:55:02 - bovada - INFO - [MATCH_DATA_EXTRACTED] | Processing 1 matches from league
2025-08-23 18:55:02 - bovada - INFO - [MATCH_DATA_EXTRACTED] | Processing 1 matches from league
2025-08-23 18:55:02 - bovada - INFO - [MATCH_DATA_EXTRACTED] | Processing 1 matches from league
2025-08-23 18:55:03 - bovada - INFO - [MATCH_DATA_EXTRACTED] | Processing 1 matches from league
2025-08-23 18:55:03 - bovada - INFO - [MATCH_DATA_EXTRACTED] | Processing 2 matches from league
2025-08-23 18:55:03 - bovada - INFO - [MATCH_DATA_EXTRACTED] | Processing 2 matches from league
2025-08-23 18:55:03 - bovada - INFO - [MATCH_DATA_EXTRACTED] | Processing 2 matches from league
2025-08-23 18:55:03 - bovada - INFO - [MATCH_DATA_EXTRACTED] | Processing 1 matches from league
2025-08-23 18:55:04 - bovada - INFO - [MATCH_DATA_EXTRACTED] | Processing 2 matches from league
2025-08-23 18:55:04 - bovada - INFO - [MATCH_DATA_EXTRACTED] | Processing 15 matches from league
2025-08-23 18:55:05 - bovada - INFO - [MATCH_DATA_EXTRACTED] | Processing 3 matches from league
2025-08-23 18:55:05 - bovada - INFO - [MATCH_DATA_EXTRACTED] | Processing 1 matches from league
2025-08-23 18:55:05 - bovada - INFO - [MATCH_DATA_EXTRACTED] | Processing 1 matches from league
2025-08-23 18:55:05 - bovada - INFO - [MATCH_DATA_EXTRACTED] | Processing 1 matches from league
2025-08-23 18:55:05 - bovada - INFO - [MATCH_DATA_EXTRACTED] | Processing 1 matches from league
2025-08-23 18:55:05 - bovada - INFO - [MATCH_DATA_EXTRACTED] | Processing 10 matches from league
2025-08-23 18:55:05 - bovada - INFO - [MATCH_DATA_EXTRACTED] | Processing 1 matches from league
2025-08-23 18:55:05 - bovada - INFO - [MATCH_DATA_EXTRACTED] | Processing 1 matches from league
2025-08-23 18:55:05 - bovada - INFO - [MATCH_DATA_EXTRACTED] | Processing 1 matches from league
2025-08-23 18:55:05 - bovada - INFO - [MATCH_DATA_EXTRACTED] | Processing 1 matches from league
2025-08-23 18:55:05 - bovada - INFO - [MATCH_DATA_EXTRACTED] | Processing 2 matches from league
2025-08-23 18:55:06 - bovada - INFO - [MATCH_DATA_EXTRACTED] | Processing 1 matches from league
2025-08-23 18:55:06 - bovada - INFO - [MATCH_DATA_EXTRACTED] | Processing 1 matches from league
2025-08-23 18:55:06 - bovada - INFO - [MATCH_DATA_EXTRACTED] | Processing 1 matches from league
2025-08-23 18:55:06 - bovada - INFO - [MATCH_DATA_EXTRACTED] | Processing 1 matches from league
2025-08-23 18:55:06 - bovada - INFO - [MATCH_DATA_EXTRACTED] | Processing 1 matches from league
2025-08-23 18:55:06 - bovada - INFO - [MATCH_DATA_EXTRACTED] | Processing 1 matches from league
2025-08-23 18:55:07 - bovada - INFO - [MATCH_DATA_EXTRACTED] | Processing 1 matches from league
2025-08-23 18:55:07 - bovada - INFO - [MATCH_DATA_EXTRACTED] | Processing 3 matches from league
2025-08-23 18:55:07 - bovada - INFO - [PROGRESS_UPDATE] | Processed 100 matches, Success: 100, Failed: 0
2025-08-23 18:55:07 - bovada - INFO - [MATCH_DATA_EXTRACTED] | Processing 1 matches from league
2025-08-23 18:55:07 - bovada - INFO - [MATCH_DATA_EXTRACTED] | Processing 1 matches from league
2025-08-23 18:55:07 - bovada - INFO - [MATCH_DATA_EXTRACTED] | Processing 1 matches from league
2025-08-23 18:55:07 - bovada - INFO - [MATCH_DATA_EXTRACTED] | Processing 2 matches from league
2025-08-23 18:55:07 - bovada - INFO - [MATCH_DATA_EXTRACTED] | Processing 1 matches from league
2025-08-23 18:55:07 - bovada - INFO - [MATCH_DATA_EXTRACTED] | Processing 1 matches from league
2025-08-23 18:55:07 - bovada - INFO - [MATCH_DATA_EXTRACTED] | Processing 10 matches from league
2025-08-23 18:55:08 - bovada - INFO - [MATCH_DATA_EXTRACTED] | Processing 1 matches from league
2025-08-23 18:55:08 - bovada - INFO - [MATCH_DATA_EXTRACTED] | Processing 1 matches from league
2025-08-23 18:55:08 - bovada - INFO - [MATCH_DATA_EXTRACTED] | Processing 1 matches from league
2025-08-23 18:55:08 - bovada - INFO - [MATCH_DATA_EXTRACTED] | Processing 28 matches from league
2025-08-23 18:55:09 - bovada - INFO - [MATCH_DATA_EXTRACTED] | Processing 1 matches from league
2025-08-23 18:55:09 - bovada - INFO - [MATCH_DATA_EXTRACTED] | Processing 27 matches from league
2025-08-23 18:55:09 - bovada - INFO - [PROGRESS_UPDATE] | Processed 150 matches, Success: 150, Failed: 0
2025-08-23 18:55:10 - bovada - INFO - [MATCH_DATA_EXTRACTED] | Processing 1 matches from league
2025-08-23 18:55:10 - bovada - INFO - [MATCH_DATA_EXTRACTED] | Processing 1 matches from league
2025-08-23 18:55:10 - bovada - INFO - [MATCH_DATA_EXTRACTED] | Processing 1 matches from league
2025-08-23 18:55:10 - bovada - INFO - [MATCH_DATA_EXTRACTED] | Processing 1 matches from league
2025-08-23 18:55:10 - bovada - INFO - [MATCH_DATA_EXTRACTED] | Processing 1 matches from league
2025-08-23 18:55:10 - bovada - INFO - [MATCH_DATA_EXTRACTED] | Processing 1 matches from league
2025-08-23 18:55:10 - bovada - INFO - [MATCH_DATA_EXTRACTED] | Processing 1 matches from league
2025-08-23 18:55:10 - bovada - INFO - [MATCH_DATA_EXTRACTED] | Processing 49 matches from league
2025-08-23 18:55:11 - bovada - INFO - [PROGRESS_UPDATE] | Processed 200 matches, Success: 200, Failed: 0
2025-08-23 18:55:12 - bovada - INFO - [MATCH_DATA_EXTRACTED] | Processing 1 matches from league
2025-08-23 18:55:12 - bovada - INFO - [MATCH_DATA_EXTRACTED] | Processing 1 matches from league
2025-08-23 18:55:12 - bovada - INFO - [MATCH_DATA_EXTRACTED] | Processing 1 matches from league
2025-08-23 18:55:12 - bovada - INFO - [MATCH_DATA_EXTRACTED] | Processing 1 matches from league
2025-08-23 18:55:12 - bovada - INFO - [MATCH_DATA_EXTRACTED] | Processing 1 matches from league
2025-08-23 18:55:12 - bovada - INFO - [MATCH_DATA_EXTRACTED] | Processing 2 matches from league
2025-08-23 18:55:12 - bovada - INFO - [MATCH_DATA_EXTRACTED] | Processing 1 matches from league
2025-08-23 18:55:12 - bovada - INFO - [MATCH_DATA_EXTRACTED] | Processing 1 matches from league
2025-08-23 18:55:12 - bovada - INFO - [MATCH_DATA_EXTRACTED] | Processing 1 matches from league
2025-08-23 18:55:12 - bovada - INFO - [MATCH_DATA_EXTRACTED] | Processing 1 matches from league
2025-08-23 18:55:12 - bovada - INFO - [MATCH_DATA_EXTRACTED] | Processing 1 matches from league
2025-08-23 18:55:12 - bovada - INFO - [MATCH_DATA_EXTRACTED] | Processing 1 matches from league
2025-08-23 18:55:12 - bovada - INFO - [MATCH_DATA_EXTRACTED] | Processing 1 matches from league
2025-08-23 18:55:12 - bovada - INFO - [MATCH_DATA_EXTRACTED] | Processing 1 matches from league
2025-08-23 18:55:12 - bovada - INFO - [MATCH_DATA_EXTRACTED] | Processing 1 matches from league
2025-08-23 18:55:12 - bovada - INFO - [MATCH_DATA_EXTRACTED] | Processing 1 matches from league
2025-08-23 18:55:12 - bovada - INFO - [MATCH_DATA_EXTRACTED] | Processing 1 matches from league
2025-08-23 18:55:13 - bovada - INFO - [MATCH_DATA_EXTRACTED] | Processing 1 matches from league
2025-08-23 18:55:13 - bovada - INFO - [MATCH_DATA_EXTRACTED] | Processing 1 matches from league
2025-08-23 18:55:13 - bovada - INFO - [MATCH_DATA_EXTRACTED] | Processing 1 matches from league
2025-08-23 18:55:13 - bovada - INFO - [MATCH_DATA_EXTRACTED] | Processing 1 matches from league
2025-08-23 18:55:13 - bovada - INFO - [MATCH_DATA_EXTRACTED] | Processing 1 matches from league
2025-08-23 18:55:13 - bovada - INFO - [MATCH_DATA_EXTRACTED] | Processing 1 matches from league
2025-08-23 18:55:13 - bovada - INFO - [MATCH_DATA_EXTRACTED] | Processing 1 matches from league
2025-08-23 18:55:13 - bovada - INFO - [MATCH_DATA_EXTRACTED] | Processing 1 matches from league
2025-08-23 18:55:13 - bovada - INFO - [MATCH_DATA_EXTRACTED] | Processing 1 matches from league
2025-08-23 18:55:13 - bovada - INFO - [MATCH_DATA_EXTRACTED] | Processing 1 matches from league
2025-08-23 18:55:13 - bovada - INFO - [MATCH_DATA_EXTRACTED] | Processing 1 matches from league
2025-08-23 18:55:13 - bovada - INFO - [MATCH_DATA_EXTRACTED] | Processing 1 matches from league
2025-08-23 18:55:13 - bovada - INFO - [MATCH_DATA_EXTRACTED] | Processing 1 matches from league
2025-08-23 18:55:13 - bovada - INFO - [MATCH_DATA_EXTRACTED] | Processing 1 matches from league
2025-08-23 18:55:14 - bovada - INFO - [MATCH_DATA_EXTRACTED] | Processing 1 matches from league
2025-08-23 18:55:14 - bovada - INFO - [MATCH_DATA_EXTRACTED] | Processing 1 matches from league
2025-08-23 18:55:14 - bovada - INFO - [MATCH_DATA_EXTRACTED] | Processing 1 matches from league
2025-08-23 18:55:14 - bovada - INFO - [MATCH_DATA_EXTRACTED] | Processing 1 matches from league
2025-08-23 18:55:14 - bovada - INFO - [MATCH_DATA_EXTRACTED] | Processing 1 matches from league
2025-08-23 18:55:14 - bovada - INFO - [MATCH_DATA_EXTRACTED] | Processing 4 matches from league
2025-08-23 18:55:14 - bovada - INFO - [MATCH_DATA_EXTRACTED] | Processing 1 matches from league
2025-08-23 18:55:14 - bovada - INFO - [MATCH_DATA_EXTRACTED] | Processing 1 matches from league
2025-08-23 18:55:14 - bovada - INFO - [MATCH_DATA_EXTRACTED] | Processing 1 matches from league
2025-08-23 18:55:14 - bovada - INFO - [MATCH_DATA_EXTRACTED] | Processing 1 matches from league
2025-08-23 18:55:14 - bovada - INFO - [MATCH_DATA_EXTRACTED] | Processing 1 matches from league
2025-08-23 18:55:14 - bovada - INFO - [MATCH_DATA_EXTRACTED] | Processing 1 matches from league
2025-08-23 18:55:15 - bovada - INFO - [MATCH_DATA_EXTRACTED] | Processing 1 matches from league
2025-08-23 18:55:15 - bovada - INFO - [MATCH_DATA_EXTRACTED] | Processing 3 matches from league
2025-08-23 18:55:15 - bovada - INFO - [MATCH_DATA_EXTRACTED] | Processing 1 matches from league
2025-08-23 18:55:15 - bovada - INFO - [MATCH_DATA_EXTRACTED] | Processing 1 matches from league
2025-08-23 18:55:15 - bovada - INFO - [MATCH_DATA_EXTRACTED] | Processing 3 matches from league
2025-08-23 18:55:15 - bovada - INFO - [MATCH_DATA_EXTRACTED] | Processing 1 matches from league
2025-08-23 18:55:15 - bovada - INFO - [MATCH_DATA_EXTRACTED] | Processing 1 matches from league
2025-08-23 18:55:15 - bovada - INFO - [MATCH_DATA_EXTRACTED] | Processing 1 matches from league
2025-08-23 18:55:15 - bovada - INFO - [MATCH_DATA_EXTRACTED] | Processing 1 matches from league
2025-08-23 18:55:15 - bovada - INFO - [MATCH_DATA_EXTRACTED] | Processing 1 matches from league
2025-08-23 18:55:15 - bovada - INFO - [MATCH_DATA_EXTRACTED] | Processing 1 matches from league
2025-08-23 18:55:16 - bovada - INFO - [MATCH_DATA_EXTRACTED] | Processing 1 matches from league
2025-08-23 18:55:16 - bovada - INFO - [MATCH_DATA_EXTRACTED] | Processing 2 matches from league
2025-08-23 18:55:16 - bovada - INFO - [MATCH_DATA_EXTRACTED] | Processing 1 matches from league
2025-08-23 18:55:16 - bovada - INFO - [MATCH_DATA_EXTRACTED] | Processing 1 matches from league
2025-08-23 18:55:16 - bovada - INFO - [MATCH_DATA_EXTRACTED] | Processing 1 matches from league
2025-08-23 18:55:16 - bovada - INFO - [MATCH_DATA_EXTRACTED] | Processing 3 matches from league
2025-08-23 18:55:16 - bovada - INFO - [MATCH_DATA_EXTRACTED] | Processing 3 matches from league
2025-08-23 18:55:16 - bovada - INFO - [MATCH_DATA_EXTRACTED] | Processing 2 matches from league
2025-08-23 18:55:16 - bovada - INFO - [MATCH_DATA_EXTRACTED] | Processing 1 matches from league
2025-08-23 18:55:16 - bovada - INFO - [MATCH_DATA_EXTRACTED] | Processing 3 matches from league
2025-08-23 18:55:16 - bovada - INFO - [MATCH_DATA_EXTRACTED] | Processing 4 matches from league
2025-08-23 18:55:17 - bovada - INFO - [MATCH_DATA_EXTRACTED] | Processing 3 matches from league
2025-08-23 18:55:17 - bovada - INFO - [MATCH_DATA_EXTRACTED] | Processing 4 matches from league
2025-08-23 18:55:17 - bovada - INFO - [MATCH_DATA_EXTRACTED] | Processing 3 matches from league
2025-08-23 18:55:17 - bovada - INFO - [MATCH_DATA_EXTRACTED] | Processing 3 matches from league
2025-08-23 18:55:17 - bovada - INFO - [MATCH_DATA_EXTRACTED] | Processing 3 matches from league
2025-08-23 18:55:17 - bovada - INFO - [MATCH_DATA_EXTRACTED] | Processing 4 matches from league
2025-08-23 18:55:17 - bovada - INFO - [MATCH_DATA_EXTRACTED] | Processing 4 matches from league
2025-08-23 18:55:17 - bovada - INFO - [MATCH_DATA_EXTRACTED] | Processing 4 matches from league
2025-08-23 18:55:17 - bovada - INFO - [MATCH_DATA_EXTRACTED] | Processing 4 matches from league
2025-08-23 18:55:17 - bovada - INFO - [MATCH_DATA_EXTRACTED] | Processing 1 matches from league
2025-08-23 18:55:18 - bovada - INFO - [MATCH_DATA_EXTRACTED] | Processing 4 matches from league
2025-08-23 18:55:18 - bovada - INFO - [MATCH_DATA_EXTRACTED] | Processing 3 matches from league
2025-08-23 18:55:18 - bovada - INFO - [MATCH_DATA_EXTRACTED] | Processing 4 matches from league
2025-08-23 18:55:18 - bovada - INFO - [MATCH_DATA_EXTRACTED] | Processing 1 matches from league
2025-08-23 18:55:18 - bovada - INFO - [MATCH_DATA_EXTRACTED] | Processing 1 matches from league
2025-08-23 18:55:18 - bovada - INFO - [MATCH_DATA_EXTRACTED] | Processing 1 matches from league
2025-08-23 18:55:18 - bovada - INFO - [MATCH_DATA_EXTRACTED] | Processing 1 matches from league
2025-08-23 18:55:18 - bovada - INFO - [MATCH_DATA_EXTRACTED] | Processing 1 matches from league
2025-08-23 18:55:18 - bovada - INFO - [MATCH_DATA_EXTRACTED] | Processing 1 matches from league
2025-08-23 18:55:18 - bovada - INFO - [MATCH_DATA_EXTRACTED] | Processing 1 matches from league
2025-08-23 18:55:18 - bovada - INFO - [MATCH_DATA_EXTRACTED] | Processing 1 matches from league
2025-08-23 18:55:19 - bovada - INFO - [MATCH_DATA_EXTRACTED] | Processing 1 matches from league
2025-08-23 18:55:19 - bovada - INFO - [MATCH_DATA_EXTRACTED] | Processing 1 matches from league
2025-08-23 18:55:19 - bovada - INFO - [MATCH_DATA_EXTRACTED] | Processing 1 matches from league
2025-08-23 18:55:19 - bovada - INFO - [MATCH_DATA_EXTRACTED] | Processing 63 matches from league
2025-08-23 18:55:20 - bovada - INFO - [PROGRESS_UPDATE] | Processed 250 matches, Success: 250, Failed: 0
2025-08-23 18:55:21 - bovada - INFO - [MATCH_DATA_EXTRACTED] | Processing 1 matches from league
2025-08-23 18:55:21 - bovada - INFO - [MATCH_DATA_EXTRACTED] | Processing 9 matches from league
2025-08-23 18:55:21 - bovada - INFO - [MATCH_DATA_EXTRACTED] | Processing 1 matches from league
2025-08-23 18:55:21 - bovada - INFO - [MATCH_DATA_EXTRACTED] | Processing 1 matches from league
2025-08-23 18:55:21 - bovada - INFO - [MATCH_DATA_EXTRACTED] | Processing 1 matches from league
2025-08-23 18:55:21 - bovada - INFO - [MATCH_DATA_EXTRACTED] | Processing 1 matches from league
2025-08-23 18:55:21 - bovada - INFO - [MATCH_DATA_EXTRACTED] | Processing 1 matches from league
2025-08-23 18:55:21 - bovada - INFO - [MATCH_DATA_EXTRACTED] | Processing 2 matches from league
2025-08-23 18:55:21 - bovada - INFO - [MATCH_DATA_EXTRACTED] | Processing 2 matches from league
2025-08-23 18:55:21 - bovada - INFO - [MATCH_DATA_EXTRACTED] | Processing 1 matches from league
2025-08-23 18:55:21 - bovada - INFO - [MATCH_DATA_EXTRACTED] | Processing 1 matches from league
2025-08-23 18:55:21 - bovada - INFO - [MATCH_DATA_EXTRACTED] | Processing 7 matches from league
2025-08-23 18:55:21 - bovada - INFO - [MATCH_DATA_EXTRACTED] | Processing 1 matches from league
2025-08-23 18:55:21 - bovada - INFO - [MATCH_DATA_EXTRACTED] | Processing 1 matches from league
2025-08-23 18:55:21 - bovada - INFO - [MATCH_DATA_EXTRACTED] | Processing 1 matches from league
2025-08-23 18:55:22 - bovada - INFO - [MATCH_DATA_EXTRACTED] | Processing 1 matches from league
2025-08-23 18:55:22 - bovada - INFO - [MATCH_DATA_EXTRACTED] | Processing 1 matches from league
2025-08-23 18:55:22 - bovada - INFO - [MATCH_DATA_EXTRACTED] | Processing 1 matches from league
2025-08-23 18:55:22 - bovada - INFO - [MATCH_DATA_EXTRACTED] | Processing 65 matches from league
2025-08-23 18:55:22 - bovada - INFO - [PROGRESS_UPDATE] | Processed 300 matches, Success: 300, Failed: 0
2025-08-23 18:55:23 - bovada - INFO - [PROGRESS_UPDATE] | Processed 350 matches, Success: 350, Failed: 0
2025-08-23 18:55:24 - bovada - INFO - [MATCH_DATA_EXTRACTED] | Processing 5 matches from league
2025-08-23 18:55:24 - bovada - INFO - [MATCH_DATA_EXTRACTED] | Processing 1 matches from league
2025-08-23 18:55:24 - bovada - INFO - [MATCH_DATA_EXTRACTED] | Processing 2 matches from league
2025-08-23 18:55:24 - bovada - INFO - [MATCH_DATA_EXTRACTED] | Processing 2 matches from league
2025-08-23 18:55:24 - bovada - INFO - [MATCH_DATA_EXTRACTED] | Processing 9 matches from league
2025-08-23 18:55:24 - bovada - INFO - [MATCH_DATA_EXTRACTED] | Processing 7 matches from league
2025-08-23 18:55:24 - bovada - INFO - [MATCH_DATA_EXTRACTED] | Processing 24 matches from league
2025-08-23 18:55:24 - bovada - INFO - [PROGRESS_UPDATE] | Processed 400 matches, Success: 400, Failed: 0
2025-08-23 18:55:25 - bovada - INFO - [MATCH_DATA_EXTRACTED] | Processing 7 matches from league
2025-08-23 18:55:25 - bovada - INFO - [MATCH_DATA_EXTRACTED] | Processing 5 matches from league
2025-08-23 18:55:25 - bovada - INFO - [MATCH_DATA_EXTRACTED] | Processing 2 matches from league
2025-08-23 18:55:25 - bovada - INFO - [MATCH_DATA_EXTRACTED] | Processing 6 matches from league
2025-08-23 18:55:26 - bovada - INFO - [MATCH_DATA_EXTRACTED] | Processing 14 matches from league
2025-08-23 18:55:26 - bovada - INFO - [MATCH_DATA_EXTRACTED] | Processing 4 matches from league
2025-08-23 18:55:26 - bovada - INFO - [MATCH_DATA_EXTRACTED] | Processing 17 matches from league
2025-08-23 18:55:26 - bovada - INFO - [PROGRESS_UPDATE] | Processed 450 matches, Success: 450, Failed: 0
2025-08-23 18:55:27 - bovada - INFO - [MATCH_DATA_EXTRACTED] | Processing 7 matches from league
2025-08-23 18:55:27 - bovada - INFO - [MATCH_DATA_EXTRACTED] | Processing 3 matches from league
2025-08-23 18:55:27 - bovada - INFO - [MATCH_DATA_EXTRACTED] | Processing 6 matches from league
2025-08-23 18:55:27 - bovada - INFO - [MATCH_DATA_EXTRACTED] | Processing 1 matches from league
2025-08-23 18:55:28 - bovada - INFO - [MATCH_DATA_EXTRACTED] | Processing 1 matches from league
2025-08-23 18:55:28 - bovada - INFO - [MATCH_DATA_EXTRACTED] | Processing 1 matches from league
2025-08-23 18:55:28 - bovada - INFO - [MATCH_DATA_EXTRACTED] | Processing 2 matches from league
2025-08-23 18:55:28 - bovada - INFO - [MATCH_DATA_EXTRACTED] | Processing 15 matches from league
2025-08-23 18:55:28 - bovada - INFO - [MATCH_DATA_EXTRACTED] | Processing 1 matches from league
2025-08-23 18:55:29 - bovada - INFO - [MATCH_DATA_EXTRACTED] | Processing 1 matches from league
2025-08-23 18:55:29 - bovada - INFO - [MATCH_DATA_EXTRACTED] | Processing 1 matches from league
2025-08-23 18:55:29 - bovada - INFO - [MATCH_DATA_EXTRACTED] | Processing 1 matches from league
2025-08-23 18:55:29 - bovada - INFO - [MATCH_DATA_EXTRACTED] | Processing 1 matches from league
2025-08-23 18:55:29 - bovada - INFO - [MATCH_DATA_EXTRACTED] | Processing 1 matches from league
2025-08-23 18:55:29 - bovada - INFO - [MATCH_DATA_EXTRACTED] | Processing 1 matches from league
2025-08-23 18:55:30 - bovada - INFO - [MATCH_DATA_EXTRACTED] | Processing 1 matches from league
2025-08-23 18:55:30 - bovada - INFO - [MATCH_DATA_EXTRACTED] | Processing 4 matches from league
2025-08-23 18:55:30 - bovada - INFO - [MATCH_DATA_EXTRACTED] | Processing 1 matches from league
2025-08-23 18:55:30 - bovada - INFO - [PROGRESS_UPDATE] | Processed 500 matches, Success: 500, Failed: 0
2025-08-23 18:55:30 - bovada - INFO - [MATCH_DATA_EXTRACTED] | Processing 4 matches from league
2025-08-23 18:55:30 - bovada - INFO - [MATCH_DATA_EXTRACTED] | Processing 6 matches from league
2025-08-23 18:55:31 - bovada - INFO - [MATCH_DATA_EXTRACTED] | Processing 4 matches from league
2025-08-23 18:55:31 - bovada - INFO - [MATCH_DATA_EXTRACTED] | Processing 1 matches from league
2025-08-23 18:55:31 - bovada - INFO - [MATCH_DATA_EXTRACTED] | Processing 9 matches from league
2025-08-23 18:55:31 - bovada - INFO - [MATCH_DATA_EXTRACTED] | Processing 5 matches from league
2025-08-23 18:55:32 - bovada - INFO - [MATCH_DATA_EXTRACTED] | Processing 1 matches from league
2025-08-23 18:55:32 - bovada - INFO - [MATCH_DATA_EXTRACTED] | Processing 2 matches from league
2025-08-23 18:55:32 - bovada - INFO - [MATCH_DATA_EXTRACTED] | Processing 5 matches from league
2025-08-23 18:55:32 - bovada - INFO - [MATCH_DATA_EXTRACTED] | Processing 4 matches from league
2025-08-23 18:55:32 - bovada - INFO - [MATCH_DATA_EXTRACTED] | Processing 5 matches from league
2025-08-23 18:55:32 - bovada - INFO - [MATCH_DATA_EXTRACTED] | Processing 5 matches from league
2025-08-23 18:55:33 - bovada - INFO - [MATCH_DATA_EXTRACTED] | Processing 5 matches from league
2025-08-23 18:55:33 - bovada - INFO - [PROGRESS_UPDATE] | Processed 550 matches, Success: 550, Failed: 0
2025-08-23 18:55:33 - bovada - INFO - [MATCH_DATA_EXTRACTED] | Processing 2 matches from league
2025-08-23 18:55:33 - bovada - INFO - [MATCH_DATA_EXTRACTED] | Processing 12 matches from league
2025-08-23 18:55:33 - bovada - INFO - [MATCH_DATA_EXTRACTED] | Processing 5 matches from league
2025-08-23 18:55:34 - bovada - INFO - [MATCH_DATA_EXTRACTED] | Processing 2 matches from league
2025-08-23 18:55:34 - bovada - INFO - [MATCH_DATA_EXTRACTED] | Processing 8 matches from league
2025-08-23 18:55:34 - bovada - INFO - [MATCH_DATA_EXTRACTED] | Processing 2 matches from league
2025-08-23 18:55:34 - bovada - INFO - [MATCH_DATA_EXTRACTED] | Processing 3 matches from league
2025-08-23 18:55:34 - bovada - INFO - [MATCH_DATA_EXTRACTED] | Processing 10 matches from league
2025-08-23 18:55:34 - bovada - INFO - [MATCH_DATA_EXTRACTED] | Processing 15 matches from league
2025-08-23 18:55:34 - bovada - INFO - [PROGRESS_UPDATE] | Processed 600 matches, Success: 600, Failed: 0
2025-08-23 18:55:36 - bovada - INFO - [MATCH_DATA_EXTRACTED] | Processing 1 matches from league
2025-08-23 18:55:36 - bovada - INFO - [MATCH_DATA_EXTRACTED] | Processing 10 matches from league
2025-08-23 18:55:37 - bovada - INFO - [MATCH_DATA_EXTRACTED] | Processing 6 matches from league
2025-08-23 18:55:38 - bovada - INFO - [MATCH_DATA_EXTRACTED] | Processing 7 matches from league
2025-08-23 18:55:38 - bovada - INFO - [MATCH_DATA_EXTRACTED] | Processing 16 matches from league
2025-08-23 18:55:40 - bovada - INFO - [MATCH_DATA_EXTRACTED] | Processing 1 matches from league
2025-08-23 18:55:42 - bovada - INFO - [MATCH_DATA_EXTRACTED] | Processing 1 matches from league
2025-08-23 18:55:46 - bovada - INFO - [MATCH_DATA_EXTRACTED] | Processing 1 matches from league
2025-08-23 18:55:46 - bovada - INFO - [MATCH_DATA_EXTRACTED] | Processing 8 matches from league
2025-08-23 18:55:46 - bovada - INFO - [PROGRESS_UPDATE] | Processed 650 matches, Success: 650, Failed: 0
2025-08-23 18:55:46 - bovada - INFO - [MATCH_DATA_EXTRACTED] | Processing 24 matches from league
2025-08-23 18:55:47 - bovada - INFO - [MATCH_DATA_EXTRACTED] | Processing 6 matches from league
2025-08-23 18:55:47 - bovada - INFO - [MATCH_DATA_EXTRACTED] | Processing 6 matches from league
2025-08-23 18:55:47 - bovada - INFO - [MATCH_DATA_EXTRACTED] | Processing 1 matches from league
2025-08-23 18:55:47 - bovada - INFO - [MATCH_DATA_EXTRACTED] | Processing 2 matches from league
2025-08-23 18:55:47 - bovada - INFO - [MATCH_DATA_EXTRACTED] | Processing 1 matches from league
2025-08-23 18:55:47 - bovada - INFO - [MATCH_DATA_EXTRACTED] | Processing 12 matches from league
2025-08-23 18:55:47 - bovada - INFO - [PROGRESS_UPDATE] | Processed 700 matches, Success: 700, Failed: 0
2025-08-23 18:55:48 - bovada - INFO - [MATCH_DATA_EXTRACTED] | Processing 1 matches from league
2025-08-23 18:55:48 - bovada - INFO - [MATCH_DATA_EXTRACTED] | Processing 1 matches from league
2025-08-23 18:55:48 - bovada - INFO - [MATCH_DATA_EXTRACTED] | Processing 16 matches from league
2025-08-23 18:55:48 - bovada - INFO - [MATCH_DATA_EXTRACTED] | Processing 1 matches from league
2025-08-23 18:55:48 - bovada - INFO - [MATCH_DATA_EXTRACTED] | Processing 1 matches from league
2025-08-23 18:55:48 - bovada - INFO - [MATCH_DATA_EXTRACTED] | Processing 11 matches from league
2025-08-23 18:55:49 - bovada - INFO - [MATCH_DATA_EXTRACTED] | Processing 1 matches from league
2025-08-23 18:55:49 - bovada - INFO - [MATCH_DATA_EXTRACTED] | Processing 3 matches from league
2025-08-23 18:55:49 - bovada - INFO - [MATCH_DATA_EXTRACTED] | Processing 1 matches from league
2025-08-23 18:55:49 - bovada - INFO - [MATCH_DATA_EXTRACTED] | Processing 3 matches from league
2025-08-23 18:55:49 - bovada - INFO - [MATCH_DATA_EXTRACTED] | Processing 1 matches from league
