2025-08-23 18:55:24 - bovada_live - INFO - Logger initialized for bovada_live scraper
2025-08-23 18:55:24 - bovada_live - INFO - Log file: scraper_logs/bovada_live.log
2025-08-23 18:55:24 - bovada_live - INFO - [INIT] | Initializing Bovada Live scraper
2025-08-23 18:55:24 - bovada_live - INFO - [INIT_COMPLETE] | Loaded 259 odds mappings for live matches
2025-08-23 18:55:25 - bovada_live - INFO - [START] | Starting Bovada Live navigation scraping
2025-08-23 18:55:28 - bovada_live - INFO - [NAVIGATION_PARSED] | Found 27 sport categories for live matches
2025-08-23 18:55:28 - bovada_live - INFO - [LIVE_SPORTS_FILTERED] | Processing 14 valid sports for live matches
2025-08-23 18:55:29 - bovada_live - INFO - [SUBCATEGORY_PARSED] | Found 2 subcategories for live Snooker
2025-08-23 18:55:30 - bovada_live - INFO - [SUBCATEGORY_PARSED] | Found 21 subcategories for live Snooker
2025-08-23 18:55:30 - bovada_live - INFO - [SUBCATEGORY_PARSED] | Found 6 subcategories for live Snooker
2025-08-23 18:55:30 - bovada_live - INFO - [SUBCATEGORY_PARSED] | Found 9 subcategories for live Snooker
2025-08-23 18:55:30 - bovada_live - INFO - [SUBCATEGORY_PARSED] | Found 11 subcategories for live Snooker
2025-08-23 18:55:31 - bovada_live - INFO - [SUBCATEGORY_PARSED] | Found 10 subcategories for live Snooker
2025-08-23 18:55:31 - bovada_live - INFO - [SUBCATEGORY_PARSED] | Found 7 subcategories for live Snooker
2025-08-23 18:55:31 - bovada_live - INFO - [SUBCATEGORY_PARSED] | Found 1 subcategories for live Snooker
2025-08-23 18:55:31 - bovada_live - INFO - [SUBCATEGORY_PARSED] | Found 16 subcategories for live Snooker
2025-08-23 18:55:31 - bovada_live - INFO - [SUBCATEGORY_PARSED] | Found 2 subcategories for live Snooker
2025-08-23 18:55:31 - bovada_live - INFO - [SUBCATEGORY_PARSED] | Found 9 subcategories for live Snooker
2025-08-23 18:55:32 - bovada_live - INFO - [NO_LIVE_MATCH_DATA] | No live match data found in response
2025-08-23 18:55:32 - bovada_live - INFO - [NO_LIVE_MATCH_DATA] | No live match data found in response
2025-08-23 18:55:32 - bovada_live - INFO - [SUBCATEGORY_PARSED] | Found 5 subcategories for live Snooker
2025-08-23 18:55:32 - bovada_live - INFO - [LIVE_MATCH_DATA_EXTRACTED] | Processing 3 LIVE matches from league
2025-08-23 18:55:32 - bovada_live - INFO - [NO_LIVE_MATCH_DATA] | No live match data found in response
2025-08-23 18:55:32 - bovada_live - INFO - [NO_LIVE_MATCH_DATA] | No live match data found in response
2025-08-23 18:55:32 - bovada_live - INFO - [NO_LIVE_MATCH_DATA] | No live match data found in response
2025-08-23 18:55:33 - bovada_live - INFO - [NO_LIVE_MATCH_DATA] | No live match data found in response
2025-08-23 18:55:33 - bovada_live - INFO - [NO_LIVE_MATCH_DATA] | No live match data found in response
2025-08-23 18:55:33 - bovada_live - INFO - [NO_LIVE_MATCH_DATA] | No live match data found in response
2025-08-23 18:55:33 - bovada_live - INFO - [NO_LIVE_MATCH_DATA] | No live match data found in response
2025-08-23 18:55:33 - bovada_live - INFO - [LIVE_MATCH_DATA_EXTRACTED] | Processing 1 LIVE matches from league
2025-08-23 18:55:33 - bovada_live - INFO - [NO_LIVE_MATCH_DATA] | No live match data found in response
2025-08-23 18:55:34 - bovada_live - INFO - [NO_LIVE_MATCH_DATA] | No live match data found in response
2025-08-23 18:55:34 - bovada_live - INFO - [NO_LIVE_MATCH_DATA] | No live match data found in response
2025-08-23 18:55:34 - bovada_live - INFO - [LIVE_MATCH_DATA_EXTRACTED] | Processing 1 LIVE matches from league
2025-08-23 18:55:34 - bovada_live - INFO - [NO_LIVE_MATCH_DATA] | No live match data found in response
2025-08-23 18:55:34 - bovada_live - INFO - [NO_LIVE_MATCH_DATA] | No live match data found in response
2025-08-23 18:55:34 - bovada_live - INFO - [NO_LIVE_MATCH_DATA] | No live match data found in response
2025-08-23 18:55:34 - bovada_live - INFO - [NO_LIVE_MATCH_DATA] | No live match data found in response
2025-08-23 18:55:34 - bovada_live - INFO - [NO_LIVE_MATCH_DATA] | No live match data found in response
2025-08-23 18:55:35 - bovada_live - INFO - [NO_LIVE_MATCH_DATA] | No live match data found in response
2025-08-23 18:55:36 - bovada_live - INFO - [NO_LIVE_MATCH_DATA] | No live match data found in response
2025-08-23 18:55:36 - bovada_live - INFO - [NO_LIVE_MATCH_DATA] | No live match data found in response
2025-08-23 18:55:36 - bovada_live - INFO - [NO_LIVE_MATCH_DATA] | No live match data found in response
2025-08-23 18:55:36 - bovada_live - INFO - [NO_LIVE_MATCH_DATA] | No live match data found in response
2025-08-23 18:55:37 - bovada_live - INFO - [NO_LIVE_MATCH_DATA] | No live match data found in response
2025-08-23 18:55:37 - bovada_live - INFO - [NO_LIVE_MATCH_DATA] | No live match data found in response
2025-08-23 18:55:37 - bovada_live - INFO - [SUBCATEGORY_PARSED] | Found 3 subcategories for live Snooker
2025-08-23 18:55:37 - bovada_live - INFO - [NO_LIVE_MATCH_DATA] | No live match data found in response
2025-08-23 18:55:37 - bovada_live - INFO - [NO_LIVE_MATCH_DATA] | No live match data found in response
2025-08-23 18:55:37 - bovada_live - INFO - [NO_LIVE_MATCH_DATA] | No live match data found in response
2025-08-23 18:55:37 - bovada_live - INFO - [NO_LIVE_MATCH_DATA] | No live match data found in response
2025-08-23 18:55:37 - bovada_live - INFO - [NO_LIVE_MATCH_DATA] | No live match data found in response
2025-08-23 18:55:38 - bovada_live - INFO - [LIVE_MATCH_DATA_EXTRACTED] | Processing 2 LIVE matches from league
2025-08-23 18:55:38 - bovada_live - INFO - [NO_LIVE_MATCH_DATA] | No live match data found in response
2025-08-23 18:55:39 - bovada_live - INFO - [NO_LIVE_MATCH_DATA] | No live match data found in response
2025-08-23 18:55:39 - bovada_live - INFO - [NO_LIVE_MATCH_DATA] | No live match data found in response
2025-08-23 18:55:39 - bovada_live - INFO - [NO_LIVE_MATCH_DATA] | No live match data found in response
2025-08-23 18:55:39 - bovada_live - INFO - [NO_LIVE_MATCH_DATA] | No live match data found in response
2025-08-23 18:55:39 - bovada_live - INFO - [NO_LIVE_MATCH_DATA] | No live match data found in response
2025-08-23 18:55:40 - bovada_live - INFO - [NO_LIVE_MATCH_DATA] | No live match data found in response
2025-08-23 18:55:40 - bovada_live - INFO - [LIVE_MATCH_DATA_EXTRACTED] | Processing 4 LIVE matches from league
2025-08-23 18:55:40 - bovada_live - INFO - [LIVE_MATCH_DATA_EXTRACTED] | Processing 2 LIVE matches from league
2025-08-23 18:55:40 - bovada_live - INFO - [NO_LIVE_MATCH_DATA] | No live match data found in response
2025-08-23 18:55:41 - bovada_live - INFO - [NO_LIVE_MATCH_DATA] | No live match data found in response
2025-08-23 18:55:41 - bovada_live - INFO - [NO_LIVE_MATCH_DATA] | No live match data found in response
2025-08-23 18:55:41 - bovada_live - INFO - [NO_LIVE_MATCH_DATA] | No live match data found in response
2025-08-23 18:55:41 - bovada_live - INFO - [NO_LIVE_MATCH_DATA] | No live match data found in response
2025-08-23 18:55:41 - bovada_live - INFO - [NO_LIVE_MATCH_DATA] | No live match data found in response
2025-08-23 18:55:43 - bovada_live - INFO - [NO_LIVE_MATCH_DATA] | No live match data found in response
2025-08-23 18:55:43 - bovada_live - INFO - [NO_LIVE_MATCH_DATA] | No live match data found in response
2025-08-23 18:55:43 - bovada_live - INFO - [NO_LIVE_MATCH_DATA] | No live match data found in response
2025-08-23 18:55:43 - bovada_live - INFO - [LIVE_MATCH_DATA_EXTRACTED] | Processing 1 LIVE matches from league
2025-08-23 18:55:44 - bovada_live - INFO - [NO_LIVE_MATCH_DATA] | No live match data found in response
2025-08-23 18:55:44 - bovada_live - INFO - [NO_LIVE_MATCH_DATA] | No live match data found in response
2025-08-23 18:55:46 - bovada_live - INFO - [NO_LIVE_MATCH_DATA] | No live match data found in response
2025-08-23 18:55:46 - bovada_live - INFO - [NO_LIVE_MATCH_DATA] | No live match data found in response
2025-08-23 18:55:46 - bovada_live - INFO - [NO_LIVE_MATCH_DATA] | No live match data found in response
2025-08-23 18:55:46 - bovada_live - INFO - [NO_LIVE_MATCH_DATA] | No live match data found in response
2025-08-23 18:55:47 - bovada_live - INFO - [NO_LIVE_MATCH_DATA] | No live match data found in response
2025-08-23 18:55:47 - bovada_live - INFO - [NO_LIVE_MATCH_DATA] | No live match data found in response
2025-08-23 18:55:47 - bovada_live - INFO - [LIVE_MATCH_DATA_EXTRACTED] | Processing 2 LIVE matches from league
2025-08-23 18:55:47 - bovada_live - INFO - [NO_LIVE_MATCH_DATA] | No live match data found in response
2025-08-23 18:55:47 - bovada_live - INFO - [NO_LIVE_MATCH_DATA] | No live match data found in response
2025-08-23 18:55:47 - bovada_live - INFO - [NO_LIVE_MATCH_DATA] | No live match data found in response
2025-08-23 18:55:47 - bovada_live - INFO - [NO_LIVE_MATCH_DATA] | No live match data found in response
2025-08-23 18:55:47 - bovada_live - INFO - [NO_LIVE_MATCH_DATA] | No live match data found in response
2025-08-23 18:55:47 - bovada_live - INFO - [NO_LIVE_MATCH_DATA] | No live match data found in response
2025-08-23 18:55:47 - bovada_live - INFO - [NO_LIVE_MATCH_DATA] | No live match data found in response
2025-08-23 18:55:47 - bovada_live - INFO - [NO_LIVE_MATCH_DATA] | No live match data found in response
2025-08-23 18:55:47 - bovada_live - INFO - [NO_LIVE_MATCH_DATA] | No live match data found in response
2025-08-23 18:55:48 - bovada_live - INFO - [NO_LIVE_MATCH_DATA] | No live match data found in response
2025-08-23 18:55:48 - bovada_live - INFO - [NO_LIVE_MATCH_DATA] | No live match data found in response
2025-08-23 18:55:48 - bovada_live - INFO - [NO_LIVE_MATCH_DATA] | No live match data found in response
2025-08-23 18:55:48 - bovada_live - INFO - [NO_LIVE_MATCH_DATA] | No live match data found in response
2025-08-23 18:55:48 - bovada_live - INFO - [NO_LIVE_MATCH_DATA] | No live match data found in response
2025-08-23 18:55:48 - bovada_live - INFO - [NO_LIVE_MATCH_DATA] | No live match data found in response
2025-08-23 18:55:48 - bovada_live - INFO - [NO_LIVE_MATCH_DATA] | No live match data found in response
2025-08-23 18:55:48 - bovada_live - INFO - [NO_LIVE_MATCH_DATA] | No live match data found in response
2025-08-23 18:55:48 - bovada_live - INFO - [NO_LIVE_MATCH_DATA] | No live match data found in response
2025-08-23 18:55:48 - bovada_live - INFO - [NO_LIVE_MATCH_DATA] | No live match data found in response
2025-08-23 18:55:48 - bovada_live - INFO - [NO_LIVE_MATCH_DATA] | No live match data found in response
2025-08-23 18:55:48 - bovada_live - INFO - [NO_LIVE_MATCH_DATA] | No live match data found in response
2025-08-23 18:55:49 - bovada_live - INFO - [LIVE_MATCH_DATA_EXTRACTED] | Processing 2 LIVE matches from league
2025-08-23 18:55:49 - bovada_live - INFO - [NO_LIVE_MATCH_DATA] | No live match data found in response
2025-08-23 18:55:49 - bovada_live - INFO - [NO_LIVE_MATCH_DATA] | No live match data found in response
2025-08-23 18:55:49 - bovada_live - INFO - [NO_LIVE_MATCH_DATA] | No live match data found in response
2025-08-23 18:55:49 - bovada_live - INFO - [NO_LIVE_MATCH_DATA] | No live match data found in response
2025-08-23 18:55:49 - bovada_live - INFO - [NO_LIVE_MATCH_DATA] | No live match data found in response
2025-08-23 18:55:49 - bovada_live - INFO - [NO_LIVE_MATCH_DATA] | No live match data found in response
2025-08-23 18:55:49 - bovada_live - INFO - [NO_LIVE_MATCH_DATA] | No live match data found in response
2025-08-23 18:55:50 - bovada_live - INFO - [LIVE_MATCH_DATA_EXTRACTED] | Processing 1 LIVE matches from league
2025-08-23 18:55:50 - bovada_live - INFO - [NO_LIVE_MATCH_DATA] | No live match data found in response
2025-08-23 18:55:50 - bovada_live - INFO - [NO_LIVE_MATCH_DATA] | No live match data found in response
2025-08-23 18:55:50 - bovada_live - INFO - [NO_LIVE_MATCH_DATA] | No live match data found in response
2025-08-23 18:55:50 - bovada_live - INFO - [NO_LIVE_MATCH_DATA] | No live match data found in response
2025-08-23 18:55:50 - bovada_live - INFO - [NO_LIVE_MATCH_DATA] | No live match data found in response
2025-08-23 18:55:50 - bovada_live - INFO - [NO_LIVE_MATCH_DATA] | No live match data found in response
2025-08-23 18:55:50 - bovada_live - INFO - [NO_LIVE_MATCH_DATA] | No live match data found in response
2025-08-23 18:55:50 - bovada_live - INFO - [NO_LIVE_MATCH_DATA] | No live match data found in response
2025-08-23 18:55:50 - bovada_live - INFO - [NO_LIVE_MATCH_DATA] | No live match data found in response
2025-08-23 18:55:50 - bovada_live - INFO - [NO_LIVE_MATCH_DATA] | No live match data found in response
2025-08-23 18:55:50 - bovada_live - INFO - [NO_LIVE_MATCH_DATA] | No live match data found in response
2025-08-23 18:55:50 - bovada_live - INFO - [NO_LIVE_MATCH_DATA] | No live match data found in response
2025-08-23 18:55:50 - bovada_live - INFO - [NO_LIVE_MATCH_DATA] | No live match data found in response
2025-08-23 18:55:51 - bovada_live - INFO - [NO_LIVE_MATCH_DATA] | No live match data found in response
2025-08-23 18:55:51 - bovada_live - INFO - [NO_LIVE_MATCH_DATA] | No live match data found in response
2025-08-23 18:55:51 - bovada_live - INFO - [NO_LIVE_MATCH_DATA] | No live match data found in response
2025-08-23 18:55:51 - bovada_live - INFO - [NO_LIVE_MATCH_DATA] | No live match data found in response
2025-08-23 18:55:51 - bovada_live - INFO - [NO_LIVE_MATCH_DATA] | No live match data found in response
2025-08-23 18:55:51 - bovada_live - INFO - [NO_LIVE_MATCH_DATA] | No live match data found in response
2025-08-23 18:55:51 - bovada_live - INFO - [NO_LIVE_MATCH_DATA] | No live match data found in response
2025-08-23 18:55:51 - bovada_live - INFO - [NO_LIVE_MATCH_DATA] | No live match data found in response
2025-08-23 18:55:51 - bovada_live - INFO - [NO_LIVE_MATCH_DATA] | No live match data found in response
2025-08-23 18:55:51 - bovada_live - INFO - [LIVE_MATCH_DATA_EXTRACTED] | Processing 3 LIVE matches from league
2025-08-23 18:55:52 - bovada_live - INFO - [LIVE_MATCH_DATA_EXTRACTED] | Processing 3 LIVE matches from league
2025-08-23 18:55:52 - bovada_live - INFO - [LIVE_MATCH_DATA_EXTRACTED] | Processing 2 LIVE matches from league
2025-08-23 18:55:52 - bovada_live - INFO - [NO_LIVE_MATCH_DATA] | No live match data found in response
2025-08-23 18:55:52 - bovada_live - INFO - [NO_LIVE_MATCH_DATA] | No live match data found in response
2025-08-23 18:55:52 - bovada_live - INFO - [NO_LIVE_MATCH_DATA] | No live match data found in response
2025-08-23 18:55:52 - bovada_live - INFO - [NO_LIVE_MATCH_DATA] | No live match data found in response
2025-08-23 18:55:52 - bovada_live - INFO - [NO_LIVE_MATCH_DATA] | No live match data found in response
2025-08-23 18:55:52 - bovada_live - INFO - [NO_LIVE_MATCH_DATA] | No live match data found in response
2025-08-23 18:55:52 - bovada_live - INFO - [NO_LIVE_MATCH_DATA] | No live match data found in response
2025-08-23 18:55:53 - bovada_live - INFO - [NO_LIVE_MATCH_DATA] | No live match data found in response
2025-08-23 18:55:53 - bovada_live - INFO - [NO_LIVE_MATCH_DATA] | No live match data found in response
2025-08-23 18:55:53 - bovada_live - INFO - [NO_LIVE_MATCH_DATA] | No live match data found in response
2025-08-23 18:55:53 - bovada_live - INFO - [LIVE_MATCH_DATA_EXTRACTED] | Processing 2 LIVE matches from league
2025-08-23 18:55:53 - bovada_live - INFO - [NO_LIVE_MATCH_DATA] | No live match data found in response
2025-08-23 18:55:53 - bovada_live - INFO - [NO_LIVE_MATCH_DATA] | No live match data found in response
2025-08-23 18:55:53 - bovada_live - INFO - [NO_LIVE_MATCH_DATA] | No live match data found in response
2025-08-23 18:55:53 - bovada_live - INFO - [NO_LIVE_MATCH_DATA] | No live match data found in response
2025-08-23 18:55:54 - bovada_live - INFO - [NO_LIVE_MATCH_DATA] | No live match data found in response
2025-08-23 18:55:54 - bovada_live - INFO - [NO_LIVE_MATCH_DATA] | No live match data found in response
2025-08-23 18:55:54 - bovada_live - INFO - [NO_LIVE_MATCH_DATA] | No live match data found in response
2025-08-23 18:55:54 - bovada_live - INFO - [NO_LIVE_MATCH_DATA] | No live match data found in response
2025-08-23 18:55:54 - bovada_live - INFO - [NO_LIVE_MATCH_DATA] | No live match data found in response
2025-08-23 18:55:54 - bovada_live - INFO - [NO_LIVE_MATCH_DATA] | No live match data found in response
2025-08-23 18:55:54 - bovada_live - INFO - [NO_LIVE_MATCH_DATA] | No live match data found in response
2025-08-23 18:55:54 - bovada_live - INFO - [NO_LIVE_MATCH_DATA] | No live match data found in response
2025-08-23 18:55:54 - bovada_live - INFO - [NO_LIVE_MATCH_DATA] | No live match data found in response
2025-08-23 18:55:54 - bovada_live - INFO - [NO_LIVE_MATCH_DATA] | No live match data found in response
2025-08-23 18:55:55 - bovada_live - INFO - [NO_LIVE_MATCH_DATA] | No live match data found in response
2025-08-23 18:55:55 - bovada_live - INFO - [NO_LIVE_MATCH_DATA] | No live match data found in response
2025-08-23 18:55:55 - bovada_live - INFO - [NO_LIVE_MATCH_DATA] | No live match data found in response
2025-08-23 18:55:55 - bovada_live - INFO - [NO_LIVE_MATCH_DATA] | No live match data found in response
2025-08-23 18:55:55 - bovada_live - INFO - [NO_LIVE_MATCH_DATA] | No live match data found in response
2025-08-23 18:55:55 - bovada_live - INFO - [NO_LIVE_MATCH_DATA] | No live match data found in response
2025-08-23 18:55:56 - bovada_live - INFO - [NO_LIVE_MATCH_DATA] | No live match data found in response
2025-08-23 18:55:56 - bovada_live - INFO - [NO_LIVE_MATCH_DATA] | No live match data found in response
2025-08-23 18:55:56 - bovada_live - INFO - [NO_LIVE_MATCH_DATA] | No live match data found in response
2025-08-23 18:55:56 - bovada_live - INFO - [NO_LIVE_MATCH_DATA] | No live match data found in response
2025-08-23 18:55:57 - bovada_live - INFO - [NO_LIVE_MATCH_DATA] | No live match data found in response
2025-08-23 18:55:57 - bovada_live - INFO - [NO_LIVE_MATCH_DATA] | No live match data found in response
2025-08-23 18:55:57 - bovada_live - INFO - [NO_LIVE_MATCH_DATA] | No live match data found in response
2025-08-23 18:55:57 - bovada_live - INFO - [NO_LIVE_MATCH_DATA] | No live match data found in response
2025-08-23 18:55:57 - bovada_live - INFO - [NO_LIVE_MATCH_DATA] | No live match data found in response
2025-08-23 18:55:57 - bovada_live - INFO - [NO_LIVE_MATCH_DATA] | No live match data found in response
2025-08-23 18:55:57 - bovada_live - INFO - [NO_LIVE_MATCH_DATA] | No live match data found in response
2025-08-23 18:55:58 - bovada_live - INFO - [NO_LIVE_MATCH_DATA] | No live match data found in response
2025-08-23 18:55:58 - bovada_live - INFO - [NO_LIVE_MATCH_DATA] | No live match data found in response
2025-08-23 18:55:58 - bovada_live - INFO - [NO_LIVE_MATCH_DATA] | No live match data found in response
2025-08-23 18:55:58 - bovada_live - INFO - [NO_LIVE_MATCH_DATA] | No live match data found in response
2025-08-23 18:55:58 - bovada_live - INFO - [NO_LIVE_MATCH_DATA] | No live match data found in response
2025-08-23 18:55:58 - bovada_live - INFO - [NO_LIVE_MATCH_DATA] | No live match data found in response
2025-08-23 18:55:58 - bovada_live - INFO - [NO_LIVE_MATCH_DATA] | No live match data found in response
2025-08-23 18:55:58 - bovada_live - INFO - [NO_LIVE_MATCH_DATA] | No live match data found in response
2025-08-23 18:55:58 - bovada_live - INFO - [NO_LIVE_MATCH_DATA] | No live match data found in response
2025-08-23 18:55:58 - bovada_live - INFO - [NO_LIVE_MATCH_DATA] | No live match data found in response
2025-08-23 18:55:59 - bovada_live - INFO - [NO_LIVE_MATCH_DATA] | No live match data found in response
2025-08-23 18:55:59 - bovada_live - INFO - [NO_LIVE_MATCH_DATA] | No live match data found in response
2025-08-23 18:55:59 - bovada_live - INFO - [NO_LIVE_MATCH_DATA] | No live match data found in response
2025-08-23 18:55:59 - bovada_live - INFO - [NO_LIVE_MATCH_DATA] | No live match data found in response
2025-08-23 18:55:59 - bovada_live - INFO - [NO_LIVE_MATCH_DATA] | No live match data found in response
2025-08-23 18:55:59 - bovada_live - INFO - [NO_LIVE_MATCH_DATA] | No live match data found in response
2025-08-23 18:55:59 - bovada_live - INFO - [NO_LIVE_MATCH_DATA] | No live match data found in response
2025-08-23 18:55:59 - bovada_live - INFO - [NO_LIVE_MATCH_DATA] | No live match data found in response
2025-08-23 18:55:59 - bovada_live - INFO - [NO_LIVE_MATCH_DATA] | No live match data found in response
2025-08-23 18:55:59 - bovada_live - INFO - [NO_LIVE_MATCH_DATA] | No live match data found in response
2025-08-23 18:55:59 - bovada_live - INFO - [NO_LIVE_MATCH_DATA] | No live match data found in response
2025-08-23 18:55:59 - bovada_live - INFO - [NO_LIVE_MATCH_DATA] | No live match data found in response
2025-08-23 18:55:59 - bovada_live - INFO - [NO_LIVE_MATCH_DATA] | No live match data found in response
2025-08-23 18:55:59 - bovada_live - INFO - [NO_LIVE_MATCH_DATA] | No live match data found in response
2025-08-23 18:55:59 - bovada_live - INFO - [NO_LIVE_MATCH_DATA] | No live match data found in response
2025-08-23 18:56:00 - bovada_live - INFO - [NO_LIVE_MATCH_DATA] | No live match data found in response
2025-08-23 18:56:00 - bovada_live - INFO - [NO_LIVE_MATCH_DATA] | No live match data found in response
2025-08-23 18:56:00 - bovada_live - INFO - [NO_LIVE_MATCH_DATA] | No live match data found in response
2025-08-23 18:56:00 - bovada_live - INFO - [NO_LIVE_MATCH_DATA] | No live match data found in response
2025-08-23 18:56:00 - bovada_live - INFO - [NO_LIVE_MATCH_DATA] | No live match data found in response
2025-08-23 18:56:00 - bovada_live - INFO - [NO_LIVE_MATCH_DATA] | No live match data found in response
2025-08-23 18:56:00 - bovada_live - INFO - [NO_LIVE_MATCH_DATA] | No live match data found in response
2025-08-23 18:56:00 - bovada_live - INFO - [NO_LIVE_MATCH_DATA] | No live match data found in response
2025-08-23 18:56:00 - bovada_live - INFO - [NO_LIVE_MATCH_DATA] | No live match data found in response
2025-08-23 18:56:00 - bovada_live - INFO - [NO_LIVE_MATCH_DATA] | No live match data found in response
2025-08-23 18:56:00 - bovada_live - INFO - [NO_LIVE_MATCH_DATA] | No live match data found in response
2025-08-23 18:56:00 - bovada_live - INFO - [NO_LIVE_MATCH_DATA] | No live match data found in response
2025-08-23 18:56:00 - bovada_live - INFO - [NO_LIVE_MATCH_DATA] | No live match data found in response
2025-08-23 18:56:00 - bovada_live - INFO - [NO_LIVE_MATCH_DATA] | No live match data found in response
2025-08-23 18:56:00 - bovada_live - INFO - [NO_LIVE_MATCH_DATA] | No live match data found in response
2025-08-23 18:56:00 - bovada_live - INFO - [NO_LIVE_MATCH_DATA] | No live match data found in response
2025-08-23 18:56:00 - bovada_live - INFO - [NO_LIVE_MATCH_DATA] | No live match data found in response
2025-08-23 18:56:00 - bovada_live - INFO - [NO_LIVE_MATCH_DATA] | No live match data found in response
2025-08-23 18:56:01 - bovada_live - INFO - [NO_LIVE_MATCH_DATA] | No live match data found in response
2025-08-23 18:56:01 - bovada_live - INFO - [NO_LIVE_MATCH_DATA] | No live match data found in response
2025-08-23 18:56:01 - bovada_live - INFO - [NO_LIVE_MATCH_DATA] | No live match data found in response
2025-08-23 18:56:01 - bovada_live - INFO - [NO_LIVE_MATCH_DATA] | No live match data found in response
2025-08-23 18:56:01 - bovada_live - INFO - [NO_LIVE_MATCH_DATA] | No live match data found in response
2025-08-23 18:56:01 - bovada_live - INFO - [NO_LIVE_MATCH_DATA] | No live match data found in response
2025-08-23 18:56:01 - bovada_live - INFO - [NO_LIVE_MATCH_DATA] | No live match data found in response
2025-08-23 18:56:01 - bovada_live - INFO - [NO_LIVE_MATCH_DATA] | No live match data found in response
2025-08-23 18:56:01 - bovada_live - INFO - [NO_LIVE_MATCH_DATA] | No live match data found in response
2025-08-23 18:56:02 - bovada_live - INFO - [NO_LIVE_MATCH_DATA] | No live match data found in response
2025-08-23 18:56:02 - bovada_live - INFO - [NO_LIVE_MATCH_DATA] | No live match data found in response
2025-08-23 18:56:02 - bovada_live - INFO - [NO_LIVE_MATCH_DATA] | No live match data found in response
2025-08-23 18:56:02 - bovada_live - INFO - [NO_LIVE_MATCH_DATA] | No live match data found in response
2025-08-23 18:56:02 - bovada_live - INFO - [NO_LIVE_MATCH_DATA] | No live match data found in response
2025-08-23 18:56:02 - bovada_live - INFO - [NO_LIVE_MATCH_DATA] | No live match data found in response
2025-08-23 18:56:02 - bovada_live - INFO - [NO_LIVE_MATCH_DATA] | No live match data found in response
2025-08-23 18:56:02 - bovada_live - INFO - [NO_LIVE_MATCH_DATA] | No live match data found in response
2025-08-23 18:56:03 - bovada_live - INFO - [LIVE_MATCH_DATA_EXTRACTED] | Processing 1 LIVE matches from league
2025-08-23 18:56:03 - bovada_live - INFO - [NO_LIVE_MATCH_DATA] | No live match data found in response
2025-08-23 18:56:03 - bovada_live - INFO - [NO_LIVE_MATCH_DATA] | No live match data found in response
2025-08-23 18:56:03 - bovada_live - INFO - [NO_LIVE_MATCH_DATA] | No live match data found in response
2025-08-23 18:56:03 - bovada_live - INFO - [LIVE_MATCH_DATA_EXTRACTED] | Processing 3 LIVE matches from league
2025-08-23 18:56:03 - bovada_live - INFO - [NO_LIVE_MATCH_DATA] | No live match data found in response
2025-08-23 18:56:03 - bovada_live - INFO - [LIVE_MATCH_DATA_EXTRACTED] | Processing 1 LIVE matches from league
2025-08-23 18:56:03 - bovada_live - INFO - [NO_LIVE_MATCH_DATA] | No live match data found in response
2025-08-23 18:56:03 - bovada_live - INFO - [NO_LIVE_MATCH_DATA] | No live match data found in response
2025-08-23 18:56:03 - bovada_live - INFO - [NO_LIVE_MATCH_DATA] | No live match data found in response
2025-08-23 18:56:03 - bovada_live - INFO - [NO_LIVE_MATCH_DATA] | No live match data found in response
2025-08-23 18:56:03 - bovada_live - INFO - [NO_LIVE_MATCH_DATA] | No live match data found in response
2025-08-23 18:56:03 - bovada_live - INFO - [NO_LIVE_MATCH_DATA] | No live match data found in response
2025-08-23 18:56:03 - bovada_live - INFO - [NO_LIVE_MATCH_DATA] | No live match data found in response
2025-08-23 18:56:03 - bovada_live - INFO - [NO_LIVE_MATCH_DATA] | No live match data found in response
2025-08-23 18:56:03 - bovada_live - INFO - [NO_LIVE_MATCH_DATA] | No live match data found in response
2025-08-23 18:56:03 - bovada_live - INFO - [NO_LIVE_MATCH_DATA] | No live match data found in response
2025-08-23 18:56:04 - bovada_live - INFO - [NO_LIVE_MATCH_DATA] | No live match data found in response
2025-08-23 18:56:04 - bovada_live - INFO - [NO_LIVE_MATCH_DATA] | No live match data found in response
2025-08-23 18:56:04 - bovada_live - INFO - [NO_LIVE_MATCH_DATA] | No live match data found in response
2025-08-23 18:56:04 - bovada_live - INFO - [NO_LIVE_MATCH_DATA] | No live match data found in response
2025-08-23 18:56:04 - bovada_live - INFO - [NO_LIVE_MATCH_DATA] | No live match data found in response
2025-08-23 18:56:04 - bovada_live - INFO - [NO_LIVE_MATCH_DATA] | No live match data found in response
2025-08-23 18:56:04 - bovada_live - INFO - [NO_LIVE_MATCH_DATA] | No live match data found in response
2025-08-23 18:56:04 - bovada_live - INFO - [NO_LIVE_MATCH_DATA] | No live match data found in response
2025-08-23 18:56:04 - bovada_live - INFO - [NO_LIVE_MATCH_DATA] | No live match data found in response
2025-08-23 18:56:04 - bovada_live - INFO - [NO_LIVE_MATCH_DATA] | No live match data found in response
2025-08-23 18:56:04 - bovada_live - INFO - [NO_LIVE_MATCH_DATA] | No live match data found in response
2025-08-23 18:56:04 - bovada_live - INFO - [LIVE_MATCH_DATA_EXTRACTED] | Processing 1 LIVE matches from league
2025-08-23 18:56:04 - bovada_live - INFO - [LIVE_MATCH_DATA_EXTRACTED] | Processing 1 LIVE matches from league
2025-08-23 18:56:04 - bovada_live - INFO - [LIVE_MATCH_DATA_EXTRACTED] | Processing 1 LIVE matches from league
2025-08-23 18:56:04 - bovada_live - INFO - [LIVE_MATCH_DATA_EXTRACTED] | Processing 1 LIVE matches from league
2025-08-23 18:56:05 - bovada_live - INFO - [NO_LIVE_MATCH_DATA] | No live match data found in response
2025-08-23 18:56:05 - bovada_live - INFO - [NO_LIVE_MATCH_DATA] | No live match data found in response
2025-08-23 18:56:05 - bovada_live - INFO - [NO_LIVE_MATCH_DATA] | No live match data found in response
2025-08-23 18:56:05 - bovada_live - INFO - [NO_LIVE_MATCH_DATA] | No live match data found in response
2025-08-23 18:56:05 - bovada_live - INFO - [NO_LIVE_MATCH_DATA] | No live match data found in response
2025-08-23 18:56:05 - bovada_live - INFO - [NO_LIVE_MATCH_DATA] | No live match data found in response
2025-08-23 18:56:05 - bovada_live - INFO - [LIVE_MATCH_DATA_EXTRACTED] | Processing 2 LIVE matches from league
2025-08-23 18:56:06 - bovada_live - INFO - [NO_LIVE_MATCH_DATA] | No live match data found in response
2025-08-23 18:56:06 - bovada_live - INFO - [NO_LIVE_MATCH_DATA] | No live match data found in response
2025-08-23 18:56:06 - bovada_live - INFO - [NO_LIVE_MATCH_DATA] | No live match data found in response
2025-08-23 18:56:06 - bovada_live - INFO - [LIVE_MATCH_DATA_EXTRACTED] | Processing 1 LIVE matches from league
2025-08-23 18:56:06 - bovada_live - INFO - [NO_LIVE_MATCH_DATA] | No live match data found in response
2025-08-23 18:56:06 - bovada_live - INFO - [NO_LIVE_MATCH_DATA] | No live match data found in response
2025-08-23 18:56:06 - bovada_live - INFO - [LIVE_MATCH_DATA_EXTRACTED] | Processing 1 LIVE matches from league
2025-08-23 18:56:06 - bovada_live - INFO - [NO_LIVE_MATCH_DATA] | No live match data found in response
2025-08-23 18:56:06 - bovada_live - INFO - [NO_LIVE_MATCH_DATA] | No live match data found in response
2025-08-23 18:56:06 - bovada_live - INFO - [NO_LIVE_MATCH_DATA] | No live match data found in response
2025-08-23 18:56:06 - bovada_live - INFO - [NO_LIVE_MATCH_DATA] | No live match data found in response
2025-08-23 18:56:06 - bovada_live - INFO - [NO_LIVE_MATCH_DATA] | No live match data found in response
2025-08-23 18:56:06 - bovada_live - INFO - [LIVE_MATCH_DATA_EXTRACTED] | Processing 1 LIVE matches from league
2025-08-23 18:56:06 - bovada_live - INFO - [NO_LIVE_MATCH_DATA] | No live match data found in response
2025-08-23 18:56:07 - bovada_live - INFO - [NO_LIVE_MATCH_DATA] | No live match data found in response
2025-08-23 18:56:07 - bovada_live - INFO - [NO_LIVE_MATCH_DATA] | No live match data found in response
2025-08-23 18:56:07 - bovada_live - INFO - [NO_LIVE_MATCH_DATA] | No live match data found in response
2025-08-23 18:56:07 - bovada_live - INFO - [NO_LIVE_MATCH_DATA] | No live match data found in response
2025-08-23 18:56:07 - bovada_live - INFO - [LIVE_MATCH_DATA_EXTRACTED] | Processing 1 LIVE matches from league
2025-08-23 18:56:07 - bovada_live - INFO - [NO_LIVE_MATCH_DATA] | No live match data found in response
2025-08-23 18:56:07 - bovada_live - INFO - [LIVE_MATCH_DATA_EXTRACTED] | Processing 2 LIVE matches from league
2025-08-23 18:56:07 - bovada_live - INFO - [NO_LIVE_MATCH_DATA] | No live match data found in response
2025-08-23 18:56:07 - bovada_live - INFO - [NO_LIVE_MATCH_DATA] | No live match data found in response
2025-08-23 18:56:07 - bovada_live - INFO - [NO_LIVE_MATCH_DATA] | No live match data found in response
2025-08-23 18:56:07 - bovada_live - INFO - [NO_LIVE_MATCH_DATA] | No live match data found in response
2025-08-23 18:56:07 - bovada_live - INFO - [LIVE_MATCH_DATA_EXTRACTED] | Processing 1 LIVE matches from league
2025-08-23 18:56:07 - bovada_live - INFO - [NO_LIVE_MATCH_DATA] | No live match data found in response
2025-08-23 18:56:07 - bovada_live - INFO - [NO_LIVE_MATCH_DATA] | No live match data found in response
2025-08-23 18:56:08 - bovada_live - INFO - [NO_LIVE_MATCH_DATA] | No live match data found in response
2025-08-23 18:56:08 - bovada_live - INFO - [NO_LIVE_MATCH_DATA] | No live match data found in response
2025-08-23 18:56:08 - bovada_live - INFO - [NO_LIVE_MATCH_DATA] | No live match data found in response
2025-08-23 18:56:08 - bovada_live - INFO - [NO_LIVE_MATCH_DATA] | No live match data found in response
2025-08-23 18:56:08 - bovada_live - INFO - [NO_LIVE_MATCH_DATA] | No live match data found in response
2025-08-23 18:56:08 - bovada_live - INFO - [NO_LIVE_MATCH_DATA] | No live match data found in response
2025-08-23 18:56:08 - bovada_live - INFO - [NO_LIVE_MATCH_DATA] | No live match data found in response
2025-08-23 18:56:08 - bovada_live - INFO - [NO_LIVE_MATCH_DATA] | No live match data found in response
2025-08-23 18:56:08 - bovada_live - INFO - [LIVE_MATCH_DATA_EXTRACTED] | Processing 1 LIVE matches from league
2025-08-23 18:56:09 - bovada_live - INFO - [NO_LIVE_MATCH_DATA] | No live match data found in response
2025-08-23 18:56:09 - bovada_live - INFO - [NO_LIVE_MATCH_DATA] | No live match data found in response
2025-08-23 18:56:09 - bovada_live - INFO - [NO_LIVE_MATCH_DATA] | No live match data found in response
2025-08-23 18:56:09 - bovada_live - INFO - [NO_LIVE_MATCH_DATA] | No live match data found in response
2025-08-23 18:56:09 - bovada_live - INFO - [LIVE_MATCH_DATA_EXTRACTED] | Processing 1 LIVE matches from league
2025-08-23 18:56:09 - bovada_live - INFO - [NO_LIVE_MATCH_DATA] | No live match data found in response
2025-08-23 18:56:09 - bovada_live - INFO - [NO_LIVE_MATCH_DATA] | No live match data found in response
2025-08-23 18:56:09 - bovada_live - INFO - [NO_LIVE_MATCH_DATA] | No live match data found in response
2025-08-23 18:56:09 - bovada_live - INFO - [NO_LIVE_MATCH_DATA] | No live match data found in response
2025-08-23 18:56:09 - bovada_live - INFO - [NO_LIVE_MATCH_DATA] | No live match data found in response
2025-08-23 18:56:09 - bovada_live - INFO - [NO_LIVE_MATCH_DATA] | No live match data found in response
2025-08-23 18:56:10 - bovada_live - INFO - [NO_LIVE_MATCH_DATA] | No live match data found in response
2025-08-23 18:56:10 - bovada_live - INFO - [NO_LIVE_MATCH_DATA] | No live match data found in response
2025-08-23 18:56:10 - bovada_live - INFO - [NO_LIVE_MATCH_DATA] | No live match data found in response
2025-08-23 18:56:10 - bovada_live - INFO - [NO_LIVE_MATCH_DATA] | No live match data found in response
2025-08-23 18:56:10 - bovada_live - INFO - [NO_LIVE_MATCH_DATA] | No live match data found in response
2025-08-23 18:56:10 - bovada_live - INFO - [NO_LIVE_MATCH_DATA] | No live match data found in response
2025-08-23 18:56:10 - bovada_live - INFO - [NO_LIVE_MATCH_DATA] | No live match data found in response
2025-08-23 18:56:10 - bovada_live - INFO - [NO_LIVE_MATCH_DATA] | No live match data found in response
2025-08-23 18:56:10 - bovada_live - INFO - [NO_LIVE_MATCH_DATA] | No live match data found in response
2025-08-23 18:56:11 - bovada_live - INFO - [NO_LIVE_MATCH_DATA] | No live match data found in response
2025-08-23 18:56:11 - bovada_live - INFO - [NO_LIVE_MATCH_DATA] | No live match data found in response
2025-08-23 18:56:11 - bovada_live - INFO - [NO_LIVE_MATCH_DATA] | No live match data found in response
2025-08-23 18:56:11 - bovada_live - INFO - [LIVE_MATCH_DATA_EXTRACTED] | Processing 1 LIVE matches from league
2025-08-23 18:56:11 - bovada_live - INFO - [NO_LIVE_MATCH_DATA] | No live match data found in response
2025-08-23 18:56:11 - bovada_live - INFO - [LIVE_PROGRESS_UPDATE] | Processed 50 LIVE matches, Success: 45, Failed: 0
2025-08-23 18:56:11 - bovada_live - INFO - [NO_LIVE_MATCH_DATA] | No live match data found in response
2025-08-23 18:56:11 - bovada_live - INFO - [NO_LIVE_MATCH_DATA] | No live match data found in response
2025-08-23 18:56:11 - bovada_live - INFO - [NO_LIVE_MATCH_DATA] | No live match data found in response
2025-08-23 18:56:11 - bovada_live - INFO - [NO_LIVE_MATCH_DATA] | No live match data found in response
2025-08-23 18:56:11 - bovada_live - INFO - [LIVE_PROGRESS_UPDATE] | Processed 50 LIVE matches, Success: 46, Failed: 0
2025-08-23 18:56:11 - bovada_live - INFO - [LIVE_MATCH_DATA_EXTRACTED] | Processing 3 LIVE matches from league
2025-08-23 18:56:11 - bovada_live - INFO - [NO_LIVE_MATCH_DATA] | No live match data found in response
2025-08-23 18:56:12 - bovada_live - INFO - [NO_LIVE_MATCH_DATA] | No live match data found in response
2025-08-23 18:56:12 - bovada_live - INFO - [NO_LIVE_MATCH_DATA] | No live match data found in response
2025-08-23 18:56:12 - bovada_live - INFO - [NO_LIVE_MATCH_DATA] | No live match data found in response
2025-08-23 18:56:12 - bovada_live - INFO - [NO_LIVE_MATCH_DATA] | No live match data found in response
2025-08-23 18:56:12 - bovada_live - INFO - [NO_LIVE_MATCH_DATA] | No live match data found in response
2025-08-23 18:56:12 - bovada_live - INFO - [NO_LIVE_MATCH_DATA] | No live match data found in response
2025-08-23 18:56:12 - bovada_live - INFO - [LIVE_MATCH_DATA_EXTRACTED] | Processing 8 LIVE matches from league
2025-08-23 18:56:12 - bovada_live - INFO - [NO_LIVE_MATCH_DATA] | No live match data found in response
2025-08-23 18:56:12 - bovada_live - INFO - [LIVE_MATCH_DATA_EXTRACTED] | Processing 2 LIVE matches from league
2025-08-23 18:56:12 - bovada_live - INFO - [NO_LIVE_MATCH_DATA] | No live match data found in response
2025-08-23 18:56:12 - bovada_live - INFO - [NO_LIVE_MATCH_DATA] | No live match data found in response
2025-08-23 18:56:12 - bovada_live - INFO - [NO_LIVE_MATCH_DATA] | No live match data found in response
2025-08-23 18:56:12 - bovada_live - INFO - [NO_LIVE_MATCH_DATA] | No live match data found in response
2025-08-23 18:56:12 - bovada_live - INFO - [NO_LIVE_MATCH_DATA] | No live match data found in response
2025-08-23 18:56:12 - bovada_live - INFO - [NO_LIVE_MATCH_DATA] | No live match data found in response
2025-08-23 18:56:12 - bovada_live - INFO - [NO_LIVE_MATCH_DATA] | No live match data found in response
2025-08-23 18:56:13 - bovada_live - INFO - [NO_LIVE_MATCH_DATA] | No live match data found in response
2025-08-23 18:56:13 - bovada_live - INFO - [NO_LIVE_MATCH_DATA] | No live match data found in response
2025-08-23 18:56:13 - bovada_live - INFO - [NO_LIVE_MATCH_DATA] | No live match data found in response
2025-08-23 18:56:13 - bovada_live - INFO - [NO_LIVE_MATCH_DATA] | No live match data found in response
2025-08-23 18:56:13 - bovada_live - INFO - [NO_LIVE_MATCH_DATA] | No live match data found in response
2025-08-23 18:56:13 - bovada_live - INFO - [NO_LIVE_MATCH_DATA] | No live match data found in response
2025-08-23 18:56:13 - bovada_live - INFO - [NO_LIVE_MATCH_DATA] | No live match data found in response
2025-08-23 18:56:13 - bovada_live - INFO - [NO_LIVE_MATCH_DATA] | No live match data found in response
2025-08-23 18:56:13 - bovada_live - INFO - [NO_LIVE_MATCH_DATA] | No live match data found in response
2025-08-23 18:56:13 - bovada_live - INFO - [NO_LIVE_MATCH_DATA] | No live match data found in response
2025-08-23 18:56:14 - bovada_live - INFO - [NO_LIVE_MATCH_DATA] | No live match data found in response
2025-08-23 18:56:14 - bovada_live - INFO - [NO_LIVE_MATCH_DATA] | No live match data found in response
2025-08-23 18:56:14 - bovada_live - INFO - [NO_LIVE_MATCH_DATA] | No live match data found in response
2025-08-23 18:56:14 - bovada_live - INFO - [NO_LIVE_MATCH_DATA] | No live match data found in response
2025-08-23 18:56:14 - bovada_live - INFO - [NO_LIVE_MATCH_DATA] | No live match data found in response
2025-08-23 18:56:14 - bovada_live - INFO - [NO_LIVE_MATCH_DATA] | No live match data found in response
2025-08-23 18:56:14 - bovada_live - INFO - [NO_LIVE_MATCH_DATA] | No live match data found in response
2025-08-23 18:56:14 - bovada_live - INFO - [NO_LIVE_MATCH_DATA] | No live match data found in response
2025-08-23 18:56:14 - bovada_live - INFO - [NO_LIVE_MATCH_DATA] | No live match data found in response
2025-08-23 18:56:14 - bovada_live - INFO - [NO_LIVE_MATCH_DATA] | No live match data found in response
2025-08-23 18:56:14 - bovada_live - INFO - [LIVE_MATCH_DATA_EXTRACTED] | Processing 1 LIVE matches from league
2025-08-23 18:56:15 - bovada_live - INFO - [NO_LIVE_MATCH_DATA] | No live match data found in response
2025-08-23 18:56:16 - bovada_live - INFO - [NO_LIVE_MATCH_DATA] | No live match data found in response
2025-08-23 18:56:16 - bovada_live - INFO - [LIVE_MATCH_DATA_EXTRACTED] | Processing 1 LIVE matches from league
2025-08-23 18:56:16 - bovada_live - INFO - [LIVE_MATCH_DATA_EXTRACTED] | Processing 1 LIVE matches from league
2025-08-23 18:56:16 - bovada_live - INFO - [NO_LIVE_MATCH_DATA] | No live match data found in response
2025-08-23 18:56:16 - bovada_live - INFO - [NO_LIVE_MATCH_DATA] | No live match data found in response
2025-08-23 18:56:16 - bovada_live - INFO - [NO_LIVE_MATCH_DATA] | No live match data found in response
2025-08-23 18:56:16 - bovada_live - INFO - [NO_LIVE_MATCH_DATA] | No live match data found in response
2025-08-23 18:56:16 - bovada_live - INFO - [NO_LIVE_MATCH_DATA] | No live match data found in response
2025-08-23 18:56:17 - bovada_live - INFO - [NO_LIVE_MATCH_DATA] | No live match data found in response
2025-08-23 18:56:17 - bovada_live - INFO - [NO_LIVE_MATCH_DATA] | No live match data found in response
2025-08-23 18:56:17 - bovada_live - INFO - [NO_LIVE_MATCH_DATA] | No live match data found in response
2025-08-23 18:56:17 - bovada_live - INFO - [NO_LIVE_MATCH_DATA] | No live match data found in response
2025-08-23 18:56:17 - bovada_live - INFO - [NO_LIVE_MATCH_DATA] | No live match data found in response
2025-08-23 18:56:17 - bovada_live - INFO - [NO_LIVE_MATCH_DATA] | No live match data found in response
2025-08-23 18:56:17 - bovada_live - INFO - [NO_LIVE_MATCH_DATA] | No live match data found in response
2025-08-23 18:56:17 - bovada_live - INFO - [NO_LIVE_MATCH_DATA] | No live match data found in response
2025-08-23 18:56:17 - bovada_live - INFO - [NO_LIVE_MATCH_DATA] | No live match data found in response
2025-08-23 18:56:17 - bovada_live - INFO - [NO_LIVE_MATCH_DATA] | No live match data found in response
2025-08-23 18:56:18 - bovada_live - INFO - [LIVE_MATCH_DATA_EXTRACTED] | Processing 5 LIVE matches from league
2025-08-23 18:56:18 - bovada_live - INFO - [NO_LIVE_MATCH_DATA] | No live match data found in response
2025-08-23 18:56:18 - bovada_live - INFO - [NO_LIVE_MATCH_DATA] | No live match data found in response
2025-08-23 18:56:18 - bovada_live - INFO - [NO_LIVE_MATCH_DATA] | No live match data found in response
2025-08-23 18:56:18 - bovada_live - INFO - [LIVE_MATCH_DATA_EXTRACTED] | Processing 3 LIVE matches from league
2025-08-23 18:56:18 - bovada_live - INFO - [NO_LIVE_MATCH_DATA] | No live match data found in response
2025-08-23 18:56:18 - bovada_live - INFO - [NO_LIVE_MATCH_DATA] | No live match data found in response
2025-08-23 18:56:18 - bovada_live - INFO - [NO_LIVE_MATCH_DATA] | No live match data found in response
2025-08-23 18:56:18 - bovada_live - INFO - [NO_LIVE_MATCH_DATA] | No live match data found in response
2025-08-23 18:56:18 - bovada_live - INFO - [NO_LIVE_MATCH_DATA] | No live match data found in response
2025-08-23 18:56:18 - bovada_live - INFO - [LIVE_MATCH_DATA_EXTRACTED] | Processing 1 LIVE matches from league
2025-08-23 18:56:18 - bovada_live - INFO - [LIVE_PROGRESS_UPDATE] | Processed 75 LIVE matches, Success: 62, Failed: 0
2025-08-23 18:56:19 - bovada_live - INFO - [NO_LIVE_MATCH_DATA] | No live match data found in response
2025-08-23 18:56:19 - bovada_live - INFO - [NO_LIVE_MATCH_DATA] | No live match data found in response
2025-08-23 18:56:19 - bovada_live - INFO - [NO_LIVE_MATCH_DATA] | No live match data found in response
2025-08-23 18:56:19 - bovada_live - INFO - [NO_LIVE_MATCH_DATA] | No live match data found in response
2025-08-23 18:56:19 - bovada_live - INFO - [NO_LIVE_MATCH_DATA] | No live match data found in response
2025-08-23 18:56:19 - bovada_live - INFO - [NO_LIVE_MATCH_DATA] | No live match data found in response
2025-08-23 18:56:19 - bovada_live - INFO - [NO_LIVE_MATCH_DATA] | No live match data found in response
2025-08-23 18:56:19 - bovada_live - INFO - [LIVE_PROGRESS_UPDATE] | Processed 75 LIVE matches, Success: 63, Failed: 0
2025-08-23 18:56:19 - bovada_live - INFO - [NO_LIVE_MATCH_DATA] | No live match data found in response
2025-08-23 18:56:19 - bovada_live - INFO - [NO_LIVE_MATCH_DATA] | No live match data found in response
2025-08-23 18:56:19 - bovada_live - INFO - [NO_LIVE_MATCH_DATA] | No live match data found in response
2025-08-23 18:56:19 - bovada_live - INFO - [LIVE_MATCH_DATA_EXTRACTED] | Processing 1 LIVE matches from league
2025-08-23 18:56:19 - bovada_live - INFO - [NO_LIVE_MATCH_DATA] | No live match data found in response
2025-08-23 18:56:19 - bovada_live - INFO - [NO_LIVE_MATCH_DATA] | No live match data found in response
2025-08-23 18:56:19 - bovada_live - INFO - [NO_LIVE_MATCH_DATA] | No live match data found in response
2025-08-23 18:56:19 - bovada_live - INFO - [NO_LIVE_MATCH_DATA] | No live match data found in response
2025-08-23 18:56:19 - bovada_live - INFO - [NO_LIVE_MATCH_DATA] | No live match data found in response
2025-08-23 18:56:19 - bovada_live - INFO - [NO_LIVE_MATCH_DATA] | No live match data found in response
2025-08-23 18:56:20 - bovada_live - INFO - [NO_LIVE_MATCH_DATA] | No live match data found in response
2025-08-23 18:56:20 - bovada_live - INFO - [NO_LIVE_MATCH_DATA] | No live match data found in response
2025-08-23 18:56:20 - bovada_live - INFO - [NO_LIVE_MATCH_DATA] | No live match data found in response
2025-08-23 18:56:20 - bovada_live - INFO - [NO_LIVE_MATCH_DATA] | No live match data found in response
2025-08-23 18:56:21 - bovada_live - INFO - [NO_LIVE_MATCH_DATA] | No live match data found in response
2025-08-23 18:56:21 - bovada_live - INFO - [NO_LIVE_MATCH_DATA] | No live match data found in response
2025-08-23 18:56:21 - bovada_live - INFO - [NO_LIVE_MATCH_DATA] | No live match data found in response
2025-08-23 18:56:21 - bovada_live - INFO - [NO_LIVE_MATCH_DATA] | No live match data found in response
2025-08-23 18:56:21 - bovada_live - INFO - [NO_LIVE_MATCH_DATA] | No live match data found in response
2025-08-23 18:56:21 - bovada_live - INFO - [NO_LIVE_MATCH_DATA] | No live match data found in response
2025-08-23 18:56:21 - bovada_live - INFO - [NO_LIVE_MATCH_DATA] | No live match data found in response
2025-08-23 18:56:21 - bovada_live - INFO - [NO_LIVE_MATCH_DATA] | No live match data found in response
2025-08-23 18:56:21 - bovada_live - INFO - [NO_LIVE_MATCH_DATA] | No live match data found in response
2025-08-23 18:56:21 - bovada_live - INFO - [NO_LIVE_MATCH_DATA] | No live match data found in response
2025-08-23 18:56:21 - bovada_live - INFO - [NO_LIVE_MATCH_DATA] | No live match data found in response
2025-08-23 18:56:21 - bovada_live - INFO - [LIVE_MATCH_DATA_EXTRACTED] | Processing 1 LIVE matches from league
2025-08-23 18:56:21 - bovada_live - INFO - [NO_LIVE_MATCH_DATA] | No live match data found in response
2025-08-23 18:56:21 - bovada_live - INFO - [NO_LIVE_MATCH_DATA] | No live match data found in response
2025-08-23 18:56:22 - bovada_live - INFO - [NO_LIVE_MATCH_DATA] | No live match data found in response
2025-08-23 18:56:22 - bovada_live - INFO - [LIVE_MATCH_DATA_EXTRACTED] | Processing 1 LIVE matches from league
2025-08-23 18:56:22 - bovada_live - INFO - [NO_LIVE_MATCH_DATA] | No live match data found in response
2025-08-23 18:56:22 - bovada_live - INFO - [NO_LIVE_MATCH_DATA] | No live match data found in response
2025-08-23 18:56:22 - bovada_live - INFO - [LIVE_MATCH_DATA_EXTRACTED] | Processing 1 LIVE matches from league
2025-08-23 18:56:22 - bovada_live - INFO - [LIVE_MATCH_DATA_EXTRACTED] | Processing 1 LIVE matches from league
2025-08-23 18:56:22 - bovada_live - INFO - [NO_LIVE_MATCH_DATA] | No live match data found in response
2025-08-23 18:56:22 - bovada_live - INFO - [LIVE_MATCH_DATA_EXTRACTED] | Processing 1 LIVE matches from league
2025-08-23 18:56:22 - bovada_live - INFO - [NO_LIVE_MATCH_DATA] | No live match data found in response
2025-08-23 18:56:22 - bovada_live - INFO - [NO_LIVE_MATCH_DATA] | No live match data found in response
2025-08-23 18:56:23 - bovada_live - INFO - [LIVE_MATCH_DATA_EXTRACTED] | Processing 1 LIVE matches from league
2025-08-23 18:56:23 - bovada_live - INFO - [NO_LIVE_MATCH_DATA] | No live match data found in response
2025-08-23 18:56:23 - bovada_live - INFO - [NO_LIVE_MATCH_DATA] | No live match data found in response
2025-08-23 18:56:23 - bovada_live - INFO - [NO_LIVE_MATCH_DATA] | No live match data found in response
2025-08-23 18:56:23 - bovada_live - INFO - [NO_LIVE_MATCH_DATA] | No live match data found in response
2025-08-23 18:56:23 - bovada_live - INFO - [LIVE_MATCH_DATA_EXTRACTED] | Processing 1 LIVE matches from league
2025-08-23 18:56:23 - bovada_live - INFO - [NO_LIVE_MATCH_DATA] | No live match data found in response
2025-08-23 18:56:23 - bovada_live - INFO - [LIVE_MATCH_DATA_EXTRACTED] | Processing 1 LIVE matches from league
2025-08-23 18:56:23 - bovada_live - INFO - [LIVE_MATCH_DATA_EXTRACTED] | Processing 1 LIVE matches from league
2025-08-23 18:56:23 - bovada_live - INFO - [NO_LIVE_MATCH_DATA] | No live match data found in response
2025-08-23 18:56:23 - bovada_live - INFO - [LIVE_MATCH_DATA_EXTRACTED] | Processing 1 LIVE matches from league
2025-08-23 18:56:23 - bovada_live - INFO - [LIVE_MATCH_DATA_EXTRACTED] | Processing 1 LIVE matches from league
2025-08-23 18:56:23 - bovada_live - INFO - [NO_LIVE_MATCH_DATA] | No live match data found in response
2025-08-23 18:56:24 - bovada_live - INFO - [LIVE_MATCH_DATA_EXTRACTED] | Processing 1 LIVE matches from league
2025-08-23 18:56:24 - bovada_live - INFO - [LIVE_MATCH_DATA_EXTRACTED] | Processing 1 LIVE matches from league
2025-08-23 18:56:24 - bovada_live - INFO - [LIVE_MATCH_DATA_EXTRACTED] | Processing 1 LIVE matches from league
2025-08-23 18:56:24 - bovada_live - INFO - [LIVE_MATCH_DATA_EXTRACTED] | Processing 1 LIVE matches from league
2025-08-23 18:56:24 - bovada_live - INFO - [NO_LIVE_MATCH_DATA] | No live match data found in response
2025-08-23 18:56:24 - bovada_live - INFO - [LIVE_MATCH_DATA_EXTRACTED] | Processing 1 LIVE matches from league
2025-08-23 18:56:24 - bovada_live - INFO - [NO_LIVE_MATCH_DATA] | No live match data found in response
2025-08-23 18:56:25 - bovada_live - INFO - [NO_LIVE_MATCH_DATA] | No live match data found in response
2025-08-23 18:56:25 - bovada_live - INFO - [NO_LIVE_MATCH_DATA] | No live match data found in response
2025-08-23 18:56:25 - bovada_live - INFO - [NO_LIVE_MATCH_DATA] | No live match data found in response
2025-08-23 18:56:25 - bovada_live - INFO - [NO_LIVE_MATCH_DATA] | No live match data found in response
2025-08-23 18:56:25 - bovada_live - INFO - [NO_LIVE_MATCH_DATA] | No live match data found in response
2025-08-23 18:56:25 - bovada_live - INFO - [NO_LIVE_MATCH_DATA] | No live match data found in response
2025-08-23 18:56:26 - bovada_live - INFO - [NO_LIVE_MATCH_DATA] | No live match data found in response
2025-08-23 18:56:26 - bovada_live - INFO - [NO_LIVE_MATCH_DATA] | No live match data found in response
2025-08-23 18:56:26 - bovada_live - INFO - [NO_LIVE_MATCH_DATA] | No live match data found in response
2025-08-23 18:56:26 - bovada_live - INFO - [NO_LIVE_MATCH_DATA] | No live match data found in response
2025-08-23 18:56:26 - bovada_live - INFO - [NO_LIVE_MATCH_DATA] | No live match data found in response
2025-08-23 18:56:26 - bovada_live - INFO - [NO_LIVE_MATCH_DATA] | No live match data found in response
2025-08-23 18:56:26 - bovada_live - INFO - [NO_LIVE_MATCH_DATA] | No live match data found in response
2025-08-23 18:56:26 - bovada_live - INFO - [NO_LIVE_MATCH_DATA] | No live match data found in response
2025-08-23 18:56:27 - bovada_live - INFO - [NO_LIVE_MATCH_DATA] | No live match data found in response
2025-08-23 18:56:27 - bovada_live - INFO - [NO_LIVE_MATCH_DATA] | No live match data found in response
2025-08-23 18:56:27 - bovada_live - INFO - [NO_LIVE_MATCH_DATA] | No live match data found in response
2025-08-23 18:56:27 - bovada_live - INFO - [NO_LIVE_MATCH_DATA] | No live match data found in response
2025-08-23 18:56:30 - bovada_live - INFO - [LIVE_SCRAPER_COMPLETED] Matches: 89 | Bovada Live scraper completed successfully
2025-08-23 18:56:30 - bovada_live - INFO - [FINAL_LIVE_STATS] | Total LIVE: 92, Success: 89, Failed: 0, Unique odds: 6
2025-08-24 15:22:37 - bovada_live - INFO - Logger initialized for bovada_live scraper
2025-08-24 15:22:37 - bovada_live - INFO - Log file: scraper_logs/bovada_live.log
2025-08-24 15:22:37 - bovada_live - INFO - [INIT] | Initializing Bovada Live scraper
2025-08-24 15:22:37 - bovada_live - INFO - [INIT_COMPLETE] | Loaded 259 odds mappings for live matches
2025-08-24 15:22:38 - bovada_live - INFO - [START] | Starting Bovada Live navigation scraping
2025-08-24 15:22:42 - bovada_live - INFO - [NAVIGATION_PARSED] | Found 26 sport categories for live matches
2025-08-24 15:22:42 - bovada_live - INFO - [LIVE_SPORTS_FILTERED] | Processing 14 valid sports for live matches
2025-08-24 15:22:43 - bovada_live - INFO - [SUBCATEGORY_PARSED] | Found 21 subcategories for live Snooker
2025-08-24 15:22:44 - bovada_live - INFO - [SUBCATEGORY_PARSED] | Found 10 subcategories for live Snooker
2025-08-24 15:22:44 - bovada_live - INFO - [SUBCATEGORY_PARSED] | Found 13 subcategories for live Snooker
2025-08-24 15:22:44 - bovada_live - INFO - [SUBCATEGORY_PARSED] | Found 17 subcategories for live Snooker
2025-08-24 15:22:44 - bovada_live - INFO - [SUBCATEGORY_PARSED] | Found 2 subcategories for live Snooker
2025-08-24 15:22:44 - bovada_live - INFO - [SUBCATEGORY_PARSED] | Found 6 subcategories for live Snooker
2025-08-24 15:22:45 - bovada_live - INFO - [NO_LIVE_MATCH_DATA] | No live match data found in response
2025-08-24 15:22:45 - bovada_live - INFO - [SUBCATEGORY_PARSED] | Found 1 subcategories for live Snooker
2025-08-24 15:22:45 - bovada_live - INFO - [NO_LIVE_MATCH_DATA] | No live match data found in response
2025-08-24 15:22:45 - bovada_live - INFO - [NO_LIVE_MATCH_DATA] | No live match data found in response
2025-08-24 15:22:45 - bovada_live - INFO - [LIVE_MATCH_DATA_EXTRACTED] | Processing 1 LIVE matches from league
2025-08-24 15:22:46 - bovada_live - INFO - [LIVE_MATCH_DATA_EXTRACTED] | Processing 1 LIVE matches from league
2025-08-24 15:22:46 - bovada_live - INFO - [NO_LIVE_MATCH_DATA] | No live match data found in response
2025-08-24 15:22:46 - bovada_live - INFO - [LIVE_MATCH_DATA_EXTRACTED] | Processing 1 LIVE matches from league
2025-08-24 15:22:46 - bovada_live - INFO - [NO_LIVE_MATCH_DATA] | No live match data found in response
2025-08-24 15:22:46 - bovada_live - INFO - [LIVE_MATCH_DATA_EXTRACTED] | Processing 7 LIVE matches from league
2025-08-24 15:22:47 - bovada_live - INFO - [LIVE_MATCH_DATA_EXTRACTED] | Processing 2 LIVE matches from league
2025-08-24 15:22:47 - bovada_live - INFO - [NO_LIVE_MATCH_DATA] | No live match data found in response
2025-08-24 15:22:47 - bovada_live - INFO - [NO_LIVE_MATCH_DATA] | No live match data found in response
2025-08-24 15:22:47 - bovada_live - INFO - [NO_LIVE_MATCH_DATA] | No live match data found in response
2025-08-24 15:22:47 - bovada_live - INFO - [NO_LIVE_MATCH_DATA] | No live match data found in response
2025-08-24 15:22:47 - bovada_live - INFO - [NO_LIVE_MATCH_DATA] | No live match data found in response
2025-08-24 15:22:48 - bovada_live - INFO - [NO_LIVE_MATCH_DATA] | No live match data found in response
2025-08-24 15:22:48 - bovada_live - INFO - [LIVE_MATCH_DATA_EXTRACTED] | Processing 2 LIVE matches from league
2025-08-24 15:22:48 - bovada_live - INFO - [NO_LIVE_MATCH_DATA] | No live match data found in response
2025-08-24 15:22:48 - bovada_live - INFO - [NO_LIVE_MATCH_DATA] | No live match data found in response
2025-08-24 15:22:48 - bovada_live - INFO - [LIVE_MATCH_DATA_EXTRACTED] | Processing 2 LIVE matches from league
2025-08-24 15:22:49 - bovada_live - INFO - [NO_LIVE_MATCH_DATA] | No live match data found in response
2025-08-24 15:22:49 - bovada_live - INFO - [NO_LIVE_MATCH_DATA] | No live match data found in response
2025-08-24 15:22:49 - bovada_live - INFO - [NO_LIVE_MATCH_DATA] | No live match data found in response
2025-08-24 15:22:49 - bovada_live - INFO - [NO_LIVE_MATCH_DATA] | No live match data found in response
2025-08-24 15:22:49 - bovada_live - INFO - [NO_LIVE_MATCH_DATA] | No live match data found in response
2025-08-24 15:22:50 - bovada_live - INFO - [NO_LIVE_MATCH_DATA] | No live match data found in response
2025-08-24 15:22:50 - bovada_live - INFO - [NO_LIVE_MATCH_DATA] | No live match data found in response
2025-08-24 15:22:50 - bovada_live - INFO - [NO_LIVE_MATCH_DATA] | No live match data found in response
2025-08-24 15:22:50 - bovada_live - INFO - [LIVE_MATCH_DATA_EXTRACTED] | Processing 2 LIVE matches from league
2025-08-24 15:22:50 - bovada_live - INFO - [NO_LIVE_MATCH_DATA] | No live match data found in response
2025-08-24 15:22:50 - bovada_live - INFO - [LIVE_MATCH_DATA_EXTRACTED] | Processing 2 LIVE matches from league
2025-08-24 15:22:50 - bovada_live - INFO - [LIVE_MATCH_DATA_EXTRACTED] | Processing 1 LIVE matches from league
2025-08-24 15:22:50 - bovada_live - INFO - [LIVE_MATCH_DATA_EXTRACTED] | Processing 1 LIVE matches from league
2025-08-24 15:22:50 - bovada_live - INFO - [NO_LIVE_MATCH_DATA] | No live match data found in response
2025-08-24 15:22:50 - bovada_live - INFO - [NO_LIVE_MATCH_DATA] | No live match data found in response
2025-08-24 15:22:50 - bovada_live - INFO - [LIVE_MATCH_DATA_EXTRACTED] | Processing 1 LIVE matches from league
2025-08-24 15:22:50 - bovada_live - INFO - [LIVE_MATCH_DATA_EXTRACTED] | Processing 1 LIVE matches from league
2025-08-24 15:22:50 - bovada_live - INFO - [LIVE_MATCH_DATA_EXTRACTED] | Processing 1 LIVE matches from league
2025-08-24 15:22:51 - bovada_live - INFO - [NO_LIVE_MATCH_DATA] | No live match data found in response
2025-08-24 15:22:51 - bovada_live - INFO - [NO_LIVE_MATCH_DATA] | No live match data found in response
2025-08-24 15:22:51 - bovada_live - INFO - [NO_LIVE_MATCH_DATA] | No live match data found in response
2025-08-24 15:22:51 - bovada_live - INFO - [NO_LIVE_MATCH_DATA] | No live match data found in response
2025-08-24 15:22:51 - bovada_live - INFO - [LIVE_MATCH_DATA_EXTRACTED] | Processing 1 LIVE matches from league
2025-08-24 15:22:51 - bovada_live - INFO - [LIVE_MATCH_DATA_EXTRACTED] | Processing 1 LIVE matches from league
2025-08-24 15:22:51 - bovada_live - INFO - [NO_LIVE_MATCH_DATA] | No live match data found in response
2025-08-24 15:22:51 - bovada_live - INFO - [NO_LIVE_MATCH_DATA] | No live match data found in response
2025-08-24 15:22:51 - bovada_live - INFO - [LIVE_MATCH_DATA_EXTRACTED] | Processing 1 LIVE matches from league
2025-08-24 15:22:52 - bovada_live - INFO - [NO_LIVE_MATCH_DATA] | No live match data found in response
2025-08-24 15:22:52 - bovada_live - INFO - [LIVE_MATCH_DATA_EXTRACTED] | Processing 2 LIVE matches from league
2025-08-24 15:22:52 - bovada_live - INFO - [LIVE_MATCH_DATA_EXTRACTED] | Processing 1 LIVE matches from league
2025-08-24 15:22:53 - bovada_live - INFO - [NO_LIVE_MATCH_DATA] | No live match data found in response
2025-08-24 15:22:53 - bovada_live - INFO - [NO_LIVE_MATCH_DATA] | No live match data found in response
2025-08-24 15:22:53 - bovada_live - INFO - [NO_LIVE_MATCH_DATA] | No live match data found in response
2025-08-24 15:22:53 - bovada_live - INFO - [NO_LIVE_MATCH_DATA] | No live match data found in response
2025-08-24 15:22:54 - bovada_live - INFO - [NO_LIVE_MATCH_DATA] | No live match data found in response
2025-08-24 15:22:54 - bovada_live - INFO - [NO_LIVE_MATCH_DATA] | No live match data found in response
2025-08-24 15:22:54 - bovada_live - INFO - [NO_LIVE_MATCH_DATA] | No live match data found in response
2025-08-24 15:22:54 - bovada_live - INFO - [LIVE_MATCH_DATA_EXTRACTED] | Processing 1 LIVE matches from league
2025-08-24 15:22:55 - bovada_live - INFO - [NO_LIVE_MATCH_DATA] | No live match data found in response
2025-08-24 15:22:55 - bovada_live - INFO - [NO_LIVE_MATCH_DATA] | No live match data found in response
2025-08-24 15:22:55 - bovada_live - INFO - [NO_LIVE_MATCH_DATA] | No live match data found in response
2025-08-24 15:22:55 - bovada_live - INFO - [NO_LIVE_MATCH_DATA] | No live match data found in response
2025-08-24 15:22:55 - bovada_live - INFO - [LIVE_MATCH_DATA_EXTRACTED] | Processing 2 LIVE matches from league
2025-08-24 15:22:55 - bovada_live - INFO - [NO_LIVE_MATCH_DATA] | No live match data found in response
2025-08-24 15:22:55 - bovada_live - INFO - [NO_LIVE_MATCH_DATA] | No live match data found in response
2025-08-24 15:22:56 - bovada_live - INFO - [NO_LIVE_MATCH_DATA] | No live match data found in response
2025-08-24 15:22:56 - bovada_live - INFO - [NO_LIVE_MATCH_DATA] | No live match data found in response
2025-08-24 15:22:56 - bovada_live - INFO - [NO_LIVE_MATCH_DATA] | No live match data found in response
2025-08-24 15:22:56 - bovada_live - INFO - [NO_LIVE_MATCH_DATA] | No live match data found in response
2025-08-24 15:22:56 - bovada_live - INFO - [NO_LIVE_MATCH_DATA] | No live match data found in response
2025-08-24 15:22:56 - bovada_live - INFO - [NO_LIVE_MATCH_DATA] | No live match data found in response
2025-08-24 15:22:56 - bovada_live - INFO - [NO_LIVE_MATCH_DATA] | No live match data found in response
2025-08-24 15:22:56 - bovada_live - INFO - [NO_LIVE_MATCH_DATA] | No live match data found in response
2025-08-24 15:22:56 - bovada_live - INFO - [NO_LIVE_MATCH_DATA] | No live match data found in response
2025-08-24 15:22:56 - bovada_live - INFO - [NO_LIVE_MATCH_DATA] | No live match data found in response
2025-08-24 15:22:56 - bovada_live - INFO - [NO_LIVE_MATCH_DATA] | No live match data found in response
2025-08-24 15:22:56 - bovada_live - INFO - [NO_LIVE_MATCH_DATA] | No live match data found in response
2025-08-24 15:22:57 - bovada_live - INFO - [NO_LIVE_MATCH_DATA] | No live match data found in response
2025-08-24 15:22:57 - bovada_live - INFO - [NO_LIVE_MATCH_DATA] | No live match data found in response
2025-08-24 15:22:57 - bovada_live - INFO - [NO_LIVE_MATCH_DATA] | No live match data found in response
2025-08-24 15:22:57 - bovada_live - INFO - [NO_LIVE_MATCH_DATA] | No live match data found in response
2025-08-24 15:22:57 - bovada_live - INFO - [NO_LIVE_MATCH_DATA] | No live match data found in response
2025-08-24 15:22:57 - bovada_live - INFO - [NO_LIVE_MATCH_DATA] | No live match data found in response
2025-08-24 15:22:57 - bovada_live - INFO - [NO_LIVE_MATCH_DATA] | No live match data found in response
2025-08-24 15:22:58 - bovada_live - INFO - [NO_LIVE_MATCH_DATA] | No live match data found in response
2025-08-24 15:22:58 - bovada_live - INFO - [NO_LIVE_MATCH_DATA] | No live match data found in response
2025-08-24 15:22:58 - bovada_live - INFO - [NO_LIVE_MATCH_DATA] | No live match data found in response
2025-08-24 15:22:58 - bovada_live - INFO - [NO_LIVE_MATCH_DATA] | No live match data found in response
2025-08-24 15:22:58 - bovada_live - INFO - [NO_LIVE_MATCH_DATA] | No live match data found in response
2025-08-24 15:22:58 - bovada_live - INFO - [NO_LIVE_MATCH_DATA] | No live match data found in response
2025-08-24 15:22:59 - bovada_live - INFO - [NO_LIVE_MATCH_DATA] | No live match data found in response
2025-08-24 15:22:59 - bovada_live - INFO - [NO_LIVE_MATCH_DATA] | No live match data found in response
2025-08-24 15:22:59 - bovada_live - INFO - [NO_LIVE_MATCH_DATA] | No live match data found in response
2025-08-24 15:22:59 - bovada_live - INFO - [NO_LIVE_MATCH_DATA] | No live match data found in response
2025-08-24 15:22:59 - bovada_live - INFO - [NO_LIVE_MATCH_DATA] | No live match data found in response
2025-08-24 15:22:59 - bovada_live - INFO - [NO_LIVE_MATCH_DATA] | No live match data found in response
2025-08-24 15:22:59 - bovada_live - INFO - [NO_LIVE_MATCH_DATA] | No live match data found in response
2025-08-24 15:22:59 - bovada_live - INFO - [NO_LIVE_MATCH_DATA] | No live match data found in response
2025-08-24 15:22:59 - bovada_live - INFO - [NO_LIVE_MATCH_DATA] | No live match data found in response
2025-08-24 15:23:00 - bovada_live - INFO - [NO_LIVE_MATCH_DATA] | No live match data found in response
2025-08-24 15:23:00 - bovada_live - INFO - [NO_LIVE_MATCH_DATA] | No live match data found in response
2025-08-24 15:23:00 - bovada_live - INFO - [NO_LIVE_MATCH_DATA] | No live match data found in response
2025-08-24 15:23:00 - bovada_live - INFO - [NO_LIVE_MATCH_DATA] | No live match data found in response
2025-08-24 15:23:00 - bovada_live - INFO - [NO_LIVE_MATCH_DATA] | No live match data found in response
2025-08-24 15:23:00 - bovada_live - INFO - [NO_LIVE_MATCH_DATA] | No live match data found in response
2025-08-24 15:23:00 - bovada_live - INFO - [NO_LIVE_MATCH_DATA] | No live match data found in response
2025-08-24 15:23:00 - bovada_live - INFO - [NO_LIVE_MATCH_DATA] | No live match data found in response
2025-08-24 15:23:01 - bovada_live - INFO - [NO_LIVE_MATCH_DATA] | No live match data found in response
2025-08-24 15:23:01 - bovada_live - INFO - [NO_LIVE_MATCH_DATA] | No live match data found in response
2025-08-24 15:23:01 - bovada_live - INFO - [NO_LIVE_MATCH_DATA] | No live match data found in response
2025-08-24 15:23:01 - bovada_live - INFO - [NO_LIVE_MATCH_DATA] | No live match data found in response
2025-08-24 15:23:02 - bovada_live - INFO - [NO_LIVE_MATCH_DATA] | No live match data found in response
2025-08-24 15:23:02 - bovada_live - INFO - [NO_LIVE_MATCH_DATA] | No live match data found in response
2025-08-24 15:23:02 - bovada_live - INFO - [LIVE_MATCH_DATA_EXTRACTED] | Processing 3 LIVE matches from league
2025-08-24 15:23:02 - bovada_live - INFO - [NO_LIVE_MATCH_DATA] | No live match data found in response
2025-08-24 15:23:03 - bovada_live - INFO - [NO_LIVE_MATCH_DATA] | No live match data found in response
2025-08-24 15:23:03 - bovada_live - INFO - [LIVE_MATCH_DATA_EXTRACTED] | Processing 1 LIVE matches from league
2025-08-24 15:23:03 - bovada_live - INFO - [NO_LIVE_MATCH_DATA] | No live match data found in response
2025-08-24 15:23:03 - bovada_live - INFO - [LIVE_MATCH_DATA_EXTRACTED] | Processing 2 LIVE matches from league
2025-08-24 15:23:03 - bovada_live - INFO - [LIVE_MATCH_DATA_EXTRACTED] | Processing 1 LIVE matches from league
2025-08-24 15:23:03 - bovada_live - INFO - [NO_LIVE_MATCH_DATA] | No live match data found in response
2025-08-24 15:23:03 - bovada_live - INFO - [NO_LIVE_MATCH_DATA] | No live match data found in response
2025-08-24 15:23:03 - bovada_live - INFO - [LIVE_MATCH_DATA_EXTRACTED] | Processing 2 LIVE matches from league
2025-08-24 15:23:06 - bovada_live - INFO - [NO_LIVE_MATCH_DATA] | No live match data found in response
2025-08-24 15:23:06 - bovada_live - INFO - [LIVE_MATCH_DATA_EXTRACTED] | Processing 1 LIVE matches from league
2025-08-24 15:23:06 - bovada_live - INFO - [LIVE_MATCH_DATA_EXTRACTED] | Processing 2 LIVE matches from league
2025-08-24 15:23:08 - bovada_live - INFO - [NO_LIVE_MATCH_DATA] | No live match data found in response
2025-08-24 15:23:08 - bovada_live - INFO - [LIVE_MATCH_DATA_EXTRACTED] | Processing 3 LIVE matches from league
2025-08-24 15:23:08 - bovada_live - INFO - [NO_LIVE_MATCH_DATA] | No live match data found in response
2025-08-24 15:23:08 - bovada_live - INFO - [NO_LIVE_MATCH_DATA] | No live match data found in response
2025-08-24 15:23:08 - bovada_live - INFO - [LIVE_MATCH_DATA_EXTRACTED] | Processing 3 LIVE matches from league
2025-08-24 15:23:08 - bovada_live - INFO - [NO_LIVE_MATCH_DATA] | No live match data found in response
2025-08-24 15:23:08 - bovada_live - INFO - [NO_LIVE_MATCH_DATA] | No live match data found in response
2025-08-24 15:23:08 - bovada_live - INFO - [NO_LIVE_MATCH_DATA] | No live match data found in response
2025-08-24 15:23:11 - bovada_live - INFO - [SUBCATEGORY_PARSED] | Found 9 subcategories for live Snooker
2025-08-24 15:23:12 - bovada_live - INFO - [NO_LIVE_MATCH_DATA] | No live match data found in response
2025-08-24 15:23:12 - bovada_live - INFO - [NO_LIVE_MATCH_DATA] | No live match data found in response
2025-08-24 15:23:16 - bovada_live - INFO - [NO_LIVE_MATCH_DATA] | No live match data found in response
2025-08-24 15:23:16 - bovada_live - INFO - [NO_LIVE_MATCH_DATA] | No live match data found in response
2025-08-24 15:23:16 - bovada_live - INFO - [NO_LIVE_MATCH_DATA] | No live match data found in response
2025-08-24 15:23:16 - bovada_live - INFO - [NO_LIVE_MATCH_DATA] | No live match data found in response
2025-08-24 15:23:16 - bovada_live - INFO - [NO_LIVE_MATCH_DATA] | No live match data found in response
2025-08-24 15:23:16 - bovada_live - INFO - [NO_LIVE_MATCH_DATA] | No live match data found in response
2025-08-24 15:23:17 - bovada_live - INFO - [NO_LIVE_MATCH_DATA] | No live match data found in response
2025-08-24 15:23:17 - bovada_live - INFO - [NO_LIVE_MATCH_DATA] | No live match data found in response
2025-08-24 15:23:17 - bovada_live - INFO - [NO_LIVE_MATCH_DATA] | No live match data found in response
2025-08-24 15:23:17 - bovada_live - INFO - [NO_LIVE_MATCH_DATA] | No live match data found in response
2025-08-24 15:23:18 - bovada_live - INFO - [NO_LIVE_MATCH_DATA] | No live match data found in response
2025-08-24 15:23:18 - bovada_live - INFO - [NO_LIVE_MATCH_DATA] | No live match data found in response
2025-08-24 15:23:18 - bovada_live - INFO - [NO_LIVE_MATCH_DATA] | No live match data found in response
2025-08-24 15:23:19 - bovada_live - INFO - [LIVE_MATCH_DATA_EXTRACTED] | Processing 5 LIVE matches from league
2025-08-24 15:23:19 - bovada_live - INFO - [LIVE_MATCH_DATA_EXTRACTED] | Processing 3 LIVE matches from league
2025-08-24 15:23:19 - bovada_live - INFO - [LIVE_MATCH_DATA_EXTRACTED] | Processing 1 LIVE matches from league
2025-08-24 15:23:23 - bovada_live - INFO - [LIVE_MATCH_DATA_EXTRACTED] | Processing 2 LIVE matches from league
