2025-08-24 16:47:32 - unibet - INFO - Logger initialized for unibet scraper
2025-08-24 16:47:32 - unibet - INFO - Log file: scraper_logs/unibet.log
2025-08-24 16:47:32 - unibet - INFO - [INIT] | Initializing Unibet scraper
2025-08-24 16:47:32 - unibet - INFO - [INIT_COMPLETE] | Loaded 259 odds mappings, 293 countries
2025-08-24 16:47:32 - unibet - INFO - [START] | Starting Unibet sports navigation
2025-08-24 16:47:34 - unibet - INFO - [SPORTS_NAVIGATION_PARSED] | Found 38 sports in navigation
2025-08-24 16:47:34 - unibet - INFO - [VALID_SPORTS_FILTERED] | Processing 14 valid sports
2025-08-24 16:47:35 - unibet - INFO - [SPORT_DATA_EXTRACTED] | Processing matches for RUGBY_LEAGUE (1 groups)
2025-08-24 16:47:35 - unibet - INFO - [SPORT_COMPLETED] | Sport: RUGBY_LEAGUE, Matches processed: 2
2025-08-24 16:47:36 - unibet - INFO - [SPORT_DATA_EXTRACTED] | Processing matches for AMERICAN_FOOTBALL (2 groups)
2025-08-24 16:47:36 - unibet - INFO - [SPORT_COMPLETED] | Sport: AMERICAN_FOOTBALL, Matches processed: 60
2025-08-24 16:47:36 - unibet - INFO - [SPORT_DATA_EXTRACTED] | Processing matches for FUTSAL (1 groups)
2025-08-24 16:47:36 - unibet - INFO - [SPORT_COMPLETED] | Sport: FUTSAL, Matches processed: 2
2025-08-24 16:47:36 - unibet - INFO - [SPORT_DATA_EXTRACTED] | Processing matches for PESAPALLO (1 groups)
2025-08-24 16:47:36 - unibet - INFO - [SPORT_COMPLETED] | Sport: PESAPALLO, Matches processed: 5
2025-08-24 16:47:36 - unibet - INFO - [SPORT_DATA_EXTRACTED] | Processing matches for HANDBALL (1 groups)
2025-08-24 16:47:36 - unibet - INFO - [SPORT_COMPLETED] | Sport: HANDBALL, Matches processed: 2
2025-08-24 16:47:37 - unibet - INFO - [SPORT_DATA_EXTRACTED] | Processing matches for VOLLEYBALL (1 groups)
2025-08-24 16:47:37 - unibet - INFO - [SPORT_DATA_EXTRACTED] | Processing matches for BASEBALL (2 groups)
2025-08-24 16:47:37 - unibet - INFO - [SPORT_COMPLETED] | Sport: VOLLEYBALL, Matches processed: 12
2025-08-24 16:47:37 - unibet - INFO - [SPORT_COMPLETED] | Sport: BASEBALL, Matches processed: 14
2025-08-24 16:47:37 - unibet - INFO - [SPORT_DATA_EXTRACTED] | Processing matches for BASKETBALL (10 groups)
2025-08-24 16:47:37 - unibet - INFO - [SPORT_COMPLETED] | Sport: BASKETBALL, Matches processed: 36
2025-08-24 16:47:37 - unibet - INFO - [SPORT_DATA_EXTRACTED] | Processing matches for SNOOKER (1 groups)
2025-08-24 16:47:37 - unibet - INFO - [SPORT_COMPLETED] | Sport: SNOOKER, Matches processed: 7
2025-08-24 16:47:37 - unibet - INFO - [SPORT_DATA_EXTRACTED] | Processing matches for TABLE_TENNIS (3 groups)
2025-08-24 16:47:38 - unibet - INFO - [SPORT_COMPLETED] | Sport: TABLE_TENNIS, Matches processed: 58
2025-08-24 16:47:38 - unibet - INFO - [SPORT_DATA_EXTRACTED] | Processing matches for TENNIS (6 groups)
2025-08-24 16:47:38 - unibet - INFO - [SPORT_DATA_EXTRACTED] | Processing matches for RUGBY_UNION (3 groups)
2025-08-24 16:47:38 - unibet - INFO - [SPORT_DATA_EXTRACTED] | Processing matches for soccer (72 groups)
2025-08-24 16:47:38 - unibet - INFO - [SPORT_COMPLETED] | Sport: RUGBY_UNION, Matches processed: 10
2025-08-24 16:47:41 - unibet - INFO - [SPORT_COMPLETED] | Sport: TENNIS, Matches processed: 146
2025-08-24 16:47:42 - unibet - INFO - [SPORT_DATA_EXTRACTED] | Processing matches for CRICKET (4 groups)
2025-08-24 16:47:42 - unibet - INFO - [SPORT_COMPLETED] | Sport: CRICKET, Matches processed: 8
2025-08-24 16:47:43 - unibet - INFO - [SPORT_COMPLETED] | Sport: soccer, Matches processed: 376
2025-08-25 10:42:04 - unibet - INFO - Logger initialized for unibet scraper
2025-08-25 10:42:04 - unibet - INFO - Log file: scraper_logs/unibet.log
2025-08-25 10:42:04 - unibet - INFO - [INIT] | Initializing Unibet scraper
2025-08-25 10:42:04 - unibet - INFO - [INIT_COMPLETE] | Loaded 259 odds mappings, 293 countries
2025-08-25 10:42:05 - unibet - INFO - [START] | Starting Unibet sports navigation
2025-08-25 10:42:08 - unibet - INFO - [SPORTS_NAVIGATION_PARSED] | Found 36 sports in navigation
2025-08-25 10:42:08 - unibet - INFO - [VALID_SPORTS_FILTERED] | Processing 13 valid sports
2025-08-25 10:42:09 - unibet - INFO - [SPORT_DATA_EXTRACTED] | Processing matches for BASEBALL (1 groups)
2025-08-25 10:42:09 - unibet - INFO - [SPORT_COMPLETED] | Sport: BASEBALL, Matches processed: 13
2025-08-25 10:42:09 - unibet - INFO - [SPORT_DATA_EXTRACTED] | Processing matches for TABLE_TENNIS (4 groups)
2025-08-25 10:42:12 - unibet - INFO - [SPORT_DATA_EXTRACTED] | Processing matches for CRICKET (4 groups)
2025-08-25 10:42:12 - unibet - INFO - [SPORT_DATA_EXTRACTED] | Processing matches for BADMINTON (1 groups)
2025-08-25 10:42:12 - unibet - INFO - [SPORT_DATA_EXTRACTED] | Processing matches for BASKETBALL (4 groups)
2025-08-25 10:42:12 - unibet - INFO - [SPORT_DATA_EXTRACTED] | Processing matches for SNOOKER (1 groups)
2025-08-25 10:42:12 - unibet - INFO - [SPORT_DATA_EXTRACTED] | Processing matches for AMERICAN_FOOTBALL (2 groups)
2025-08-25 10:42:12 - unibet - INFO - [SPORT_DATA_EXTRACTED] | Processing matches for TENNIS (6 groups)
2025-08-25 10:42:12 - unibet - INFO - [SPORT_DATA_EXTRACTED] | Processing matches for HANDBALL (2 groups)
2025-08-25 10:42:12 - unibet - INFO - [SPORT_COMPLETED] | Sport: CRICKET, Matches processed: 4
2025-08-25 10:42:12 - unibet - INFO - [SPORT_DATA_EXTRACTED] | Processing matches for soccer (39 groups)
2025-08-25 10:42:13 - unibet - INFO - [SPORT_DATA_EXTRACTED] | Processing matches for RUGBY_LEAGUE (1 groups)
2025-08-25 10:42:13 - unibet - INFO - [SPORT_DATA_EXTRACTED] | Processing matches for RUGBY_UNION (1 groups)
2025-08-25 10:42:13 - unibet - INFO - [SPORT_DATA_EXTRACTED] | Processing matches for VOLLEYBALL (2 groups)
2025-08-25 10:42:14 - unibet - INFO - [SPORT_COMPLETED] | Sport: HANDBALL, Matches processed: 16
2025-08-25 10:42:14 - unibet - INFO - [SPORT_COMPLETED] | Sport: RUGBY_LEAGUE, Matches processed: 7
2025-08-25 10:42:14 - unibet - INFO - [SPORT_COMPLETED] | Sport: BASKETBALL, Matches processed: 23
2025-08-25 10:42:14 - unibet - INFO - [SPORT_COMPLETED] | Sport: RUGBY_UNION, Matches processed: 7
2025-08-25 10:42:14 - unibet - INFO - [SPORT_COMPLETED] | Sport: TABLE_TENNIS, Matches processed: 67
2025-08-25 10:42:14 - unibet - INFO - [SPORT_COMPLETED] | Sport: SNOOKER, Matches processed: 21
2025-08-25 10:42:15 - unibet - INFO - [SPORT_COMPLETED] | Sport: VOLLEYBALL, Matches processed: 24
2025-08-25 10:42:16 - unibet - INFO - [SPORT_COMPLETED] | Sport: BADMINTON, Matches processed: 42
2025-08-25 10:42:18 - unibet - INFO - [PROGRESS_UPDATE] | Processed 400 matches, Success: 52, Failed: 0
2025-08-25 10:42:18 - unibet - INFO - [PROGRESS_UPDATE] | Processed 400 matches, Success: 53, Failed: 0
2025-08-25 10:42:18 - unibet - INFO - [PROGRESS_UPDATE] | Processed 400 matches, Success: 54, Failed: 0
2025-08-25 10:42:18 - unibet - INFO - [PROGRESS_UPDATE] | Processed 400 matches, Success: 55, Failed: 0
2025-08-25 10:42:18 - unibet - INFO - [PROGRESS_UPDATE] | Processed 400 matches, Success: 56, Failed: 0
2025-08-25 10:42:18 - unibet - INFO - [PROGRESS_UPDATE] | Processed 400 matches, Success: 57, Failed: 0
2025-08-25 10:42:18 - unibet - INFO - [SPORT_COMPLETED] | Sport: AMERICAN_FOOTBALL, Matches processed: 63
2025-08-25 10:42:23 - unibet - INFO - [SPORT_COMPLETED] | Sport: TENNIS, Matches processed: 132
2025-08-25 10:42:26 - unibet - INFO - [SPORT_COMPLETED] | Sport: soccer, Matches processed: 196
2025-08-25 11:57:56 - unibet - INFO - Logger initialized for unibet scraper
2025-08-25 11:57:56 - unibet - INFO - Log file: scraper_logs/unibet.log
2025-08-25 11:57:56 - unibet - INFO - [INIT] | Initializing Unibet scraper
2025-08-25 11:57:56 - unibet - INFO - [INIT_COMPLETE] | Loaded 259 odds mappings, 293 countries
2025-08-25 11:57:57 - unibet - INFO - [START] | Starting Unibet sports navigation
2025-08-25 11:57:59 - unibet - INFO - [SPORTS_NAVIGATION_PARSED] | Found 36 sports in navigation
2025-08-25 11:57:59 - unibet - INFO - [VALID_SPORTS_FILTERED] | Processing 13 valid sports
2025-08-25 11:58:01 - unibet - INFO - [SPORT_DATA_EXTRACTED] | Processing matches for soccer (39 groups)
2025-08-25 11:58:01 - unibet - INFO - [SPORT_DATA_EXTRACTED] | Processing matches for CRICKET (4 groups)
2025-08-25 11:58:01 - unibet - INFO - [SPORT_COMPLETED] | Sport: CRICKET, Matches processed: 4
2025-08-25 11:58:01 - unibet - INFO - [SPORT_DATA_EXTRACTED] | Processing matches for BASKETBALL (4 groups)
2025-08-25 11:58:01 - unibet - INFO - [SPORT_COMPLETED] | Sport: BASKETBALL, Matches processed: 23
2025-08-25 11:58:01 - unibet - INFO - [SPORT_DATA_EXTRACTED] | Processing matches for BADMINTON (1 groups)
2025-08-25 11:58:02 - unibet - INFO - [SPORT_DATA_EXTRACTED] | Processing matches for TABLE_TENNIS (3 groups)
2025-08-25 11:58:02 - unibet - INFO - [SPORT_COMPLETED] | Sport: soccer, Matches processed: 194
2025-08-25 11:58:02 - unibet - INFO - [SPORT_DATA_EXTRACTED] | Processing matches for VOLLEYBALL (2 groups)
2025-08-25 11:58:02 - unibet - INFO - [SPORT_DATA_EXTRACTED] | Processing matches for BASEBALL (1 groups)
2025-08-25 11:58:02 - unibet - INFO - [SPORT_COMPLETED] | Sport: BADMINTON, Matches processed: 54
2025-08-25 11:58:02 - unibet - INFO - [SPORT_COMPLETED] | Sport: VOLLEYBALL, Matches processed: 21
2025-08-25 11:58:02 - unibet - INFO - [SPORT_COMPLETED] | Sport: BASEBALL, Matches processed: 13
2025-08-25 11:58:02 - unibet - INFO - [SPORT_DATA_EXTRACTED] | Processing matches for AMERICAN_FOOTBALL (2 groups)
2025-08-25 11:58:02 - unibet - INFO - [SPORT_COMPLETED] | Sport: TABLE_TENNIS, Matches processed: 57
2025-08-25 11:58:02 - unibet - INFO - [SPORT_DATA_EXTRACTED] | Processing matches for SNOOKER (1 groups)
2025-08-25 11:58:02 - unibet - INFO - [SPORT_DATA_EXTRACTED] | Processing matches for TENNIS (4 groups)
2025-08-25 11:58:02 - unibet - INFO - [SPORT_DATA_EXTRACTED] | Processing matches for RUGBY_UNION (1 groups)
2025-08-25 11:58:02 - unibet - INFO - [SPORT_COMPLETED] | Sport: RUGBY_UNION, Matches processed: 7
2025-08-25 11:58:02 - unibet - INFO - [SPORT_DATA_EXTRACTED] | Processing matches for HANDBALL (2 groups)
2025-08-25 11:58:02 - unibet - INFO - [SPORT_DATA_EXTRACTED] | Processing matches for RUGBY_LEAGUE (1 groups)
2025-08-25 11:58:03 - unibet - INFO - [SPORT_COMPLETED] | Sport: SNOOKER, Matches processed: 13
2025-08-25 11:58:03 - unibet - INFO - [SPORT_COMPLETED] | Sport: RUGBY_LEAGUE, Matches processed: 7
2025-08-25 11:58:03 - unibet - INFO - [SPORT_COMPLETED] | Sport: HANDBALL, Matches processed: 16
2025-08-25 11:58:04 - unibet - INFO - [SPORT_COMPLETED] | Sport: AMERICAN_FOOTBALL, Matches processed: 63
2025-08-25 11:58:05 - unibet - INFO - [SPORT_COMPLETED] | Sport: TENNIS, Matches processed: 138
2025-08-25 12:04:17 - unibet - INFO - Logger initialized for unibet scraper
2025-08-25 12:04:17 - unibet - INFO - Log file: scraper_logs/unibet.log
2025-08-25 12:04:17 - unibet - INFO - [INIT] | Initializing Unibet scraper
2025-08-25 12:04:17 - unibet - INFO - [INIT_COMPLETE] | Loaded 259 odds mappings, 293 countries
2025-08-25 12:04:17 - unibet - INFO - [START] | Starting Unibet sports navigation
2025-08-25 12:04:20 - unibet - INFO - [SPORTS_NAVIGATION_PARSED] | Found 36 sports in navigation
2025-08-25 12:04:20 - unibet - INFO - [VALID_SPORTS_FILTERED] | Processing 13 valid sports
2025-08-25 12:04:20 - unibet - INFO - [SPORT_DATA_EXTRACTED] | Processing matches for VOLLEYBALL (2 groups)
2025-08-25 12:04:20 - unibet - INFO - [SPORT_COMPLETED] | Sport: VOLLEYBALL, Matches processed: 21
2025-08-25 12:04:21 - unibet - INFO - [SPORT_DATA_EXTRACTED] | Processing matches for CRICKET (4 groups)
2025-08-25 12:04:21 - unibet - INFO - [SPORT_COMPLETED] | Sport: CRICKET, Matches processed: 4
2025-08-25 12:04:21 - unibet - INFO - [SPORT_DATA_EXTRACTED] | Processing matches for SNOOKER (1 groups)
2025-08-25 12:04:21 - unibet - INFO - [SPORT_DATA_EXTRACTED] | Processing matches for HANDBALL (2 groups)
2025-08-25 12:04:21 - unibet - INFO - [SPORT_COMPLETED] | Sport: SNOOKER, Matches processed: 13
2025-08-25 12:04:21 - unibet - INFO - [SPORT_COMPLETED] | Sport: HANDBALL, Matches processed: 16
2025-08-25 12:04:21 - unibet - INFO - [SPORT_DATA_EXTRACTED] | Processing matches for BASKETBALL (4 groups)
2025-08-25 12:04:21 - unibet - INFO - [SPORT_COMPLETED] | Sport: BASKETBALL, Matches processed: 23
2025-08-25 12:04:21 - unibet - INFO - [SPORT_DATA_EXTRACTED] | Processing matches for TABLE_TENNIS (4 groups)
2025-08-25 12:04:21 - unibet - INFO - [SPORT_COMPLETED] | Sport: TABLE_TENNIS, Matches processed: 52
2025-08-25 12:04:22 - unibet - INFO - [SPORT_DATA_EXTRACTED] | Processing matches for RUGBY_UNION (1 groups)
2025-08-25 12:04:22 - unibet - INFO - [SPORT_DATA_EXTRACTED] | Processing matches for RUGBY_LEAGUE (1 groups)
2025-08-25 12:04:22 - unibet - INFO - [SPORT_COMPLETED] | Sport: RUGBY_LEAGUE, Matches processed: 7
2025-08-25 12:04:22 - unibet - INFO - [SPORT_DATA_EXTRACTED] | Processing matches for BASEBALL (1 groups)
2025-08-25 12:04:22 - unibet - INFO - [SPORT_DATA_EXTRACTED] | Processing matches for BADMINTON (1 groups)
2025-08-25 12:04:22 - unibet - INFO - [SPORT_COMPLETED] | Sport: RUGBY_UNION, Matches processed: 7
2025-08-25 12:04:22 - unibet - INFO - [SPORT_COMPLETED] | Sport: BASEBALL, Matches processed: 13
2025-08-25 12:04:22 - unibet - INFO - [SPORT_COMPLETED] | Sport: BADMINTON, Matches processed: 52
2025-08-25 12:04:22 - unibet - INFO - [SPORT_DATA_EXTRACTED] | Processing matches for AMERICAN_FOOTBALL (2 groups)
2025-08-25 12:04:22 - unibet - INFO - [SPORT_DATA_EXTRACTED] | Processing matches for TENNIS (4 groups)
2025-08-25 12:04:22 - unibet - INFO - [SPORT_COMPLETED] | Sport: AMERICAN_FOOTBALL, Matches processed: 63
2025-08-25 12:04:23 - unibet - INFO - [SPORT_DATA_EXTRACTED] | Processing matches for soccer (39 groups)
2025-08-25 12:04:23 - unibet - INFO - [SPORT_COMPLETED] | Sport: TENNIS, Matches processed: 138
2025-08-25 12:04:23 - unibet - INFO - [SPORT_COMPLETED] | Sport: soccer, Matches processed: 198
2025-08-25 13:14:51 - unibet - INFO - Logger initialized for unibet scraper
2025-08-25 13:14:51 - unibet - INFO - Log file: scraper_logs/unibet.log
2025-08-25 13:14:51 - unibet - INFO - [INIT] | Initializing Unibet scraper
2025-08-25 13:14:51 - unibet - INFO - [INIT_COMPLETE] | Loaded 259 odds mappings, 293 countries
2025-08-25 13:14:52 - unibet - INFO - [START] | Starting Unibet sports navigation
2025-08-25 13:14:55 - unibet - INFO - [SPORTS_NAVIGATION_PARSED] | Found 36 sports in navigation
2025-08-25 13:14:55 - unibet - INFO - [VALID_SPORTS_FILTERED] | Processing 13 valid sports
2025-08-25 13:14:56 - unibet - INFO - [SPORT_DATA_EXTRACTED] | Processing matches for SNOOKER (1 groups)
2025-08-25 13:14:56 - unibet - INFO - [SPORT_COMPLETED] | Sport: SNOOKER, Matches processed: 13
2025-08-25 13:14:56 - unibet - INFO - [SPORT_DATA_EXTRACTED] | Processing matches for BADMINTON (1 groups)
2025-08-25 13:14:57 - unibet - INFO - [SPORT_COMPLETED] | Sport: BADMINTON, Matches processed: 51
2025-08-25 13:14:57 - unibet - INFO - [SPORT_DATA_EXTRACTED] | Processing matches for AMERICAN_FOOTBALL (2 groups)
2025-08-25 13:14:58 - unibet - INFO - [SPORT_DATA_EXTRACTED] | Processing matches for RUGBY_LEAGUE (1 groups)
2025-08-25 13:14:58 - unibet - INFO - [SPORT_DATA_EXTRACTED] | Processing matches for RUGBY_UNION (1 groups)
2025-08-25 13:14:58 - unibet - INFO - [SPORT_DATA_EXTRACTED] | Processing matches for BASEBALL (1 groups)
2025-08-25 13:14:58 - unibet - INFO - [SPORT_DATA_EXTRACTED] | Processing matches for BASKETBALL (4 groups)
2025-08-25 13:14:58 - unibet - INFO - [SPORT_COMPLETED] | Sport: RUGBY_LEAGUE, Matches processed: 7
2025-08-25 13:14:58 - unibet - INFO - [SPORT_COMPLETED] | Sport: RUGBY_UNION, Matches processed: 7
2025-08-25 13:14:58 - unibet - INFO - [SPORT_COMPLETED] | Sport: BASEBALL, Matches processed: 13
2025-08-25 13:14:58 - unibet - INFO - [SPORT_DATA_EXTRACTED] | Processing matches for HANDBALL (2 groups)
2025-08-25 13:14:58 - unibet - INFO - [SPORT_DATA_EXTRACTED] | Processing matches for CRICKET (4 groups)
2025-08-25 13:14:59 - unibet - INFO - [SPORT_COMPLETED] | Sport: CRICKET, Matches processed: 5
2025-08-25 13:14:59 - unibet - INFO - [SPORT_COMPLETED] | Sport: BASKETBALL, Matches processed: 25
2025-08-25 13:14:59 - unibet - INFO - [SPORT_COMPLETED] | Sport: HANDBALL, Matches processed: 16
2025-08-25 13:14:59 - unibet - INFO - [SPORT_DATA_EXTRACTED] | Processing matches for soccer (39 groups)
2025-08-25 13:14:59 - unibet - INFO - [SPORT_DATA_EXTRACTED] | Processing matches for TENNIS (6 groups)
2025-08-25 13:14:59 - unibet - INFO - [SPORT_DATA_EXTRACTED] | Processing matches for VOLLEYBALL (2 groups)
2025-08-25 13:14:59 - unibet - INFO - [SPORT_DATA_EXTRACTED] | Processing matches for TABLE_TENNIS (3 groups)
2025-08-25 13:15:00 - unibet - INFO - [SPORT_COMPLETED] | Sport: AMERICAN_FOOTBALL, Matches processed: 63
2025-08-25 13:15:00 - unibet - INFO - [SPORT_COMPLETED] | Sport: VOLLEYBALL, Matches processed: 21
2025-08-25 13:15:02 - unibet - INFO - [SPORT_COMPLETED] | Sport: TABLE_TENNIS, Matches processed: 66
2025-08-25 13:15:03 - unibet - INFO - [SPORT_COMPLETED] | Sport: TENNIS, Matches processed: 81
2025-08-25 13:15:06 - unibet - INFO - [SPORT_COMPLETED] | Sport: soccer, Matches processed: 198
2025-08-25 14:59:24 - unibet - INFO - Logger initialized for unibet scraper
2025-08-25 14:59:24 - unibet - INFO - Log file: scraper_logs/unibet.log
2025-08-25 14:59:24 - unibet - INFO - [INIT] | Initializing Unibet scraper
2025-08-25 14:59:24 - unibet - INFO - [INIT_COMPLETE] | Loaded 259 odds mappings, 293 countries
2025-08-25 14:59:25 - unibet - INFO - [START] | Starting Unibet sports navigation
2025-08-25 14:59:26 - unibet - INFO - [SPORTS_NAVIGATION_PARSED] | Found 36 sports in navigation
2025-08-25 14:59:26 - unibet - INFO - [VALID_SPORTS_FILTERED] | Processing 13 valid sports
2025-08-25 14:59:27 - unibet - INFO - [SPORT_DATA_EXTRACTED] | Processing matches for BASKETBALL (4 groups)
2025-08-25 14:59:27 - unibet - INFO - [SPORT_COMPLETED] | Sport: BASKETBALL, Matches processed: 29
2025-08-25 14:59:28 - unibet - INFO - [SPORT_DATA_EXTRACTED] | Processing matches for BADMINTON (1 groups)
2025-08-25 14:59:28 - unibet - INFO - [SPORT_DATA_EXTRACTED] | Processing matches for RUGBY_UNION (1 groups)
2025-08-25 14:59:28 - unibet - INFO - [SPORT_DATA_EXTRACTED] | Processing matches for BASEBALL (1 groups)
2025-08-25 14:59:28 - unibet - INFO - [SPORT_COMPLETED] | Sport: RUGBY_UNION, Matches processed: 7
2025-08-25 14:59:28 - unibet - INFO - [SPORT_DATA_EXTRACTED] | Processing matches for RUGBY_LEAGUE (1 groups)
2025-08-25 14:59:28 - unibet - INFO - [SPORT_COMPLETED] | Sport: BASEBALL, Matches processed: 13
2025-08-25 14:59:28 - unibet - INFO - [SPORT_DATA_EXTRACTED] | Processing matches for SNOOKER (1 groups)
2025-08-25 14:59:28 - unibet - INFO - [SPORT_COMPLETED] | Sport: RUGBY_LEAGUE, Matches processed: 8
2025-08-25 14:59:28 - unibet - INFO - [SPORT_COMPLETED] | Sport: BADMINTON, Matches processed: 44
2025-08-25 14:59:28 - unibet - INFO - [SPORT_DATA_EXTRACTED] | Processing matches for TABLE_TENNIS (4 groups)
2025-08-25 14:59:28 - unibet - INFO - [SPORT_COMPLETED] | Sport: SNOOKER, Matches processed: 13
2025-08-25 14:59:28 - unibet - INFO - [SPORT_DATA_EXTRACTED] | Processing matches for AMERICAN_FOOTBALL (2 groups)
2025-08-25 14:59:28 - unibet - INFO - [SPORT_DATA_EXTRACTED] | Processing matches for TENNIS (6 groups)
2025-08-25 14:59:29 - unibet - INFO - [SPORT_DATA_EXTRACTED] | Processing matches for HANDBALL (2 groups)
2025-08-25 14:59:29 - unibet - INFO - [SPORT_DATA_EXTRACTED] | Processing matches for CRICKET (4 groups)
2025-08-25 14:59:29 - unibet - INFO - [SPORT_COMPLETED] | Sport: TABLE_TENNIS, Matches processed: 60
2025-08-25 14:59:29 - unibet - INFO - [SPORT_DATA_EXTRACTED] | Processing matches for VOLLEYBALL (2 groups)
2025-08-25 14:59:29 - unibet - INFO - [SPORT_COMPLETED] | Sport: CRICKET, Matches processed: 11
2025-08-25 14:59:29 - unibet - INFO - [SPORT_COMPLETED] | Sport: HANDBALL, Matches processed: 16
2025-08-25 14:59:30 - unibet - INFO - [SPORT_COMPLETED] | Sport: VOLLEYBALL, Matches processed: 16
2025-08-25 14:59:30 - unibet - INFO - [SPORT_DATA_EXTRACTED] | Processing matches for soccer (41 groups)
2025-08-25 14:59:31 - unibet - INFO - [SPORT_COMPLETED] | Sport: AMERICAN_FOOTBALL, Matches processed: 63
2025-08-25 14:59:31 - unibet - INFO - [SPORT_COMPLETED] | Sport: TENNIS, Matches processed: 77
2025-08-25 14:59:32 - unibet - INFO - [PROGRESS_UPDATE] | Processed 500 matches, Success: 36, Failed: 0
2025-08-25 14:59:32 - unibet - INFO - [PROGRESS_UPDATE] | Processed 500 matches, Success: 37, Failed: 0
2025-08-25 14:59:32 - unibet - INFO - [PROGRESS_UPDATE] | Processed 500 matches, Success: 38, Failed: 0
2025-08-25 14:59:32 - unibet - INFO - [PROGRESS_UPDATE] | Processed 500 matches, Success: 39, Failed: 0
2025-08-25 14:59:32 - unibet - INFO - [PROGRESS_UPDATE] | Processed 500 matches, Success: 40, Failed: 0
2025-08-25 14:59:32 - unibet - INFO - [PROGRESS_UPDATE] | Processed 500 matches, Success: 41, Failed: 0
2025-08-25 14:59:32 - unibet - INFO - [PROGRESS_UPDATE] | Processed 500 matches, Success: 42, Failed: 0
2025-08-25 14:59:32 - unibet - INFO - [PROGRESS_UPDATE] | Processed 500 matches, Success: 43, Failed: 0
2025-08-25 14:59:33 - unibet - INFO - [SPORT_COMPLETED] | Sport: soccer, Matches processed: 200
